Archive member included to satisfy reference by file (symbol)

C:/Program Files (x86)/STM32CubeIDE_1.17.0/STM32CubeIDE/plugins/com.st.stm32cube.ide.mcu.externaltools.gnu-tools-for-stm32.12.3.rel1.win32_1.1.0.202410251130/tools/bin/../lib/gcc/arm-none-eabi/12.3.1/../../../../arm-none-eabi/lib/thumb/v7e-m+fp/hard\libc_nano.a(libc_a-exit.o)
                              C:/Program Files (x86)/STM32CubeIDE_1.17.0/STM32CubeIDE/plugins/com.st.stm32cube.ide.mcu.externaltools.gnu-tools-for-stm32.12.3.rel1.win32_1.1.0.202410251130/tools/bin/../lib/gcc/arm-none-eabi/12.3.1/../../../../arm-none-eabi/lib/thumb/v7e-m+fp/hard/crt0.o (exit)
C:/Program Files (x86)/STM32CubeIDE_1.17.0/STM32CubeIDE/plugins/com.st.stm32cube.ide.mcu.externaltools.gnu-tools-for-stm32.12.3.rel1.win32_1.1.0.202410251130/tools/bin/../lib/gcc/arm-none-eabi/12.3.1/../../../../arm-none-eabi/lib/thumb/v7e-m+fp/hard\libc_nano.a(libc_a-findfp.o)
                              C:/Program Files (x86)/STM32CubeIDE_1.17.0/STM32CubeIDE/plugins/com.st.stm32cube.ide.mcu.externaltools.gnu-tools-for-stm32.12.3.rel1.win32_1.1.0.202410251130/tools/bin/../lib/gcc/arm-none-eabi/12.3.1/../../../../arm-none-eabi/lib/thumb/v7e-m+fp/hard\libc_nano.a(libc_a-exit.o) (__stdio_exit_handler)
C:/Program Files (x86)/STM32CubeIDE_1.17.0/STM32CubeIDE/plugins/com.st.stm32cube.ide.mcu.externaltools.gnu-tools-for-stm32.12.3.rel1.win32_1.1.0.202410251130/tools/bin/../lib/gcc/arm-none-eabi/12.3.1/../../../../arm-none-eabi/lib/thumb/v7e-m+fp/hard\libc_nano.a(libc_a-fwalk.o)
                              C:/Program Files (x86)/STM32CubeIDE_1.17.0/STM32CubeIDE/plugins/com.st.stm32cube.ide.mcu.externaltools.gnu-tools-for-stm32.12.3.rel1.win32_1.1.0.202410251130/tools/bin/../lib/gcc/arm-none-eabi/12.3.1/../../../../arm-none-eabi/lib/thumb/v7e-m+fp/hard\libc_nano.a(libc_a-findfp.o) (_fwalk_sglue)
C:/Program Files (x86)/STM32CubeIDE_1.17.0/STM32CubeIDE/plugins/com.st.stm32cube.ide.mcu.externaltools.gnu-tools-for-stm32.12.3.rel1.win32_1.1.0.202410251130/tools/bin/../lib/gcc/arm-none-eabi/12.3.1/../../../../arm-none-eabi/lib/thumb/v7e-m+fp/hard\libc_nano.a(libc_a-printf.o)
                              ./TOF/App/app_tof.o (printf)
C:/Program Files (x86)/STM32CubeIDE_1.17.0/STM32CubeIDE/plugins/com.st.stm32cube.ide.mcu.externaltools.gnu-tools-for-stm32.12.3.rel1.win32_1.1.0.202410251130/tools/bin/../lib/gcc/arm-none-eabi/12.3.1/../../../../arm-none-eabi/lib/thumb/v7e-m+fp/hard\libc_nano.a(libc_a-putchar.o)
                              ./TOF/App/app_tof.o (putchar)
C:/Program Files (x86)/STM32CubeIDE_1.17.0/STM32CubeIDE/plugins/com.st.stm32cube.ide.mcu.externaltools.gnu-tools-for-stm32.12.3.rel1.win32_1.1.0.202410251130/tools/bin/../lib/gcc/arm-none-eabi/12.3.1/../../../../arm-none-eabi/lib/thumb/v7e-m+fp/hard\libc_nano.a(libc_a-puts.o)
                              ./TOF/App/app_tof.o (puts)
C:/Program Files (x86)/STM32CubeIDE_1.17.0/STM32CubeIDE/plugins/com.st.stm32cube.ide.mcu.externaltools.gnu-tools-for-stm32.12.3.rel1.win32_1.1.0.202410251130/tools/bin/../lib/gcc/arm-none-eabi/12.3.1/../../../../arm-none-eabi/lib/thumb/v7e-m+fp/hard\libc_nano.a(libc_a-stdio.o)
                              C:/Program Files (x86)/STM32CubeIDE_1.17.0/STM32CubeIDE/plugins/com.st.stm32cube.ide.mcu.externaltools.gnu-tools-for-stm32.12.3.rel1.win32_1.1.0.202410251130/tools/bin/../lib/gcc/arm-none-eabi/12.3.1/../../../../arm-none-eabi/lib/thumb/v7e-m+fp/hard\libc_nano.a(libc_a-findfp.o) (__sread)
C:/Program Files (x86)/STM32CubeIDE_1.17.0/STM32CubeIDE/plugins/com.st.stm32cube.ide.mcu.externaltools.gnu-tools-for-stm32.12.3.rel1.win32_1.1.0.202410251130/tools/bin/../lib/gcc/arm-none-eabi/12.3.1/../../../../arm-none-eabi/lib/thumb/v7e-m+fp/hard\libc_nano.a(libc_a-wbuf.o)
                              C:/Program Files (x86)/STM32CubeIDE_1.17.0/STM32CubeIDE/plugins/com.st.stm32cube.ide.mcu.externaltools.gnu-tools-for-stm32.12.3.rel1.win32_1.1.0.202410251130/tools/bin/../lib/gcc/arm-none-eabi/12.3.1/../../../../arm-none-eabi/lib/thumb/v7e-m+fp/hard\libc_nano.a(libc_a-puts.o) (__swbuf_r)
C:/Program Files (x86)/STM32CubeIDE_1.17.0/STM32CubeIDE/plugins/com.st.stm32cube.ide.mcu.externaltools.gnu-tools-for-stm32.12.3.rel1.win32_1.1.0.202410251130/tools/bin/../lib/gcc/arm-none-eabi/12.3.1/../../../../arm-none-eabi/lib/thumb/v7e-m+fp/hard\libc_nano.a(libc_a-wsetup.o)
                              C:/Program Files (x86)/STM32CubeIDE_1.17.0/STM32CubeIDE/plugins/com.st.stm32cube.ide.mcu.externaltools.gnu-tools-for-stm32.12.3.rel1.win32_1.1.0.202410251130/tools/bin/../lib/gcc/arm-none-eabi/12.3.1/../../../../arm-none-eabi/lib/thumb/v7e-m+fp/hard\libc_nano.a(libc_a-puts.o) (__swsetup_r)
C:/Program Files (x86)/STM32CubeIDE_1.17.0/STM32CubeIDE/plugins/com.st.stm32cube.ide.mcu.externaltools.gnu-tools-for-stm32.12.3.rel1.win32_1.1.0.202410251130/tools/bin/../lib/gcc/arm-none-eabi/12.3.1/../../../../arm-none-eabi/lib/thumb/v7e-m+fp/hard\libc_nano.a(libc_a-memset.o)
[...]
Memory Configuration

Name             Origin             Length             Attributes
RAM              0x20000000         0x0001c000         xrw
FLASH            0x08000000         0x00080000         xr
*default*        0x00000000         0xffffffff

Linker script and memory map

LOAD C:/Program Files (x86)/STM32CubeIDE_1.17.0/STM32CubeIDE/plugins/com.st.stm32cube.ide.mcu.externaltools.gnu-tools-for-stm32.12.3.rel1.win32_1.1.0.202410251130/tools/bin/../lib/gcc/arm-none-eabi/12.3.1/thumb/v7e-m+fp/hard/crti.o
LOAD C:/Program Files (x86)/STM32CubeIDE_1.17.0/STM32CubeIDE/plugins/com.st.stm32cube.ide.mcu.externaltools.gnu-tools-for-stm32.12.3.rel1.win32_1.1.0.202410251130/tools/bin/../lib/gcc/arm-none-eabi/12.3.1/thumb/v7e-m+fp/hard/crtbegin.o
LOAD C:/Program Files (x86)/STM32CubeIDE_1.17.0/STM32CubeIDE/plugins/com.st.stm32cube.ide.mcu.externaltools.gnu-tools-for-stm32.12.3.rel1.win32_1.1.0.202410251130/tools/bin/../lib/gcc/arm-none-eabi/12.3.1/../../../../arm-none-eabi/lib/thumb/v7e-m+fp/hard/crt0.o
LOAD ./Core/Src/main.o
LOAD ./Core/Src/stm32g4xx_hal_msp.o
LOAD ./Core/Src/stm32g4xx_it.o
LOAD ./Core/Src/stm32g4xx_nucleo_bus.o
LOAD ./Core/Src/syscalls.o
LOAD ./Core/Src/sysmem.o
LOAD ./Core/Src/system_stm32g4xx.o
LOAD ./Core/Startup/startup_stm32g491retx.o
LOAD ./Drivers/BSP/53L8A1/53l8a1_ranging_sensor.o
LOAD ./Drivers/BSP/Components/vl53l8cx/modules/vl53l8cx_api.o
LOAD ./Drivers/BSP/Components/vl53l8cx/modules/vl53l8cx_plugin_detection_thresholds.o
LOAD ./Drivers/BSP/Components/vl53l8cx/modules/vl53l8cx_plugin_motion_indicator.o
LOAD ./Drivers/BSP/Components/vl53l8cx/modules/vl53l8cx_plugin_xtalk.o
LOAD ./Drivers/BSP/Components/vl53l8cx/porting/platform.o
LOAD ./Drivers/BSP/Components/vl53l8cx/vl53l8cx.o
LOAD ./Drivers/BSP/STM32G4xx_Nucleo/stm32g4xx_nucleo.o
LOAD ./Drivers/STM32G4xx_HAL_Driver/Src/stm32g4xx_hal.o
LOAD ./Drivers/STM32G4xx_HAL_Driver/Src/stm32g4xx_hal_cortex.o
LOAD ./Drivers/STM32G4xx_HAL_Driver/Src/stm32g4xx_hal_dma.o
LOAD ./Drivers/STM32G4xx_HAL_Driver/Src/stm32g4xx_hal_dma_ex.o
LOAD ./Drivers/STM32G4xx_HAL_Driver/Src/stm32g4xx_hal_exti.o
LOAD ./Drivers/STM32G4xx_HAL_Driver/Src/stm32g4xx_hal_flash.o
LOAD ./Drivers/STM32G4xx_HAL_Driver/Src/stm32g4xx_hal_flash_ex.o
LOAD ./Drivers/STM32G4xx_HAL_Driver/Src/stm32g4xx_hal_flash_ramfunc.o
LOAD ./Drivers/STM32G4xx_HAL_Driver/Src/stm32g4xx_hal_gpio.o
LOAD ./Drivers/STM32G4xx_HAL_Driver/Src/stm32g4xx_hal_i2c.o
LOAD ./Drivers/STM32G4xx_HAL_Driver/Src/stm32g4xx_hal_i2c_ex.o
LOAD ./Drivers/STM32G4xx_HAL_Driver/Src/stm32g4xx_hal_pwr.o
LOAD ./Drivers/STM32G4xx_HAL_Driver/Src/stm32g4xx_hal_pwr_ex.o
LOAD ./Drivers/STM32G4xx_HAL_Driver/Src/stm32g4xx_hal_rcc.o
LOAD ./Drivers/STM32G4xx_HAL_Driver/Src/stm32g4xx_hal_rcc_ex.o
LOAD ./Drivers/STM32G4xx_HAL_Driver/Src/stm32g4xx_hal_uart.o
LOAD ./Drivers/STM32G4xx_HAL_Driver/Src/stm32g4xx_hal_uart_ex.o
LOAD ./Drivers/STM32G4xx_HAL_Driver/Src/stm32g4xx_hal_usart.o
LOAD ./Drivers/STM32G4xx_HAL_Driver/Src/stm32g4xx_hal_usart_ex.o
LOAD ./TOF/App/app_tof.o
LOAD ./TOF/Target/app_tof_pin_conf.o
START GROUP
LOAD C:/Program Files (x86)/STM32CubeIDE_1.17.0/STM32CubeIDE/plugins/com.st.stm32cube.ide.mcu.externaltools.gnu-tools-for-stm32.12.3.rel1.win32_1.1.0.202410251130/tools/bin/../lib/gcc/arm-none-eabi/12.3.1/../../../../arm-none-eabi/lib/thumb/v7e-m+fp/hard\libc_nano.a
LOAD C:/Program Files (x86)/STM32CubeIDE_1.17.0/STM32CubeIDE/plugins/com.st.stm32cube.ide.mcu.externaltools.gnu-tools-for-stm32.12.3.rel1.win32_1.1.0.202410251130/tools/bin/../lib/gcc/arm-none-eabi/12.3.1/../../../../arm-none-eabi/lib/thumb/v7e-m+fp/hard\libm.a
END GROUP
START GROUP
LOAD C:/Program Files (x86)/STM32CubeIDE_1.17.0/STM32CubeIDE/plugins/com.st.stm32cube.ide.mcu.externaltools.gnu-tools-for-stm32.12.3.rel1.win32_1.1.0.202410251130/tools/bin/../lib/gcc/arm-none-eabi/12.3.1/thumb/v7e-m+fp/hard\libgcc.a
LOAD C:/Program Files (x86)/STM32CubeIDE_1.17.0/STM32CubeIDE/plugins/com.st.stm32cube.ide.mcu.externaltools.gnu-tools-for-stm32.12.3.rel1.win32_1.1.0.202410251130/tools/bin/../lib/gcc/arm-none-eabi/12.3.1/../../../../arm-none-eabi/lib/thumb/v7e-m+fp/hard\libc_nano.a
END GROUP
START GROUP
LOAD C:/Program Files (x86)/STM32CubeIDE_1.17.0/STM32CubeIDE/plugins/com.st.stm32cube.ide.mcu.externaltools.gnu-tools-for-stm32.12.3.rel1.win32_1.1.0.202410251130/tools/bin/../lib/gcc/arm-none-eabi/12.3.1/thumb/v7e-m+fp/hard\libgcc.a
LOAD C:/Program Files (x86)/STM32CubeIDE_1.17.0/STM32CubeIDE/plugins/com.st.stm32cube.ide.mcu.externaltools.gnu-tools-for-stm32.12.3.rel1.win32_1.1.0.202410251130/tools/bin/../lib/gcc/arm-none-eabi/12.3.1/../../../../arm-none-eabi/lib/thumb/v7e-m+fp/hard\libc_nano.a
LOAD C:/Program Files (x86)/STM32CubeIDE_1.17.0/STM32CubeIDE/plugins/com.st.stm32cube.ide.mcu.externaltools.gnu-tools-for-stm32.12.3.rel1.win32_1.1.0.202410251130/tools/bin/../lib/gcc/arm-none-eabi/12.3.1/../../../../arm-none-eabi/lib/thumb/v7e-m+fp/hard\libnosys.a
END GROUP
START GROUP
LOAD C:/Program Files (x86)/STM32CubeIDE_1.17.0/STM32CubeIDE/plugins/com.st.stm32cube.ide.mcu.externaltools.gnu-tools-for-stm32.12.3.rel1.win32_1.1.0.202410251130/tools/bin/../lib/gcc/arm-none-eabi/12.3.1/thumb/v7e-m+fp/hard\libgcc.a
LOAD C:/Program Files (x86)/STM32CubeIDE_1.17.0/STM32CubeIDE/plugins/com.st.stm32cube.ide.mcu.externaltools.gnu-tools-for-stm32.12.3.rel1.win32_1.1.0.202410251130/tools/bin/../lib/gcc/arm-none-eabi/12.3.1/../../../../arm-none-eabi/lib/thumb/v7e-m+fp/hard\libc_nano.a
LOAD C:/Program Files (x86)/STM32CubeIDE_1.17.0/STM32CubeIDE/plugins/com.st.stm32cube.ide.mcu.externaltools.gnu-tools-for-stm32.12.3.rel1.win32_1.1.0.202410251130/tools/bin/../lib/gcc/arm-none-eabi/12.3.1/../../../../arm-none-eabi/lib/thumb/v7e-m+fp/hard\libnosys.a
END GROUP
LOAD C:/Program Files (x86)/STM32CubeIDE_1.17.0/STM32CubeIDE/plugins/com.st.stm32cube.ide.mcu.externaltools.gnu-tools-for-stm32.12.3.rel1.win32_1.1.0.202410251130/tools/bin/../lib/gcc/arm-none-eabi/12.3.1/thumb/v7e-m+fp/hard/crtend.o
LOAD C:/Program Files (x86)/STM32CubeIDE_1.17.0/STM32CubeIDE/plugins/com.st.stm32cube.ide.mcu.externaltools.gnu-tools-for-stm32.12.3.rel1.win32_1.1.0.202410251130/tools/bin/../lib/gcc/arm-none-eabi/12.3.1/thumb/v7e-m+fp/hard/crtn.o
                0x2001c000                        _estack = (ORIGIN (RAM) + LENGTH (RAM))
                0x00000200                        _Min_Heap_Size = 0x200
                0x00000400                        _Min_Stack_Size = 0x400

.isr_vector     0x08000000      0x1d8
                0x08000000                        . = ALIGN (0x4)
 *(.isr_vector)
 .isr_vector    0x08000000      0x1d8 ./Core/Startup/startup_stm32g491retx.o
                0x08000000                g_pfnVectors
                0x080001d8                        . = ALIGN (0x4)

.text           0x080001e0     0x8c7c
                0x080001e0                        . = ALIGN (0x4)
 *(.text)
 .text          0x080001e0       0x40 C:/Program Files (x86)/STM32CubeIDE_1.17.0/STM32CubeIDE/plugins/com.st.stm32cube.ide.mcu.externaltools.gnu-tools-for-stm32.12.3.rel1.win32_1.1.0.202410251130/tools/bin/../lib/gcc/arm-none-eabi/12.3.1/thumb/v7e-m+fp/hard/crtbegin.o
 .text          0x08000220       0xa0 C:/Program Files (x86)/STM32CubeIDE_1.17.0/STM32CubeIDE/plugins/com.st.stm32cube.ide.mcu.externaltools.gnu-tools-for-stm32.12.3.rel1.win32_1.1.0.202410251130/tools/bin/../lib/gcc/arm-none-eabi/12.3.1/../../../../arm-none-eabi/lib/thumb/v7e-m+fp/hard\libc_nano.a(libc_a-memchr.o)
                0x08000220                memchr
 .text          0x080002c0       0x30 C:/Program Files (x86)/STM32CubeIDE_1.17.0/STM32CubeIDE/plugins/com.st.stm32cube.ide.mcu.externaltools.gnu-tools-for-stm32.12.3.rel1.win32_1.1.0.202410251130/tools/bin/../lib/gcc/arm-none-eabi/12.3.1/thumb/v7e-m+fp/hard\libgcc.a(_aeabi_uldivmod.o)
                0x080002c0                __aeabi_uldivmod
 .text          0x080002f0      0x2bc C:/Program Files (x86)/STM32CubeIDE_1.17.0/STM32CubeIDE/plugins/com.st.stm32cube.ide.mcu.externaltools.gnu-tools-for-stm32.12.3.rel1.win32_1.1.0.202410251130/tools/bin/../lib/gcc/arm-none-eabi/12.3.1/thumb/v7e-m+fp/hard\libgcc.a(_udivmoddi4.o)
                0x080002f0                __udivmoddi4
 .text          0x080005ac        0x4 C:/Program Files (x86)/STM32CubeIDE_1.17.0/STM32CubeIDE/plugins/com.st.stm32cube.ide.mcu.externaltools.gnu-tools-for-stm32.12.3.rel1.win32_1.1.0.202410251130/tools/bin/../lib/gcc/arm-none-eabi/12.3.1/thumb/v7e-m+fp/hard\libgcc.a(_dvmd_tls.o)
                0x080005ac                __aeabi_idiv0
                0x080005ac                __aeabi_ldiv0
 *(.text*)
 .text.main     0x080005b0       0x60 ./Core/Src/main.o
                0x080005b0                main
 .text.SystemClock_Config
                0x08000610       0x96 ./Core/Src/main.o
                0x08000610                SystemClock_Config
 *fill*         0x080006a6        0x2 
 .text.MX_GPIO_Init
                0x080006a8      0x154 ./Core/Src/main.o
 .text.Error_Handler
                0x080007fc        0xc ./Core/Src/main.o
                0x080007fc                Error_Handler
 .text.HAL_MspInit
                0x08000808       0x48 ./Core/Src/stm32g4xx_hal_msp.o
                0x08000808                HAL_MspInit
 .text.NMI_Handler
                0x08000850        0x8 ./Core/Src/stm32g4xx_it.o
                0x08000850                NMI_Handler
 .text.HardFault_Handler
                0x08000858        0x8 ./Core/Src/stm32g4xx_it.o
                0x08000858                HardFault_Handler
 .text.MemManage_Handler
                0x08000860        0x8 ./Core/Src/stm32g4xx_it.o
                0x08000860                MemManage_Handler
 .text.BusFault_Handler
                0x08000868        0x8 ./Core/Src/stm32g4xx_it.o
                0x08000868                BusFault_Handler
 .text.UsageFault_Handler
                0x08000870        0x8 ./Core/Src/stm32g4xx_it.o
                0x08000870                UsageFault_Handler
 .text.SVC_Handler
                0x08000878        0xe ./Core/Src/stm32g4xx_it.o
                0x08000878                SVC_Handler
 .text.DebugMon_Handler
                0x08000886        0xe ./Core/Src/stm32g4xx_it.o
                0x08000886                DebugMon_Handler
 .text.PendSV_Handler
                0x08000894        0xe ./Core/Src/stm32g4xx_it.o
                0x08000894                PendSV_Handler
 .text.SysTick_Handler
                0x080008a2        0xc ./Core/Src/stm32g4xx_it.o
                0x080008a2                SysTick_Handler
 .text.EXTI4_IRQHandler
                0x080008ae        0xe ./Core/Src/stm32g4xx_it.o
                0x080008ae                EXTI4_IRQHandler
 .text.EXTI15_10_IRQHandler
                0x080008bc       0x10 ./Core/Src/stm32g4xx_it.o
                0x080008bc                EXTI15_10_IRQHandler
 .text.BSP_I2C1_Init
                0x080008cc       0x7c ./Core/Src/stm32g4xx_nucleo_bus.o
                0x080008cc                BSP_I2C1_Init
 .text.BSP_I2C1_DeInit
                0x08000948       0x50 ./Core/Src/stm32g4xx_nucleo_bus.o
                0x08000948                BSP_I2C1_DeInit
 .text.BSP_I2C1_WriteReg16
                0x08000998       0x64 ./Core/Src/stm32g4xx_nucleo_bus.o
                0x08000998                BSP_I2C1_WriteReg16
 .text.BSP_I2C1_ReadReg16
                0x080009fc       0x64 ./Core/Src/stm32g4xx_nucleo_bus.o
                0x080009fc                BSP_I2C1_ReadReg16
 .text.BSP_GetTick
                0x08000a60        0xe ./Core/Src/stm32g4xx_nucleo_bus.o
                0x08000a60                BSP_GetTick
 *fill*         0x08000a6e        0x2 
 .text.MX_I2C1_Init
                0x08000a70       0x88 ./Core/Src/stm32g4xx_nucleo_bus.o
                0x08000a70                MX_I2C1_Init
 .text.I2C1_MspInit
                0x08000af8       0xac ./Core/Src/stm32g4xx_nucleo_bus.o
 .text.I2C1_MspDeInit
                0x08000ba4       0x38 ./Core/Src/stm32g4xx_nucleo_bus.o
 .text._read    0x08000bdc       0x3a ./Core/Src/syscalls.o
                0x08000bdc                _read
 .text._write   0x08000c16       0x38 ./Core/Src/syscalls.o
                0x08000c16                _write
 .text._close   0x08000c4e       0x18 ./Core/Src/syscalls.o
                0x08000c4e                _close
 .text._fstat   0x08000c66       0x20 ./Core/Src/syscalls.o
                0x08000c66                _fstat
 .text._isatty  0x08000c86       0x16 ./Core/Src/syscalls.o
                0x08000c86                _isatty
 .text._lseek   0x08000c9c       0x1a ./Core/Src/syscalls.o
                0x08000c9c                _lseek
 *fill*         0x08000cb6        0x2 
 .text._sbrk    0x08000cb8       0x6c ./Core/Src/sysmem.o
                0x08000cb8                _sbrk
 .text.SystemInit
                0x08000d24       0x24 ./Core/Src/system_stm32g4xx.o
                0x08000d24                SystemInit
 .text.Reset_Handler
                0x08000d48       0x50 ./Core/Startup/startup_stm32g491retx.o
                0x08000d48                Reset_Handler
 .text.Default_Handler
                0x08000d98        0x2 ./Core/Startup/startup_stm32g491retx.o
                0x08000d98                RTC_Alarm_IRQHandler
                0x08000d98                EXTI2_IRQHandler
                0x08000d98                TIM8_TRG_COM_IRQHandler
                0x08000d98                TIM8_CC_IRQHandler
                0x08000d98                TIM1_CC_IRQHandler
                0x08000d98                USB_HP_IRQHandler
                0x08000d98                CORDIC_IRQHandler
                0x08000d98                DMA2_Channel8_IRQHandler
                0x08000d98                EXTI3_IRQHandler
                0x08000d98                I2C3_ER_IRQHandler
                0x08000d98                EXTI0_IRQHandler
                0x08000d98                I2C2_EV_IRQHandler
                0x08000d98                FPU_IRQHandler
                0x08000d98                FDCAN1_IT1_IRQHandler
                0x08000d98                TIM1_UP_TIM16_IRQHandler
                0x08000d98                ADC1_2_IRQHandler
                0x08000d98                SPI1_IRQHandler
                0x08000d98                TIM6_DAC_IRQHandler
                0x08000d98                TIM8_UP_IRQHandler
                0x08000d98                DMA2_Channel2_IRQHandler
                0x08000d98                DMA1_Channel4_IRQHandler
                0x08000d98                TIM20_TRG_COM_IRQHandler
                0x08000d98                USART3_IRQHandler
                0x08000d98                DMA1_Channel7_IRQHandler
                0x08000d98                UART5_IRQHandler
                0x08000d98                ADC3_IRQHandler
                0x08000d98                TIM4_IRQHandler
                0x08000d98                DMA2_Channel1_IRQHandler
                0x08000d98                QUADSPI_IRQHandler
                0x08000d98                I2C1_EV_IRQHandler
                0x08000d98                DMA1_Channel6_IRQHandler
                0x08000d98                UART4_IRQHandler
                0x08000d98                DMA2_Channel4_IRQHandler
                0x08000d98                TIM3_IRQHandler
                0x08000d98                RCC_IRQHandler
                0x08000d98                TIM20_UP_IRQHandler
                0x08000d98                DMA1_Channel1_IRQHandler
                0x08000d98                Default_Handler
                0x08000d98                DMA2_Channel7_IRQHandler
                0x08000d98                RTC_TAMP_LSECSS_IRQHandler
                0x08000d98                FMAC_IRQHandler
                0x08000d98                DMA1_Channel8_IRQHandler
                0x08000d98                TIM7_IRQHandler
                0x08000d98                UCPD1_IRQHandler
                0x08000d98                I2C3_EV_IRQHandler
                0x08000d98                EXTI9_5_IRQHandler
                0x08000d98                RTC_WKUP_IRQHandler
                0x08000d98                PVD_PVM_IRQHandler
                0x08000d98                SPI2_IRQHandler
                0x08000d98                DMA2_Channel5_IRQHandler
                0x08000d98                CRS_IRQHandler
                0x08000d98                DMA1_Channel5_IRQHandler
                0x08000d98                USB_LP_IRQHandler
                0x08000d98                RNG_IRQHandler
                0x08000d98                TIM1_TRG_COM_TIM17_IRQHandler
                0x08000d98                FDCAN2_IT1_IRQHandler
                0x08000d98                DMA1_Channel3_IRQHandler
                0x08000d98                WWDG_IRQHandler
                0x08000d98                FDCAN2_IT0_IRQHandler
                0x08000d98                LPUART1_IRQHandler
                0x08000d98                DMA2_Channel6_IRQHandler
                0x08000d98                FDCAN1_IT0_IRQHandler
                0x08000d98                TIM2_IRQHandler
                0x08000d98                COMP1_2_3_IRQHandler
                0x08000d98                EXTI1_IRQHandler
                0x08000d98                USART2_IRQHandler
                0x08000d98                TIM20_BRK_IRQHandler
                0x08000d98                I2C2_ER_IRQHandler
                0x08000d98                DMA1_Channel2_IRQHandler
                0x08000d98                TIM8_BRK_IRQHandler
                0x08000d98                FLASH_IRQHandler
                0x08000d98                TIM20_CC_IRQHandler
                0x08000d98                USART1_IRQHandler
                0x08000d98                SPI3_IRQHandler
                0x08000d98                I2C1_ER_IRQHandler
                0x08000d98                LPTIM1_IRQHandler
                0x08000d98                DMAMUX_OVR_IRQHandler
                0x08000d98                USBWakeUp_IRQHandler
                0x08000d98                SAI1_IRQHandler
                0x08000d98                DMA2_Channel3_IRQHandler
                0x08000d98                COMP4_IRQHandler
                0x08000d98                TIM1_BRK_TIM15_IRQHandler
 .text.VL53L8A1_RANGING_SENSOR_Init
                0x08000d9a       0x28 ./Drivers/BSP/53L8A1/53l8a1_ranging_sensor.o
                0x08000d9a                VL53L8A1_RANGING_SENSOR_Init
 *fill*         0x08000dc2        0x2 
 .text.VL53L8A1_RANGING_SENSOR_ReadID
                0x08000dc4       0x50 ./Drivers/BSP/53L8A1/53l8a1_ranging_sensor.o
                0x08000dc4                VL53L8A1_RANGING_SENSOR_ReadID
 .text.VL53L8A1_RANGING_SENSOR_GetCapabilities
                0x08000e14       0x50 ./Drivers/BSP/53L8A1/53l8a1_ranging_sensor.o
                0x08000e14                VL53L8A1_RANGING_SENSOR_GetCapabilities
 .text.VL53L8A1_RANGING_SENSOR_ConfigProfile
                0x08000e64       0x50 ./Drivers/BSP/53L8A1/53l8a1_ranging_sensor.o
                0x08000e64                VL53L8A1_RANGING_SENSOR_ConfigProfile
 .text.VL53L8A1_RANGING_SENSOR_GetDistance
                0x08000eb4       0x50 ./Drivers/BSP/53L8A1/53l8a1_ranging_sensor.o
                0x08000eb4                VL53L8A1_RANGING_SENSOR_GetDistance
 .text.VL53L8A1_RANGING_SENSOR_Start
                0x08000f04       0x50 ./Drivers/BSP/53L8A1/53l8a1_ranging_sensor.o
                0x08000f04                VL53L8A1_RANGING_SENSOR_Start
 .text.VL53L8A1_RANGING_SENSOR_Stop
                0x08000f54       0x4c ./Drivers/BSP/53L8A1/53l8a1_ranging_sensor.o
                0x08000f54                VL53L8A1_RANGING_SENSOR_Stop
 .text.VL53L8CX_Probe
                0x08000fa0      0x118 ./Drivers/BSP/53L8A1/53l8a1_ranging_sensor.o
 .text._vl53l8cx_poll_for_answer
                0x080010b8       0xa0 ./Drivers/BSP/Components/vl53l8cx/modules/vl53l8cx_api.o
 .text._vl53l8cx_poll_for_mcu_boot
                0x08001158       0x86 ./Drivers/BSP/Components/vl53l8cx/modules/vl53l8cx_api.o
 *fill*         0x080011de        0x2 
 .text._vl53l8cx_send_offset_data
                0x080011e0      0x398 ./Drivers/BSP/Components/vl53l8cx/modules/vl53l8cx_api.o
 .text._vl53l8cx_send_xtalk_data
                0x08001578      0x298 ./Drivers/BSP/Components/vl53l8cx/modules/vl53l8cx_api.o
 .text.vl53l8cx_init
                0x08001810      0x858 ./Drivers/BSP/Components/vl53l8cx/modules/vl53l8cx_api.o
                0x08001810                vl53l8cx_init
 .text.vl53l8cx_set_i2c_address
                0x08002068       0x6c ./Drivers/BSP/Components/vl53l8cx/modules/vl53l8cx_api.o
                0x08002068                vl53l8cx_set_i2c_address
 .text.vl53l8cx_get_power_mode
                0x080020d4       0xac ./Drivers/BSP/Components/vl53l8cx/modules/vl53l8cx_api.o
                0x080020d4                vl53l8cx_get_power_mode
 .text.vl53l8cx_set_power_mode
                0x08002180      0x1ba ./Drivers/BSP/Components/vl53l8cx/modules/vl53l8cx_api.o
                0x08002180                vl53l8cx_set_power_mode
 *fill*         0x0800233a        0x2 
 .text.vl53l8cx_start_ranging
                0x0800233c      0x32c ./Drivers/BSP/Components/vl53l8cx/modules/vl53l8cx_api.o
                0x0800233c                vl53l8cx_start_ranging
 .text.vl53l8cx_stop_ranging
                0x08002668      0x1a0 ./Drivers/BSP/Components/vl53l8cx/modules/vl53l8cx_api.o
                0x08002668                vl53l8cx_stop_ranging
 .text.vl53l8cx_check_data_ready
                0x08002808       0xa0 ./Drivers/BSP/Components/vl53l8cx/modules/vl53l8cx_api.o
                0x08002808                vl53l8cx_check_data_ready
 .text.vl53l8cx_get_ranging_data
                0x080028a8      0x410 ./Drivers/BSP/Components/vl53l8cx/modules/vl53l8cx_api.o
                0x080028a8                vl53l8cx_get_ranging_data
 .text.vl53l8cx_get_resolution
                0x08002cb8       0x4a ./Drivers/BSP/Components/vl53l8cx/modules/vl53l8cx_api.o
                0x08002cb8                vl53l8cx_get_resolution
 .text.vl53l8cx_set_resolution
                0x08002d02      0x1a8 ./Drivers/BSP/Components/vl53l8cx/modules/vl53l8cx_api.o
                0x08002d02                vl53l8cx_set_resolution
 .text.vl53l8cx_set_ranging_frequency_hz
                0x08002eaa       0x42 ./Drivers/BSP/Components/vl53l8cx/modules/vl53l8cx_api.o
                0x08002eaa                vl53l8cx_set_ranging_frequency_hz
 .text.vl53l8cx_set_integration_time_ms
                0x08002eec       0x6a ./Drivers/BSP/Components/vl53l8cx/modules/vl53l8cx_api.o
                0x08002eec                vl53l8cx_set_integration_time_ms
 .text.vl53l8cx_set_ranging_mode
                0x08002f56       0xae ./Drivers/BSP/Components/vl53l8cx/modules/vl53l8cx_api.o
                0x08002f56                vl53l8cx_set_ranging_mode
 .text.vl53l8cx_dci_read_data
                0x08003004      0x114 ./Drivers/BSP/Components/vl53l8cx/modules/vl53l8cx_api.o
                0x08003004                vl53l8cx_dci_read_data
 .text.vl53l8cx_dci_write_data
                0x08003118      0x13c ./Drivers/BSP/Components/vl53l8cx/modules/vl53l8cx_api.o
                0x08003118                vl53l8cx_dci_write_data
 .text.vl53l8cx_dci_replace_data
                0x08003254       0x58 ./Drivers/BSP/Components/vl53l8cx/modules/vl53l8cx_api.o
                0x08003254                vl53l8cx_dci_replace_data
 .text.vl53l8cx_set_detection_thresholds_enable
                0x080032ac       0x8c ./Drivers/BSP/Components/vl53l8cx/modules/vl53l8cx_plugin_detection_thresholds.o
                0x080032ac                vl53l8cx_set_detection_thresholds_enable
 .text.vl53l8cx_set_detection_thresholds
                0x08003338      0x2b0 ./Drivers/BSP/Components/vl53l8cx/modules/vl53l8cx_plugin_detection_thresholds.o
                0x08003338                vl53l8cx_set_detection_thresholds
 .text.VL53L8CX_RdByte
                0x080035e8       0x2a ./Drivers/BSP/Components/vl53l8cx/porting/platform.o
                0x080035e8                VL53L8CX_RdByte
 .text.VL53L8CX_WrByte
                0x08003612       0x2c ./Drivers/BSP/Components/vl53l8cx/porting/platform.o
                0x08003612                VL53L8CX_WrByte
 .text.VL53L8CX_WrMulti
                0x0800363e       0x2e ./Drivers/BSP/Components/vl53l8cx/porting/platform.o
                0x0800363e                VL53L8CX_WrMulti
 .text.VL53L8CX_RdMulti
                0x0800366c       0x2e ./Drivers/BSP/Components/vl53l8cx/porting/platform.o
                0x0800366c                VL53L8CX_RdMulti
 .text.VL53L8CX_SwapBuffer
                0x0800369a       0x6c ./Drivers/BSP/Components/vl53l8cx/porting/platform.o
                0x0800369a                VL53L8CX_SwapBuffer
 .text.VL53L8CX_WaitMs
                0x08003706       0x34 ./Drivers/BSP/Components/vl53l8cx/porting/platform.o
                0x08003706                VL53L8CX_WaitMs
 .text.VL53L8CX_RegisterBusIO
                0x0800373a       0x90 ./Drivers/BSP/Components/vl53l8cx/vl53l8cx.o
                0x0800373a                VL53L8CX_RegisterBusIO
 .text.VL53L8CX_Init
                0x080037ca       0x7e ./Drivers/BSP/Components/vl53l8cx/vl53l8cx.o
                0x080037ca                VL53L8CX_Init
 .text.VL53L8CX_DeInit
                0x08003848       0x52 ./Drivers/BSP/Components/vl53l8cx/vl53l8cx.o
                0x08003848                VL53L8CX_DeInit
 .text.VL53L8CX_ReadID
                0x0800389a       0xc0 ./Drivers/BSP/Components/vl53l8cx/vl53l8cx.o
                0x0800389a                VL53L8CX_ReadID
 .text.VL53L8CX_GetCapabilities
                0x0800395a       0x48 ./Drivers/BSP/Components/vl53l8cx/vl53l8cx.o
                0x0800395a                VL53L8CX_GetCapabilities
 *fill*         0x080039a2        0x2 
 .text.VL53L8CX_ConfigProfile
                0x080039a4      0x13c ./Drivers/BSP/Components/vl53l8cx/vl53l8cx.o
                0x080039a4                VL53L8CX_ConfigProfile
 .text.VL53L8CX_ConfigROI
                0x08003ae0       0x1a ./Drivers/BSP/Components/vl53l8cx/vl53l8cx.o
                0x08003ae0                VL53L8CX_ConfigROI
 *fill*         0x08003afa        0x2 
 .text.VL53L8CX_ConfigIT
                0x08003afc      0x170 ./Drivers/BSP/Components/vl53l8cx/vl53l8cx.o
                0x08003afc                VL53L8CX_ConfigIT
 .text.VL53L8CX_GetDistance
                0x08003c6c       0x74 ./Drivers/BSP/Components/vl53l8cx/vl53l8cx.o
                0x08003c6c                VL53L8CX_GetDistance
 .text.VL53L8CX_Start
                0x08003ce0       0xbc ./Drivers/BSP/Components/vl53l8cx/vl53l8cx.o
                0x08003ce0                VL53L8CX_Start
 .text.VL53L8CX_Stop
                0x08003d9c       0x56 ./Drivers/BSP/Components/vl53l8cx/vl53l8cx.o
                0x08003d9c                VL53L8CX_Stop
 .text.VL53L8CX_SetAddress
                0x08003df2       0x4e ./Drivers/BSP/Components/vl53l8cx/vl53l8cx.o
                0x08003df2                VL53L8CX_SetAddress
 .text.VL53L8CX_GetAddress
                0x08003e40       0x3a ./Drivers/BSP/Components/vl53l8cx/vl53l8cx.o
                0x08003e40                VL53L8CX_GetAddress
 .text.VL53L8CX_SetPowerMode
                0x08003e7a       0x58 ./Drivers/BSP/Components/vl53l8cx/vl53l8cx.o
                0x08003e7a                VL53L8CX_SetPowerMode
 .text.VL53L8CX_GetPowerMode
                0x08003ed2       0x58 ./Drivers/BSP/Components/vl53l8cx/vl53l8cx.o
                0x08003ed2                VL53L8CX_GetPowerMode
 .text.vl53l8cx_poll_for_measurement
                0x08003f2a       0x66 ./Drivers/BSP/Components/vl53l8cx/vl53l8cx.o
 .text.vl53l8cx_get_result
                0x08003f90      0x1cc ./Drivers/BSP/Components/vl53l8cx/vl53l8cx.o
 .text.vl53l8cx_map_target_status
                0x0800415c       0x3a ./Drivers/BSP/Components/vl53l8cx/vl53l8cx.o
 *fill*         0x08004196        0x2 
 .text.BSP_LED_Init
                0x08004198       0x6c ./Drivers/BSP/STM32G4xx_Nucleo/stm32g4xx_nucleo.o
                0x08004198                BSP_LED_Init
 .text.BSP_PB_Init
                0x08004204       0xdc ./Drivers/BSP/STM32G4xx_Nucleo/stm32g4xx_nucleo.o
                0x08004204                BSP_PB_Init
 .text.BSP_COM_Init
                0x080042e0       0x60 ./Drivers/BSP/STM32G4xx_Nucleo/stm32g4xx_nucleo.o
                0x080042e0                BSP_COM_Init
 .text.MX_LPUART1_Init
                0x08004340       0x64 ./Drivers/BSP/STM32G4xx_Nucleo/stm32g4xx_nucleo.o
                0x08004340                MX_LPUART1_Init
 .text.__io_putchar
                0x080043a4       0x38 ./Drivers/BSP/STM32G4xx_Nucleo/stm32g4xx_nucleo.o
                0x080043a4                __io_putchar
 .text.BUTTON_USER_EXTI_Callback
                0x080043dc        0xe ./Drivers/BSP/STM32G4xx_Nucleo/stm32g4xx_nucleo.o
 *fill*         0x080043ea        0x2 
 .text.COM1_MspInit
                0x080043ec       0x98 ./Drivers/BSP/STM32G4xx_Nucleo/stm32g4xx_nucleo.o
 .text.HAL_Init
                0x08004484       0x30 ./Drivers/STM32G4xx_HAL_Driver/Src/stm32g4xx_hal.o
                0x08004484                HAL_Init
 .text.HAL_InitTick
                0x080044b4       0x74 ./Drivers/STM32G4xx_HAL_Driver/Src/stm32g4xx_hal.o
                0x080044b4                HAL_InitTick
 .text.HAL_IncTick
                0x08004528       0x24 ./Drivers/STM32G4xx_HAL_Driver/Src/stm32g4xx_hal.o
                0x08004528                HAL_IncTick
 .text.HAL_GetTick
                0x0800454c       0x18 ./Drivers/STM32G4xx_HAL_Driver/Src/stm32g4xx_hal.o
                0x0800454c                HAL_GetTick
 .text.HAL_Delay
                0x08004564       0x44 ./Drivers/STM32G4xx_HAL_Driver/Src/stm32g4xx_hal.o
                0x08004564                HAL_Delay
 .text.__NVIC_SetPriorityGrouping
                0x080045a8       0x48 ./Drivers/STM32G4xx_HAL_Driver/Src/stm32g4xx_hal_cortex.o
 .text.__NVIC_GetPriorityGrouping
                0x080045f0       0x1c ./Drivers/STM32G4xx_HAL_Driver/Src/stm32g4xx_hal_cortex.o
 .text.__NVIC_EnableIRQ
                0x0800460c       0x3c ./Drivers/STM32G4xx_HAL_Driver/Src/stm32g4xx_hal_cortex.o
 .text.__NVIC_SetPriority
                0x08004648       0x54 ./Drivers/STM32G4xx_HAL_Driver/Src/stm32g4xx_hal_cortex.o
 .text.NVIC_EncodePriority
                0x0800469c       0x66 ./Drivers/STM32G4xx_HAL_Driver/Src/stm32g4xx_hal_cortex.o
 *fill*         0x08004702        0x2 
 .text.SysTick_Config
                0x08004704       0x44 ./Drivers/STM32G4xx_HAL_Driver/Src/stm32g4xx_hal_cortex.o
 .text.HAL_NVIC_SetPriorityGrouping
                0x08004748       0x16 ./Drivers/STM32G4xx_HAL_Driver/Src/stm32g4xx_hal_cortex.o
                0x08004748                HAL_NVIC_SetPriorityGrouping
 .text.HAL_NVIC_SetPriority
                0x0800475e       0x34 ./Drivers/STM32G4xx_HAL_Driver/Src/stm32g4xx_hal_cortex.o
                0x0800475e                HAL_NVIC_SetPriority
 .text.HAL_NVIC_EnableIRQ
                0x08004792       0x1c ./Drivers/STM32G4xx_HAL_Driver/Src/stm32g4xx_hal_cortex.o
                0x08004792                HAL_NVIC_EnableIRQ
 .text.HAL_SYSTICK_Config
                0x080047ae       0x18 ./Drivers/STM32G4xx_HAL_Driver/Src/stm32g4xx_hal_cortex.o
                0x080047ae                HAL_SYSTICK_Config
 .text.HAL_EXTI_RegisterCallback
                0x080047c6       0x3a ./Drivers/STM32G4xx_HAL_Driver/Src/stm32g4xx_hal_exti.o
                0x080047c6                HAL_EXTI_RegisterCallback
 .text.HAL_EXTI_GetHandle
                0x08004800       0x28 ./Drivers/STM32G4xx_HAL_Driver/Src/stm32g4xx_hal_exti.o
                0x08004800                HAL_EXTI_GetHandle
 .text.HAL_GPIO_Init
                0x08004828      0x304 ./Drivers/STM32G4xx_HAL_Driver/Src/stm32g4xx_hal_gpio.o
                0x08004828                HAL_GPIO_Init
 .text.HAL_GPIO_DeInit
                0x08004b2c      0x1c4 ./Drivers/STM32G4xx_HAL_Driver/Src/stm32g4xx_hal_gpio.o
                0x08004b2c                HAL_GPIO_DeInit
 .text.HAL_GPIO_WritePin
                0x08004cf0       0x30 ./Drivers/STM32G4xx_HAL_Driver/Src/stm32g4xx_hal_gpio.o
                0x08004cf0                HAL_GPIO_WritePin
 .text.HAL_GPIO_EXTI_IRQHandler
                0x08004d20       0x30 ./Drivers/STM32G4xx_HAL_Driver/Src/stm32g4xx_hal_gpio.o
                0x08004d20                HAL_GPIO_EXTI_IRQHandler
 .text.HAL_I2C_Init
                0x08004d50      0x136 ./Drivers/STM32G4xx_HAL_Driver/Src/stm32g4xx_hal_i2c.o
                0x08004d50                HAL_I2C_Init
 .text.HAL_I2C_DeInit
                0x08004e86       0x5e ./Drivers/STM32G4xx_HAL_Driver/Src/stm32g4xx_hal_i2c.o
                0x08004e86                HAL_I2C_DeInit
 .text.HAL_I2C_MspInit
                0x08004ee4       0x14 ./Drivers/STM32G4xx_HAL_Driver/Src/stm32g4xx_hal_i2c.o
                0x08004ee4                HAL_I2C_MspInit
 .text.HAL_I2C_MspDeInit
                0x08004ef8       0x14 ./Drivers/STM32G4xx_HAL_Driver/Src/stm32g4xx_hal_i2c.o
                0x08004ef8                HAL_I2C_MspDeInit
 .text.HAL_I2C_Mem_Write
                0x08004f0c      0x228 ./Drivers/STM32G4xx_HAL_Driver/Src/stm32g4xx_hal_i2c.o
                0x08004f0c                HAL_I2C_Mem_Write
 .text.HAL_I2C_Mem_Read
                0x08005134      0x234 ./Drivers/STM32G4xx_HAL_Driver/Src/stm32g4xx_hal_i2c.o
                0x08005134                HAL_I2C_Mem_Read
 .text.HAL_I2C_GetState
                0x08005368       0x1c ./Drivers/STM32G4xx_HAL_Driver/Src/stm32g4xx_hal_i2c.o
                0x08005368                HAL_I2C_GetState
 .text.HAL_I2C_GetError
                0x08005384       0x18 ./Drivers/STM32G4xx_HAL_Driver/Src/stm32g4xx_hal_i2c.o
                0x08005384                HAL_I2C_GetError
 .text.I2C_RequestMemoryWrite
                0x0800539c       0xa8 ./Drivers/STM32G4xx_HAL_Driver/Src/stm32g4xx_hal_i2c.o
 .text.I2C_RequestMemoryRead
                0x08005444       0xa8 ./Drivers/STM32G4xx_HAL_Driver/Src/stm32g4xx_hal_i2c.o
 .text.I2C_Flush_TXDR
                0x080054ec       0x48 ./Drivers/STM32G4xx_HAL_Driver/Src/stm32g4xx_hal_i2c.o
 .text.I2C_WaitOnFlagUntilTimeout
                0x08005534       0xb2 ./Drivers/STM32G4xx_HAL_Driver/Src/stm32g4xx_hal_i2c.o
 .text.I2C_WaitOnTXISFlagUntilTimeout
                0x080055e6       0x8e ./Drivers/STM32G4xx_HAL_Driver/Src/stm32g4xx_hal_i2c.o
 .text.I2C_WaitOnSTOPFlagUntilTimeout
                0x08005674       0x86 ./Drivers/STM32G4xx_HAL_Driver/Src/stm32g4xx_hal_i2c.o
 *fill*         0x080056fa        0x2 
 .text.I2C_IsErrorOccurred
                0x080056fc      0x1c0 ./Drivers/STM32G4xx_HAL_Driver/Src/stm32g4xx_hal_i2c.o
 .text.I2C_TransferConfig
                0x080058bc       0x64 ./Drivers/STM32G4xx_HAL_Driver/Src/stm32g4xx_hal_i2c.o
 .text.HAL_I2CEx_ConfigAnalogFilter
                0x08005920       0x96 ./Drivers/STM32G4xx_HAL_Driver/Src/stm32g4xx_hal_i2c_ex.o
                0x08005920                HAL_I2CEx_ConfigAnalogFilter
 .text.HAL_I2CEx_ConfigDigitalFilter
                0x080059b6       0x98 ./Drivers/STM32G4xx_HAL_Driver/Src/stm32g4xx_hal_i2c_ex.o
                0x080059b6                HAL_I2CEx_ConfigDigitalFilter
 *fill*         0x08005a4e        0x2 
 .text.HAL_PWREx_ControlVoltageScaling
                0x08005a50      0x148 ./Drivers/STM32G4xx_HAL_Driver/Src/stm32g4xx_hal_pwr_ex.o
                0x08005a50                HAL_PWREx_ControlVoltageScaling
 .text.HAL_PWREx_DisableUCPDDeadBattery
                0x08005b98       0x20 ./Drivers/STM32G4xx_HAL_Driver/Src/stm32g4xx_hal_pwr_ex.o
                0x08005b98                HAL_PWREx_DisableUCPDDeadBattery
 .text.HAL_RCC_OscConfig
                0x08005bb8      0x624 ./Drivers/STM32G4xx_HAL_Driver/Src/stm32g4xx_hal_rcc.o
                0x08005bb8                HAL_RCC_OscConfig
 .text.HAL_RCC_ClockConfig
                0x080061dc      0x278 ./Drivers/STM32G4xx_HAL_Driver/Src/stm32g4xx_hal_rcc.o
                0x080061dc                HAL_RCC_ClockConfig
 .text.HAL_RCC_GetSysClockFreq
                0x08006454       0xc4 ./Drivers/STM32G4xx_HAL_Driver/Src/stm32g4xx_hal_rcc.o
                0x08006454                HAL_RCC_GetSysClockFreq
 .text.HAL_RCC_GetHCLKFreq
                0x08006518       0x18 ./Drivers/STM32G4xx_HAL_Driver/Src/stm32g4xx_hal_rcc.o
                0x08006518                HAL_RCC_GetHCLKFreq
 .text.HAL_RCC_GetPCLK1Freq
                0x08006530       0x2c ./Drivers/STM32G4xx_HAL_Driver/Src/stm32g4xx_hal_rcc.o
                0x08006530                HAL_RCC_GetPCLK1Freq
 .text.HAL_RCC_GetPCLK2Freq
                0x0800655c       0x2c ./Drivers/STM32G4xx_HAL_Driver/Src/stm32g4xx_hal_rcc.o
                0x0800655c                HAL_RCC_GetPCLK2Freq
 .text.RCC_GetSysClockFreqFromPLLSource
                0x08006588       0x8c ./Drivers/STM32G4xx_HAL_Driver/Src/stm32g4xx_hal_rcc.o
 .text.HAL_RCCEx_PeriphCLKConfig
                0x08006614      0x478 ./Drivers/STM32G4xx_HAL_Driver/Src/stm32g4xx_hal_rcc_ex.o
                0x08006614                HAL_RCCEx_PeriphCLKConfig
 .text.HAL_UART_Init
                0x08006a8c       0xa0 ./Drivers/STM32G4xx_HAL_Driver/Src/stm32g4xx_hal_uart.o
                0x08006a8c                HAL_UART_Init
 .text.HAL_UART_MspInit
                0x08006b2c       0x14 ./Drivers/STM32G4xx_HAL_Driver/Src/stm32g4xx_hal_uart.o
                0x08006b2c                HAL_UART_MspInit
 .text.HAL_UART_Transmit
                0x08006b40      0x11c ./Drivers/STM32G4xx_HAL_Driver/Src/stm32g4xx_hal_uart.o
                0x08006b40                HAL_UART_Transmit
 .text.HAL_UART_Receive
                0x08006c5c      0x190 ./Drivers/STM32G4xx_HAL_Driver/Src/stm32g4xx_hal_uart.o
                0x08006c5c                HAL_UART_Receive
 .text.UART_SetConfig
                0x08006dec      0x5f8 ./Drivers/STM32G4xx_HAL_Driver/Src/stm32g4xx_hal_uart.o
                0x08006dec                UART_SetConfig
 .text.UART_AdvFeatureConfig
                0x080073e4      0x144 ./Drivers/STM32G4xx_HAL_Driver/Src/stm32g4xx_hal_uart.o
                0x080073e4                UART_AdvFeatureConfig
 .text.UART_CheckIdleState
                0x08007528      0x154 ./Drivers/STM32G4xx_HAL_Driver/Src/stm32g4xx_hal_uart.o
                0x08007528                UART_CheckIdleState
 .text.UART_WaitOnFlagUntilTimeout
                0x0800767c       0xda ./Drivers/STM32G4xx_HAL_Driver/Src/stm32g4xx_hal_uart.o
                0x0800767c                UART_WaitOnFlagUntilTimeout
 .text.UART_EndRxTransfer
                0x08007756       0xcc ./Drivers/STM32G4xx_HAL_Driver/Src/stm32g4xx_hal_uart.o
 .text.MX_TOF_Init
                0x08007822        0xc ./TOF/App/app_tof.o
                0x08007822                MX_TOF_Init
 .text.MX_TOF_Process
                0x0800782e        0xc ./TOF/App/app_tof.o
                0x0800782e                MX_TOF_Process
 *fill*         0x0800783a        0x2 
 .text.MX_53L8A1_SimpleRanging_Init
                0x0800783c       0xc0 ./TOF/App/app_tof.o
 .text.MX_53L8A1_SimpleRanging_Process
                0x080078fc       0xac ./TOF/App/app_tof.o
 .text.print_result
                0x080079a8      0x2f4 ./TOF/App/app_tof.o
 .text.toggle_resolution
                0x08007c9c       0x68 ./TOF/App/app_tof.o
 .text.toggle_signal_and_ambient
                0x08007d04       0x4c ./TOF/App/app_tof.o
 .text.clear_screen
                0x08007d50       0x14 ./TOF/App/app_tof.o
 .text.display_commands_banner
                0x08007d64       0x58 ./TOF/App/app_tof.o
 .text.handle_cmd
                0x08007dbc       0x40 ./TOF/App/app_tof.o
 .text.get_key  0x08007dfc       0x28 ./TOF/App/app_tof.o
 .text.com_has_data
                0x08007e24       0x28 ./TOF/App/app_tof.o
 .text.BSP_PB_Callback
                0x08007e4c       0x20 ./TOF/App/app_tof.o
                0x08007e4c                BSP_PB_Callback
 .text.HAL_GPIO_EXTI_Callback
                0x08007e6c       0x28 ./TOF/Target/app_tof_pin_conf.o
                0x08007e6c                HAL_GPIO_EXTI_Callback
 .text.std      0x08007e94       0x6c C:/Program Files (x86)/STM32CubeIDE_1.17.0/STM32CubeIDE/plugins/com.st.stm32cube.ide.mcu.externaltools.gnu-tools-for-stm32.12.3.rel1.win32_1.1.0.202410251130/tools/bin/../lib/gcc/arm-none-eabi/12.3.1/../../../../arm-none-eabi/lib/thumb/v7e-m+fp/hard\libc_nano.a(libc_a-findfp.o)
 .text.stdio_exit_handler
                0x08007f00       0x18 C:/Program Files (x86)/STM32CubeIDE_1.17.0/STM32CubeIDE/plugins/com.st.stm32cube.ide.mcu.externaltools.gnu-tools-for-stm32.12.3.rel1.win32_1.1.0.202410251130/tools/bin/../lib/gcc/arm-none-eabi/12.3.1/../../../../arm-none-eabi/lib/thumb/v7e-m+fp/hard\libc_nano.a(libc_a-findfp.o)
 .text.cleanup_stdio
                0x08007f18       0x40 C:/Program Files (x86)/STM32CubeIDE_1.17.0/STM32CubeIDE/plugins/com.st.stm32cube.ide.mcu.externaltools.gnu-tools-for-stm32.12.3.rel1.win32_1.1.0.202410251130/tools/bin/../lib/gcc/arm-none-eabi/12.3.1/../../../../arm-none-eabi/lib/thumb/v7e-m+fp/hard\libc_nano.a(libc_a-findfp.o)
 .text.global_stdio_init.part.0
                0x08007f58       0x3c C:/Program Files (x86)/STM32CubeIDE_1.17.0/STM32CubeIDE/plugins/com.st.stm32cube.ide.mcu.externaltools.gnu-tools-for-stm32.12.3.rel1.win32_1.1.0.202410251130/tools/bin/../lib/gcc/arm-none-eabi/12.3.1/../../../../arm-none-eabi/lib/thumb/v7e-m+fp/hard\libc_nano.a(libc_a-findfp.o)
 .text.__sfp_lock_acquire
                0x08007f94        0xc C:/Program Files (x86)/STM32CubeIDE_1.17.0/STM32CubeIDE/plugins/com.st.stm32cube.ide.mcu.externaltools.gnu-tools-for-stm32.12.3.rel1.win32_1.1.0.202410251130/tools/bin/../lib/gcc/arm-none-eabi/12.3.1/../../../../arm-none-eabi/lib/thumb/v7e-m+fp/hard\libc_nano.a(libc_a-findfp.o)
                0x08007f94                __sfp_lock_acquire
 .text.__sfp_lock_release
                0x08007fa0        0xc C:/Program Files (x86)/STM32CubeIDE_1.17.0/STM32CubeIDE/plugins/com.st.stm32cube.ide.mcu.externaltools.gnu-tools-for-stm32.12.3.rel1.win32_1.1.0.202410251130/tools/bin/../lib/gcc/arm-none-eabi/12.3.1/../../../../arm-none-eabi/lib/thumb/v7e-m+fp/hard\libc_nano.a(libc_a-findfp.o)
                0x08007fa0                __sfp_lock_release
 .text.__sinit  0x08007fac       0x30 C:/Program Files (x86)/STM32CubeIDE_1.17.0/STM32CubeIDE/plugins/com.st.stm32cube.ide.mcu.externaltools.gnu-tools-for-stm32.12.3.rel1.win32_1.1.0.202410251130/tools/bin/../lib/gcc/arm-none-eabi/12.3.1/../../../../arm-none-eabi/lib/thumb/v7e-m+fp/hard\libc_nano.a(libc_a-findfp.o)
                0x08007fac                __sinit
 .text._fwalk_sglue
                0x08007fdc       0x3c C:/Program Files (x86)/STM32CubeIDE_1.17.0/STM32CubeIDE/plugins/com.st.stm32cube.ide.mcu.externaltools.gnu-tools-for-stm32.12.3.rel1.win32_1.1.0.202410251130/tools/bin/../lib/gcc/arm-none-eabi/12.3.1/../../../../arm-none-eabi/lib/thumb/v7e-m+fp/hard\libc_nano.a(libc_a-fwalk.o)
                0x08007fdc                _fwalk_sglue
 .text.printf   0x08008018       0x24 C:/Program Files (x86)/STM32CubeIDE_1.17.0/STM32CubeIDE/plugins/com.st.stm32cube.ide.mcu.externaltools.gnu-tools-for-stm32.12.3.rel1.win32_1.1.0.202410251130/tools/bin/../lib/gcc/arm-none-eabi/12.3.1/../../../../arm-none-eabi/lib/thumb/v7e-m+fp/hard\libc_nano.a(libc_a-printf.o)
                0x08008018                iprintf
                0x08008018                printf
 .text.putchar  0x0800803c       0x10 C:/Program Files (x86)/STM32CubeIDE_1.17.0/STM32CubeIDE/plugins/com.st.stm32cube.ide.mcu.externaltools.gnu-tools-for-stm32.12.3.rel1.win32_1.1.0.202410251130/tools/bin/../lib/gcc/arm-none-eabi/12.3.1/../../../../arm-none-eabi/lib/thumb/v7e-m+fp/hard\libc_nano.a(libc_a-putchar.o)
                0x0800803c                putchar
 .text._puts_r  0x0800804c       0xaa C:/Program Files (x86)/STM32CubeIDE_1.17.0/STM32CubeIDE/plugins/com.st.stm32cube.ide.mcu.externaltools.gnu-tools-for-stm32.12.3.rel1.win32_1.1.0.202410251130/tools/bin/../lib/gcc/arm-none-eabi/12.3.1/../../../../arm-none-eabi/lib/thumb/v7e-m+fp/hard\libc_nano.a(libc_a-puts.o)
                0x0800804c                _puts_r
 *fill*         0x080080f6        0x2 
 .text.puts     0x080080f8       0x10 C:/Program Files (x86)/STM32CubeIDE_1.17.0/STM32CubeIDE/plugins/com.st.stm32cube.ide.mcu.externaltools.gnu-tools-for-stm32.12.3.rel1.win32_1.1.0.202410251130/tools/bin/../lib/gcc/arm-none-eabi/12.3.1/../../../../arm-none-eabi/lib/thumb/v7e-m+fp/hard\libc_nano.a(libc_a-puts.o)
                0x080080f8                puts
 .text.__sread  0x08008108       0x22 C:/Program Files (x86)/STM32CubeIDE_1.17.0/STM32CubeIDE/plugins/com.st.stm32cube.ide.mcu.externaltools.gnu-tools-for-stm32.12.3.rel1.win32_1.1.0.202410251130/tools/bin/../lib/gcc/arm-none-eabi/12.3.1/../../../../arm-none-eabi/lib/thumb/v7e-m+fp/hard\libc_nano.a(libc_a-stdio.o)
                0x08008108                __sread
 .text.__swrite
                0x0800812a       0x38 C:/Program Files (x86)/STM32CubeIDE_1.17.0/STM32CubeIDE/plugins/com.st.stm32cube.ide.mcu.externaltools.gnu-tools-for-stm32.12.3.rel1.win32_1.1.0.202410251130/tools/bin/../lib/gcc/arm-none-eabi/12.3.1/../../../../arm-none-eabi/lib/thumb/v7e-m+fp/hard\libc_nano.a(libc_a-stdio.o)
                0x0800812a                __swrite
 .text.__sseek  0x08008162       0x24 C:/Program Files (x86)/STM32CubeIDE_1.17.0/STM32CubeIDE/plugins/com.st.stm32cube.ide.mcu.externaltools.gnu-tools-for-stm32.12.3.rel1.win32_1.1.0.202410251130/tools/bin/../lib/gcc/arm-none-eabi/12.3.1/../../../../arm-none-eabi/lib/thumb/v7e-m+fp/hard\libc_nano.a(libc_a-stdio.o)
                0x08008162                __sseek
 .text.__sclose
                0x08008186        0x8 C:/Program Files (x86)/STM32CubeIDE_1.17.0/STM32CubeIDE/plugins/com.st.stm32cube.ide.mcu.externaltools.gnu-tools-for-stm32.12.3.rel1.win32_1.1.0.202410251130/tools/bin/../lib/gcc/arm-none-eabi/12.3.1/../../../../arm-none-eabi/lib/thumb/v7e-m+fp/hard\libc_nano.a(libc_a-stdio.o)
                0x08008186                __sclose
 .text.__swbuf_r
                0x0800818e       0x7c C:/Program Files (x86)/STM32CubeIDE_1.17.0/STM32CubeIDE/plugins/com.st.stm32cube.ide.mcu.externaltools.gnu-tools-for-stm32.12.3.rel1.win32_1.1.0.202410251130/tools/bin/../lib/gcc/arm-none-eabi/12.3.1/../../../../arm-none-eabi/lib/thumb/v7e-m+fp/hard\libc_nano.a(libc_a-wbuf.o)
                0x0800818e                __swbuf_r
 *fill*         0x0800820a        0x2 
 .text.__swsetup_r
                0x0800820c       0xac C:/Program Files (x86)/STM32CubeIDE_1.17.0/STM32CubeIDE/plugins/com.st.stm32cube.ide.mcu.externaltools.gnu-tools-for-stm32.12.3.rel1.win32_1.1.0.202410251130/tools/bin/../lib/gcc/arm-none-eabi/12.3.1/../../../../arm-none-eabi/lib/thumb/v7e-m+fp/hard\libc_nano.a(libc_a-wsetup.o)
                0x0800820c                __swsetup_r
 .text.memset   0x080082b8       0x10 C:/Program Files (x86)/STM32CubeIDE_1.17.0/STM32CubeIDE/plugins/com.st.stm32cube.ide.mcu.externaltools.gnu-tools-for-stm32.12.3.rel1.win32_1.1.0.202410251130/tools/bin/../lib/gcc/arm-none-eabi/12.3.1/../../../../arm-none-eabi/lib/thumb/v7e-m+fp/hard\libc_nano.a(libc_a-memset.o)
                0x080082b8                memset
 .text._close_r
                0x080082c8       0x20 C:/Program Files (x86)/STM32CubeIDE_1.17.0/STM32CubeIDE/plugins/com.st.stm32cube.ide.mcu.externaltools.gnu-tools-for-stm32.12.3.rel1.win32_1.1.0.202410251130/tools/bin/../lib/gcc/arm-none-eabi/12.3.1/../../../../arm-none-eabi/lib/thumb/v7e-m+fp/hard\libc_nano.a(libc_a-closer.o)
                0x080082c8                _close_r
 .text._lseek_r
                0x080082e8       0x24 C:/Program Files (x86)/STM32CubeIDE_1.17.0/STM32CubeIDE/plugins/com.st.stm32cube.ide.mcu.externaltools.gnu-tools-for-stm32.12.3.rel1.win32_1.1.0.202410251130/tools/bin/../lib/gcc/arm-none-eabi/12.3.1/../../../../arm-none-eabi/lib/thumb/v7e-m+fp/hard\libc_nano.a(libc_a-lseekr.o)
                0x080082e8                _lseek_r
 .text._read_r  0x0800830c       0x24 C:/Program Files (x86)/STM32CubeIDE_1.17.0/STM32CubeIDE/plugins/com.st.stm32cube.ide.mcu.externaltools.gnu-tools-for-stm32.12.3.rel1.win32_1.1.0.202410251130/tools/bin/../lib/gcc/arm-none-eabi/12.3.1/../../../../arm-none-eabi/lib/thumb/v7e-m+fp/hard\libc_nano.a(libc_a-readr.o)
                0x0800830c                _read_r
 .text._write_r
                0x08008330       0x24 C:/Program Files (x86)/STM32CubeIDE_1.17.0/STM32CubeIDE/plugins/com.st.stm32cube.ide.mcu.externaltools.gnu-tools-for-stm32.12.3.rel1.win32_1.1.0.202410251130/tools/bin/../lib/gcc/arm-none-eabi/12.3.1/../../../../arm-none-eabi/lib/thumb/v7e-m+fp/hard\libc_nano.a(libc_a-writer.o)
                0x08008330                _write_r
 .text.__errno  0x08008354        0xc C:/Program Files (x86)/STM32CubeIDE_1.17.0/STM32CubeIDE/plugins/com.st.stm32cube.ide.mcu.externaltools.gnu-tools-for-stm32.12.3.rel1.win32_1.1.0.202410251130/tools/bin/../lib/gcc/arm-none-eabi/12.3.1/../../../../arm-none-eabi/lib/thumb/v7e-m+fp/hard\libc_nano.a(libc_a-errno.o)
                0x08008354                __errno
 .text.__libc_init_array
                0x08008360       0x48 C:/Program Files (x86)/STM32CubeIDE_1.17.0/STM32CubeIDE/plugins/com.st.stm32cube.ide.mcu.externaltools.gnu-tools-for-stm32.12.3.rel1.win32_1.1.0.202410251130/tools/bin/../lib/gcc/arm-none-eabi/12.3.1/../../../../arm-none-eabi/lib/thumb/v7e-m+fp/hard\libc_nano.a(libc_a-init.o)
                0x08008360                __libc_init_array
 .text.__retarget_lock_init_recursive
                0x080083a8        0x2 C:/Program Files (x86)/STM32CubeIDE_1.17.0/STM32CubeIDE/plugins/com.st.stm32cube.ide.mcu.externaltools.gnu-tools-for-stm32.12.3.rel1.win32_1.1.0.202410251130/tools/bin/../lib/gcc/arm-none-eabi/12.3.1/../../../../arm-none-eabi/lib/thumb/v7e-m+fp/hard\libc_nano.a(libc_a-lock.o)
                0x080083a8                __retarget_lock_init_recursive
 .text.__retarget_lock_acquire_recursive
                0x080083aa        0x2 C:/Program Files (x86)/STM32CubeIDE_1.17.0/STM32CubeIDE/plugins/com.st.stm32cube.ide.mcu.externaltools.gnu-tools-for-stm32.12.3.rel1.win32_1.1.0.202410251130/tools/bin/../lib/gcc/arm-none-eabi/12.3.1/../../../../arm-none-eabi/lib/thumb/v7e-m+fp/hard\libc_nano.a(libc_a-lock.o)
                0x080083aa                __retarget_lock_acquire_recursive
 .text.__retarget_lock_release_recursive
                0x080083ac        0x2 C:/Program Files (x86)/STM32CubeIDE_1.17.0/STM32CubeIDE/plugins/com.st.stm32cube.ide.mcu.externaltools.gnu-tools-for-stm32.12.3.rel1.win32_1.1.0.202410251130/tools/bin/../lib/gcc/arm-none-eabi/12.3.1/../../../../arm-none-eabi/lib/thumb/v7e-m+fp/hard\libc_nano.a(libc_a-lock.o)
                0x080083ac                __retarget_lock_release_recursive
 .text.memcpy   0x080083ae       0x1c C:/Program Files (x86)/STM32CubeIDE_1.17.0/STM32CubeIDE/plugins/com.st.stm32cube.ide.mcu.externaltools.gnu-tools-for-stm32.12.3.rel1.win32_1.1.0.202410251130/tools/bin/../lib/gcc/arm-none-eabi/12.3.1/../../../../arm-none-eabi/lib/thumb/v7e-m+fp/hard\libc_nano.a(libc_a-memcpy-stub.o)
                0x080083ae                memcpy
 *fill*         0x080083ca        0x2 
 .text._free_r  0x080083cc       0x94 C:/Program Files (x86)/STM32CubeIDE_1.17.0/STM32CubeIDE/plugins/com.st.stm32cube.ide.mcu.externaltools.gnu-tools-for-stm32.12.3.rel1.win32_1.1.0.202410251130/tools/bin/../lib/gcc/arm-none-eabi/12.3.1/../../../../arm-none-eabi/lib/thumb/v7e-m+fp/hard\libc_nano.a(libc_a-freer.o)
                0x080083cc                _free_r
 .text.sbrk_aligned
                0x08008460       0x44 C:/Program Files (x86)/STM32CubeIDE_1.17.0/STM32CubeIDE/plugins/com.st.stm32cube.ide.mcu.externaltools.gnu-tools-for-stm32.12.3.rel1.win32_1.1.0.202410251130/tools/bin/../lib/gcc/arm-none-eabi/12.3.1/../../../../arm-none-eabi/lib/thumb/v7e-m+fp/hard\libc_nano.a(libc_a-mallocr.o)
 .text._malloc_r
                0x080084a4      0x100 C:/Program Files (x86)/STM32CubeIDE_1.17.0/STM32CubeIDE/plugins/com.st.stm32cube.ide.mcu.externaltools.gnu-tools-for-stm32.12.3.rel1.win32_1.1.0.202410251130/tools/bin/../lib/gcc/arm-none-eabi/12.3.1/../../../../arm-none-eabi/lib/thumb/v7e-m+fp/hard\libc_nano.a(libc_a-mallocr.o)
                0x080084a4                _malloc_r
 .text.__malloc_lock
                0x080085a4        0xc C:/Program Files (x86)/STM32CubeIDE_1.17.0/STM32CubeIDE/plugins/com.st.stm32cube.ide.mcu.externaltools.gnu-tools-for-stm32.12.3.rel1.win32_1.1.0.202410251130/tools/bin/../lib/gcc/arm-none-eabi/12.3.1/../../../../arm-none-eabi/lib/thumb/v7e-m+fp/hard\libc_nano.a(libc_a-mlock.o)
                0x080085a4                __malloc_lock
 .text.__malloc_unlock
                0x080085b0        0xc C:/Program Files (x86)/STM32CubeIDE_1.17.0/STM32CubeIDE/plugins/com.st.stm32cube.ide.mcu.externaltools.gnu-tools-for-stm32.12.3.rel1.win32_1.1.0.202410251130/tools/bin/../lib/gcc/arm-none-eabi/12.3.1/../../../../arm-none-eabi/lib/thumb/v7e-m+fp/hard\libc_nano.a(libc_a-mlock.o)
                0x080085b0                __malloc_unlock
 .text.__sfputc_r
                0x080085bc       0x2e C:/Program Files (x86)/STM32CubeIDE_1.17.0/STM32CubeIDE/plugins/com.st.stm32cube.ide.mcu.externaltools.gnu-tools-for-stm32.12.3.rel1.win32_1.1.0.202410251130/tools/bin/../lib/gcc/arm-none-eabi/12.3.1/../../../../arm-none-eabi/lib/thumb/v7e-m+fp/hard\libc_nano.a(libc_a-nano-vfprintf.o)
 .text.__sfputs_r
                0x080085ea       0x24 C:/Program Files (x86)/STM32CubeIDE_1.17.0/STM32CubeIDE/plugins/com.st.stm32cube.ide.mcu.externaltools.gnu-tools-for-stm32.12.3.rel1.win32_1.1.0.202410251130/tools/bin/../lib/gcc/arm-none-eabi/12.3.1/../../../../arm-none-eabi/lib/thumb/v7e-m+fp/hard\libc_nano.a(libc_a-nano-vfprintf.o)
                0x080085ea                __sfputs_r
 *fill*         0x0800860e        0x2 
 .text._vfprintf_r
                0x08008610      0x230 C:/Program Files (x86)/STM32CubeIDE_1.17.0/STM32CubeIDE/plugins/com.st.stm32cube.ide.mcu.externaltools.gnu-tools-for-stm32.12.3.rel1.win32_1.1.0.202410251130/tools/bin/../lib/gcc/arm-none-eabi/12.3.1/../../../../arm-none-eabi/lib/thumb/v7e-m+fp/hard\libc_nano.a(libc_a-nano-vfprintf.o)
                0x08008610                _vfprintf_r
                0x08008610                _vfiprintf_r
 .text._printf_common
                0x08008840       0xda C:/Program Files (x86)/STM32CubeIDE_1.17.0/STM32CubeIDE/plugins/com.st.stm32cube.ide.mcu.externaltools.gnu-tools-for-stm32.12.3.rel1.win32_1.1.0.202410251130/tools/bin/../lib/gcc/arm-none-eabi/12.3.1/../../../../arm-none-eabi/lib/thumb/v7e-m+fp/hard\libc_nano.a(libc_a-nano-vfprintf_i.o)
                0x08008840                _printf_common
 *fill*         0x0800891a        0x2 
 .text._printf_i
                0x0800891c      0x240 C:/Program Files (x86)/STM32CubeIDE_1.17.0/STM32CubeIDE/plugins/com.st.stm32cube.ide.mcu.externaltools.gnu-tools-for-stm32.12.3.rel1.win32_1.1.0.202410251130/tools/bin/../lib/gcc/arm-none-eabi/12.3.1/../../../../arm-none-eabi/lib/thumb/v7e-m+fp/hard\libc_nano.a(libc_a-nano-vfprintf_i.o)
                0x0800891c                _printf_i
 .text.__sflush_r
                0x08008b5c      0x108 C:/Program Files (x86)/STM32CubeIDE_1.17.0/STM32CubeIDE/plugins/com.st.stm32cube.ide.mcu.externaltools.gnu-tools-for-stm32.12.3.rel1.win32_1.1.0.202410251130/tools/bin/../lib/gcc/arm-none-eabi/12.3.1/../../../../arm-none-eabi/lib/thumb/v7e-m+fp/hard\libc_nano.a(libc_a-fflush.o)
                0x08008b5c                __sflush_r
 .text._fflush_r
                0x08008c64       0x50 C:/Program Files (x86)/STM32CubeIDE_1.17.0/STM32CubeIDE/plugins/com.st.stm32cube.ide.mcu.externaltools.gnu-tools-for-stm32.12.3.rel1.win32_1.1.0.202410251130/tools/bin/../lib/gcc/arm-none-eabi/12.3.1/../../../../arm-none-eabi/lib/thumb/v7e-m+fp/hard\libc_nano.a(libc_a-fflush.o)
                0x08008c64                _fflush_r
 .text.__swhatbuf_r
                0x08008cb4       0x4c C:/Program Files (x86)/STM32CubeIDE_1.17.0/STM32CubeIDE/plugins/com.st.stm32cube.ide.mcu.externaltools.gnu-tools-for-stm32.12.3.rel1.win32_1.1.0.202410251130/tools/bin/../lib/gcc/arm-none-eabi/12.3.1/../../../../arm-none-eabi/lib/thumb/v7e-m+fp/hard\libc_nano.a(libc_a-makebuf.o)
                0x08008cb4                __swhatbuf_r
 .text.__smakebuf_r
                0x08008d00       0x78 C:/Program Files (x86)/STM32CubeIDE_1.17.0/STM32CubeIDE/plugins/com.st.stm32cube.ide.mcu.externaltools.gnu-tools-for-stm32.12.3.rel1.win32_1.1.0.202410251130/tools/bin/../lib/gcc/arm-none-eabi/12.3.1/../../../../arm-none-eabi/lib/thumb/v7e-m+fp/hard\libc_nano.a(libc_a-makebuf.o)
                0x08008d00                __smakebuf_r
 .text._putc_r  0x08008d78       0x68 C:/Program Files (x86)/STM32CubeIDE_1.17.0/STM32CubeIDE/plugins/com.st.stm32cube.ide.mcu.externaltools.gnu-tools-for-stm32.12.3.rel1.win32_1.1.0.202410251130/tools/bin/../lib/gcc/arm-none-eabi/12.3.1/../../../../arm-none-eabi/lib/thumb/v7e-m+fp/hard\libc_nano.a(libc_a-putc.o)
                0x08008d78                _putc_r
 .text._fstat_r
                0x08008de0       0x24 C:/Program Files (x86)/STM32CubeIDE_1.17.0/STM32CubeIDE/plugins/com.st.stm32cube.ide.mcu.externaltools.gnu-tools-for-stm32.12.3.rel1.win32_1.1.0.202410251130/tools/bin/../lib/gcc/arm-none-eabi/12.3.1/../../../../arm-none-eabi/lib/thumb/v7e-m+fp/hard\libc_nano.a(libc_a-fstatr.o)
                0x08008de0                _fstat_r
 .text._isatty_r
                0x08008e04       0x20 C:/Program Files (x86)/STM32CubeIDE_1.17.0/STM32CubeIDE/plugins/com.st.stm32cube.ide.mcu.externaltools.gnu-tools-for-stm32.12.3.rel1.win32_1.1.0.202410251130/tools/bin/../lib/gcc/arm-none-eabi/12.3.1/../../../../arm-none-eabi/lib/thumb/v7e-m+fp/hard\libc_nano.a(libc_a-isattyr.o)
                0x08008e04                _isatty_r
 .text._sbrk_r  0x08008e24       0x20 C:/Program Files (x86)/STM32CubeIDE_1.17.0/STM32CubeIDE/plugins/com.st.stm32cube.ide.mcu.externaltools.gnu-tools-for-stm32.12.3.rel1.win32_1.1.0.202410251130/tools/bin/../lib/gcc/arm-none-eabi/12.3.1/../../../../arm-none-eabi/lib/thumb/v7e-m+fp/hard\libc_nano.a(libc_a-sbrkr.o)
                0x08008e24                _sbrk_r
 *(.glue_7)
 .glue_7        0x08008e44        0x0 linker stubs
 *(.glue_7t)
 .glue_7t       0x08008e44        0x0 linker stubs
 *(.eh_frame)
 .eh_frame      0x08008e44        0x0 C:/Program Files (x86)/STM32CubeIDE_1.17.0/STM32CubeIDE/plugins/com.st.stm32cube.ide.mcu.externaltools.gnu-tools-for-stm32.12.3.rel1.win32_1.1.0.202410251130/tools/bin/../lib/gcc/arm-none-eabi/12.3.1/thumb/v7e-m+fp/hard/crtbegin.o
 *(.init)
 .init          0x08008e44        0x4 C:/Program Files (x86)/STM32CubeIDE_1.17.0/STM32CubeIDE/plugins/com.st.stm32cube.ide.mcu.externaltools.gnu-tools-for-stm32.12.3.rel1.win32_1.1.0.202410251130/tools/bin/../lib/gcc/arm-none-eabi/12.3.1/thumb/v7e-m+fp/hard/crti.o
                0x08008e44                _init
 .init          0x08008e48        0x8 C:/Program Files (x86)/STM32CubeIDE_1.17.0/STM32CubeIDE/plugins/com.st.stm32cube.ide.mcu.externaltools.gnu-tools-for-stm32.12.3.rel1.win32_1.1.0.202410251130/tools/bin/../lib/gcc/arm-none-eabi/12.3.1/thumb/v7e-m+fp/hard/crtn.o
 *(.fini)
 .fini          0x08008e50        0x4 C:/Program Files (x86)/STM32CubeIDE_1.17.0/STM32CubeIDE/plugins/com.st.stm32cube.ide.mcu.externaltools.gnu-tools-for-stm32.12.3.rel1.win32_1.1.0.202410251130/tools/bin/../lib/gcc/arm-none-eabi/12.3.1/thumb/v7e-m+fp/hard/crti.o
                0x08008e50                _fini
 .fini          0x08008e54        0x8 C:/Program Files (x86)/STM32CubeIDE_1.17.0/STM32CubeIDE/plugins/com.st.stm32cube.ide.mcu.externaltools.gnu-tools-for-stm32.12.3.rel1.win32_1.1.0.202410251130/tools/bin/../lib/gcc/arm-none-eabi/12.3.1/thumb/v7e-m+fp/hard/crtn.o
                0x08008e5c                        . = ALIGN (0x4)
                0x08008e5c                        _etext = .

.vfp11_veneer   0x08008e5c        0x0
 .vfp11_veneer  0x08008e5c        0x0 linker stubs

.v4_bx          0x08008e5c        0x0
 .v4_bx         0x08008e5c        0x0 linker stubs

.iplt           0x08008e5c        0x0
 .iplt          0x08008e5c        0x0 C:/Program Files (x86)/STM32CubeIDE_1.17.0/STM32CubeIDE/plugins/com.st.stm32cube.ide.mcu.externaltools.gnu-tools-for-stm32.12.3.rel1.win32_1.1.0.202410251130/tools/bin/../lib/gcc/arm-none-eabi/12.3.1/thumb/v7e-m+fp/hard/crtbegin.o

.rodata         0x08008e5c    0x15a38
                0x08008e5c                        . = ALIGN (0x4)
 *(.rodata)
 .rodata        0x08008e5c       0x6c ./Drivers/BSP/Components/vl53l8cx/modules/vl53l8cx_api.o
 .rodata        0x08008ec8        0x8 ./Drivers/BSP/Components/vl53l8cx/modules/vl53l8cx_plugin_detection_thresholds.o
 .rodata        0x08008ed0      0x260 ./TOF/App/app_tof.o
 *(.rodata*)
 .rodata.AHBPrescTable
                0x08009130       0x10 ./Core/Src/system_stm32g4xx.o
                0x08009130                AHBPrescTable
 .rodata.APBPrescTable
                0x08009140        0x8 ./Core/Src/system_stm32g4xx.o
                0x08009140                APBPrescTable
 .rodata.VL53L8CX_FIRMWARE
                0x08009148    0x15000 ./Drivers/BSP/Components/vl53l8cx/modules/vl53l8cx_api.o
                0x08009148                VL53L8CX_FIRMWARE
 .rodata.VL53L8CX_DEFAULT_CONFIGURATION
                0x0801e148      0x3cc ./Drivers/BSP/Components/vl53l8cx/modules/vl53l8cx_api.o
                0x0801e148                VL53L8CX_DEFAULT_CONFIGURATION
 .rodata.VL53L8CX_DEFAULT_XTALK
                0x0801e514      0x308 ./Drivers/BSP/Components/vl53l8cx/modules/vl53l8cx_api.o
                0x0801e514                VL53L8CX_DEFAULT_XTALK
 .rodata.VL53L8CX_GET_NVM_CMD
                0x0801e81c       0x28 ./Drivers/BSP/Components/vl53l8cx/modules/vl53l8cx_api.o
                0x0801e81c                VL53L8CX_GET_NVM_CMD
 .rodata.BUTTON_EXTI_LINE.2
                0x0801e844        0x4 ./Drivers/BSP/STM32G4xx_Nucleo/stm32g4xx_nucleo.o
 .rodata.UARTPrescTable
                0x0801e848       0x18 ./Drivers/STM32G4xx_HAL_Driver/Src/stm32g4xx_hal_uart.o
                0x0801e848                UARTPrescTable
 .rodata._vfprintf_r.str1.1
                0x0801e860       0x11 C:/Program Files (x86)/STM32CubeIDE_1.17.0/STM32CubeIDE/plugins/com.st.stm32cube.ide.mcu.externaltools.gnu-tools-for-stm32.12.3.rel1.win32_1.1.0.202410251130/tools/bin/../lib/gcc/arm-none-eabi/12.3.1/../../../../arm-none-eabi/lib/thumb/v7e-m+fp/hard\libc_nano.a(libc_a-nano-vfprintf.o)
 .rodata._printf_i.str1.1
                0x0801e871       0x22 C:/Program Files (x86)/STM32CubeIDE_1.17.0/STM32CubeIDE/plugins/com.st.stm32cube.ide.mcu.externaltools.gnu-tools-for-stm32.12.3.rel1.win32_1.1.0.202410251130/tools/bin/../lib/gcc/arm-none-eabi/12.3.1/../../../../arm-none-eabi/lib/thumb/v7e-m+fp/hard\libc_nano.a(libc_a-nano-vfprintf_i.o)
                0x0801e894                        . = ALIGN (0x4)
 *fill*         0x0801e893        0x1 

.ARM.extab      0x0801e894        0x0
                0x0801e894                        . = ALIGN (0x4)
 *(.ARM.extab* .gnu.linkonce.armextab.*)
                0x0801e894                        . = ALIGN (0x4)

.ARM            0x0801e894        0x8
                0x0801e894                        . = ALIGN (0x4)
                0x0801e894                        __exidx_start = .
 *(.ARM.exidx*)
 .ARM.exidx     0x0801e894        0x8 C:/Program Files (x86)/STM32CubeIDE_1.17.0/STM32CubeIDE/plugins/com.st.stm32cube.ide.mcu.externaltools.gnu-tools-for-stm32.12.3.rel1.win32_1.1.0.202410251130/tools/bin/../lib/gcc/arm-none-eabi/12.3.1/../../../../arm-none-eabi/lib/thumb/v7e-m+fp/hard\libc_nano.a(libc_a-memchr.o)
 .ARM.exidx     0x0801e89c        0x0 C:/Program Files (x86)/STM32CubeIDE_1.17.0/STM32CubeIDE/plugins/com.st.stm32cube.ide.mcu.externaltools.gnu-tools-for-stm32.12.3.rel1.win32_1.1.0.202410251130/tools/bin/../lib/gcc/arm-none-eabi/12.3.1/thumb/v7e-m+fp/hard\libgcc.a(_udivmoddi4.o)
                                  0x8 (size before relaxing)
                0x0801e89c                        __exidx_end = .
                0x0801e89c                        . = ALIGN (0x4)

.preinit_array  0x0801e89c        0x0
                0x0801e89c                        . = ALIGN (0x4)
                0x0801e89c                        PROVIDE (__preinit_array_start = .)
 *(.preinit_array*)
                0x0801e89c                        PROVIDE (__preinit_array_end = .)
                0x0801e89c                        . = ALIGN (0x4)

.init_array     0x0801e89c        0x4
                0x0801e89c                        . = ALIGN (0x4)
                0x0801e89c                        PROVIDE (__init_array_start = .)
 *(SORT_BY_NAME(.init_array.*))
 *(.init_array*)
 .init_array    0x0801e89c        0x4 C:/Program Files (x86)/STM32CubeIDE_1.17.0/STM32CubeIDE/plugins/com.st.stm32cube.ide.mcu.externaltools.gnu-tools-for-stm32.12.3.rel1.win32_1.1.0.202410251130/tools/bin/../lib/gcc/arm-none-eabi/12.3.1/thumb/v7e-m+fp/hard/crtbegin.o
                0x0801e8a0                        PROVIDE (__init_array_end = .)
                0x0801e8a0                        . = ALIGN (0x4)

.fini_array     0x0801e8a0        0x4
                0x0801e8a0                        . = ALIGN (0x4)
                [!provide]                        PROVIDE (__fini_array_start = .)
 *(SORT_BY_NAME(.fini_array.*))
 *(.fini_array*)
 .fini_array    0x0801e8a0        0x4 C:/Program Files (x86)/STM32CubeIDE_1.17.0/STM32CubeIDE/plugins/com.st.stm32cube.ide.mcu.externaltools.gnu-tools-for-stm32.12.3.rel1.win32_1.1.0.202410251130/tools/bin/../lib/gcc/arm-none-eabi/12.3.1/thumb/v7e-m+fp/hard/crtbegin.o
                [!provide]                        PROVIDE (__fini_array_end = .)
                0x0801e8a4                        . = ALIGN (0x4)
                0x0801e8a4                        _sidata = LOADADDR (.data)

.rel.dyn        0x0801e8a4        0x0
 .rel.iplt      0x0801e8a4        0x0 C:/Program Files (x86)/STM32CubeIDE_1.17.0/STM32CubeIDE/plugins/com.st.stm32cube.ide.mcu.externaltools.gnu-tools-for-stm32.12.3.rel1.win32_1.1.0.202410251130/tools/bin/../lib/gcc/arm-none-eabi/12.3.1/thumb/v7e-m+fp/hard/crtbegin.o

.data           0x20000000       0xb4 load address 0x0801e8a4
                0x20000000                        . = ALIGN (0x4)
                0x20000000                        _sdata = .
 *(.data)
 *(.data*)
 .data.SystemCoreClock
                0x20000000        0x4 ./Core/Src/system_stm32g4xx.o
                0x20000000                SystemCoreClock
 .data.VL53L8CX_RANGING_SENSOR_Driver
                0x20000004       0x38 ./Drivers/BSP/Components/vl53l8cx/vl53l8cx.o
                0x20000004                VL53L8CX_RANGING_SENSOR_Driver
 .data.LED_PORT
                0x2000003c        0x4 ./Drivers/BSP/STM32G4xx_Nucleo/stm32g4xx_nucleo.o
 .data.BUTTON_PORT
                0x20000040        0x4 ./Drivers/BSP/STM32G4xx_Nucleo/stm32g4xx_nucleo.o
 .data.COM_USART
                0x20000044        0x4 ./Drivers/BSP/STM32G4xx_Nucleo/stm32g4xx_nucleo.o
 .data.ButtonCallback.1
                0x20000048        0x4 ./Drivers/BSP/STM32G4xx_Nucleo/stm32g4xx_nucleo.o
 .data.BSP_BUTTON_PRIO.0
                0x2000004c        0x4 ./Drivers/BSP/STM32G4xx_Nucleo/stm32g4xx_nucleo.o
 .data.uwTickPrio
                0x20000050        0x4 ./Drivers/STM32G4xx_HAL_Driver/Src/stm32g4xx_hal.o
                0x20000050                uwTickPrio
 .data.uwTickFreq
                0x20000054        0x4 ./Drivers/STM32G4xx_HAL_Driver/Src/stm32g4xx_hal.o
                0x20000054                uwTickFreq
 .data.__sglue  0x20000058        0xc C:/Program Files (x86)/STM32CubeIDE_1.17.0/STM32CubeIDE/plugins/com.st.stm32cube.ide.mcu.externaltools.gnu-tools-for-stm32.12.3.rel1.win32_1.1.0.202410251130/tools/bin/../lib/gcc/arm-none-eabi/12.3.1/../../../../arm-none-eabi/lib/thumb/v7e-m+fp/hard\libc_nano.a(libc_a-findfp.o)
                0x20000058                __sglue
 .data._impure_ptr
                0x20000064        0x4 C:/Program Files (x86)/STM32CubeIDE_1.17.0/STM32CubeIDE/plugins/com.st.stm32cube.ide.mcu.externaltools.gnu-tools-for-stm32.12.3.rel1.win32_1.1.0.202410251130/tools/bin/../lib/gcc/arm-none-eabi/12.3.1/../../../../arm-none-eabi/lib/thumb/v7e-m+fp/hard\libc_nano.a(libc_a-impure.o)
                0x20000064                _impure_ptr
 .data._impure_data
                0x20000068       0x4c C:/Program Files (x86)/STM32CubeIDE_1.17.0/STM32CubeIDE/plugins/com.st.stm32cube.ide.mcu.externaltools.gnu-tools-for-stm32.12.3.rel1.win32_1.1.0.202410251130/tools/bin/../lib/gcc/arm-none-eabi/12.3.1/../../../../arm-none-eabi/lib/thumb/v7e-m+fp/hard\libc_nano.a(libc_a-impure.o)
                0x20000068                _impure_data
 *(.RamFunc)
 *(.RamFunc*)
                0x200000b4                        . = ALIGN (0x4)
                0x200000b4                        _edata = .

.igot.plt       0x200000b4        0x0 load address 0x0801e958
 .igot.plt      0x200000b4        0x0 C:/Program Files (x86)/STM32CubeIDE_1.17.0/STM32CubeIDE/plugins/com.st.stm32cube.ide.mcu.externaltools.gnu-tools-for-stm32.12.3.rel1.win32_1.1.0.202410251130/tools/bin/../lib/gcc/arm-none-eabi/12.3.1/thumb/v7e-m+fp/hard/crtbegin.o
                0x200000b4                        . = ALIGN (0x4)

.bss            0x200000b4     0x30b8 load address 0x0801e958
                0x200000b4                        _sbss = .
                0x200000b4                        __bss_start__ = _sbss
 *(.bss)
 .bss           0x200000b4       0x1c C:/Program Files (x86)/STM32CubeIDE_1.17.0/STM32CubeIDE/plugins/com.st.stm32cube.ide.mcu.externaltools.gnu-tools-for-stm32.12.3.rel1.win32_1.1.0.202410251130/tools/bin/../lib/gcc/arm-none-eabi/12.3.1/thumb/v7e-m+fp/hard/crtbegin.o
 *(.bss*)
 .bss.BspCOMInit
                0x200000d0       0x10 ./Core/Src/main.o
                0x200000d0                BspCOMInit
 .bss.hi2c1     0x200000e0       0x54 ./Core/Src/stm32g4xx_nucleo_bus.o
                0x200000e0                hi2c1
 .bss.I2C1InitCounter
                0x20000134        0x4 ./Core/Src/stm32g4xx_nucleo_bus.o
 .bss.__sbrk_heap_end
                0x20000138        0x4 ./Core/Src/sysmem.o
 .bss.VL53L8A1_RANGING_SENSOR_CompObj
                0x2000013c        0xc ./Drivers/BSP/53L8A1/53l8a1_ranging_sensor.o
                0x2000013c                VL53L8A1_RANGING_SENSOR_CompObj
 .bss.VL53L8A1_RANGING_SENSOR_Drv
                0x20000148        0x4 ./Drivers/BSP/53L8A1/53l8a1_ranging_sensor.o
 .bss.VL53L8A1_RANGING_SENSOR_Cap
                0x2000014c       0x10 ./Drivers/BSP/53L8A1/53l8a1_ranging_sensor.o
 .bss.VL53L8CXObj.0
                0x2000015c     0x20a0 ./Drivers/BSP/53L8A1/53l8a1_ranging_sensor.o
 .bss.thresholds.1
                0x200021fc      0x300 ./Drivers/BSP/Components/vl53l8cx/vl53l8cx.o
 .bss.data.0    0x200024fc      0x550 ./Drivers/BSP/Components/vl53l8cx/vl53l8cx.o
 .bss.hpb_exti  0x20002a4c        0x8 ./Drivers/BSP/STM32G4xx_Nucleo/stm32g4xx_nucleo.o
                0x20002a4c                hpb_exti
 .bss.hcom_uart
                0x20002a54       0x94 ./Drivers/BSP/STM32G4xx_Nucleo/stm32g4xx_nucleo.o
                0x20002a54                hcom_uart
 .bss.COM_ActiveLogPort
                0x20002ae8        0x1 ./Drivers/BSP/STM32G4xx_Nucleo/stm32g4xx_nucleo.o
 *fill*         0x20002ae9        0x3 
 .bss.uwTick    0x20002aec        0x4 ./Drivers/STM32G4xx_HAL_Driver/Src/stm32g4xx_hal.o
                0x20002aec                uwTick
 .bss.Cap       0x20002af0       0x10 ./TOF/App/app_tof.o
 .bss.Profile   0x20002b00       0x14 ./TOF/App/app_tof.o
 .bss.Result    0x20002b14      0x504 ./TOF/App/app_tof.o
 .bss.status    0x20003018        0x4 ./TOF/App/app_tof.o
 .bss.PushButtonDetected
                0x2000301c        0x1 ./TOF/App/app_tof.o
 .bss.ToF_EventDetected
                0x2000301d        0x1 ./TOF/App/app_tof.o
                0x2000301d                ToF_EventDetected
 *fill*         0x2000301e        0x2 
 .bss.__sf      0x20003020      0x138 C:/Program Files (x86)/STM32CubeIDE_1.17.0/STM32CubeIDE/plugins/com.st.stm32cube.ide.mcu.externaltools.gnu-tools-for-stm32.12.3.rel1.win32_1.1.0.202410251130/tools/bin/../lib/gcc/arm-none-eabi/12.3.1/../../../../arm-none-eabi/lib/thumb/v7e-m+fp/hard\libc_nano.a(libc_a-findfp.o)
                0x20003020                __sf
 .bss.__stdio_exit_handler
                0x20003158        0x4 C:/Program Files (x86)/STM32CubeIDE_1.17.0/STM32CubeIDE/plugins/com.st.stm32cube.ide.mcu.externaltools.gnu-tools-for-stm32.12.3.rel1.win32_1.1.0.202410251130/tools/bin/../lib/gcc/arm-none-eabi/12.3.1/../../../../arm-none-eabi/lib/thumb/v7e-m+fp/hard\libc_nano.a(libc_a-findfp.o)
                0x20003158                __stdio_exit_handler
 .bss.errno     0x2000315c        0x4 C:/Program Files (x86)/STM32CubeIDE_1.17.0/STM32CubeIDE/plugins/com.st.stm32cube.ide.mcu.externaltools.gnu-tools-for-stm32.12.3.rel1.win32_1.1.0.202410251130/tools/bin/../lib/gcc/arm-none-eabi/12.3.1/../../../../arm-none-eabi/lib/thumb/v7e-m+fp/hard\libc_nano.a(libc_a-reent.o)
                0x2000315c                errno
 .bss.__lock___malloc_recursive_mutex
                0x20003160        0x1 C:/Program Files (x86)/STM32CubeIDE_1.17.0/STM32CubeIDE/plugins/com.st.stm32cube.ide.mcu.externaltools.gnu-tools-for-stm32.12.3.rel1.win32_1.1.0.202410251130/tools/bin/../lib/gcc/arm-none-eabi/12.3.1/../../../../arm-none-eabi/lib/thumb/v7e-m+fp/hard\libc_nano.a(libc_a-lock.o)
                0x20003160                __lock___malloc_recursive_mutex
 .bss.__lock___sfp_recursive_mutex
                0x20003161        0x1 C:/Program Files (x86)/STM32CubeIDE_1.17.0/STM32CubeIDE/plugins/com.st.stm32cube.ide.mcu.externaltools.gnu-tools-for-stm32.12.3.rel1.win32_1.1.0.202410251130/tools/bin/../lib/gcc/arm-none-eabi/12.3.1/../../../../arm-none-eabi/lib/thumb/v7e-m+fp/hard\libc_nano.a(libc_a-lock.o)
                0x20003161                __lock___sfp_recursive_mutex
 *fill*         0x20003162        0x2 
 .bss.__malloc_sbrk_start
                0x20003164        0x4 C:/Program Files (x86)/STM32CubeIDE_1.17.0/STM32CubeIDE/plugins/com.st.stm32cube.ide.mcu.externaltools.gnu-tools-for-stm32.12.3.rel1.win32_1.1.0.202410251130/tools/bin/../lib/gcc/arm-none-eabi/12.3.1/../../../../arm-none-eabi/lib/thumb/v7e-m+fp/hard\libc_nano.a(libc_a-mallocr.o)
                0x20003164                __malloc_sbrk_start
 .bss.__malloc_free_list
                0x20003168        0x4 C:/Program Files (x86)/STM32CubeIDE_1.17.0/STM32CubeIDE/plugins/com.st.stm32cube.ide.mcu.externaltools.gnu-tools-for-stm32.12.3.rel1.win32_1.1.0.202410251130/tools/bin/../lib/gcc/arm-none-eabi/12.3.1/../../../../arm-none-eabi/lib/thumb/v7e-m+fp/hard\libc_nano.a(libc_a-mallocr.o)
                0x20003168                __malloc_free_list
 *(COMMON)
                0x2000316c                        . = ALIGN (0x4)
                0x2000316c                        _ebss = .
                0x2000316c                        __bss_end__ = _ebss

._user_heap_stack
                0x2000316c      0x604 load address 0x0801e958
                0x20003170                        . = ALIGN (0x8)
 *fill*         0x2000316c        0x4 
                [!provide]                        PROVIDE (end = .)
                0x20003170                        PROVIDE (_end = .)
                0x20003370                        . = (. + _Min_Heap_Size)
 *fill*         0x20003170      0x200 
                0x20003770                        . = (. + _Min_Stack_Size)
 *fill*         0x20003370      0x400 
                0x20003770                        . = ALIGN (0x8)

/DISCARD/
 libc.a(*)
 libm.a(*)
 libgcc.a(*)

.ARM.attributes
                0x00000000       0x30
 *(.ARM.attributes)
 .ARM.attributes
                0x00000000       0x22 C:/Program Files (x86)/STM32CubeIDE_1.17.0/STM32CubeIDE/plugins/com.st.stm32cube.ide.mcu.externaltools.gnu-tools-for-stm32.12.3.rel1.win32_1.1.0.202410251130/tools/bin/../lib/gcc/arm-none-eabi/12.3.1/thumb/v7e-m+fp/hard/crti.o
 .ARM.attributes
                0x00000022       0x34 C:/Program Files (x86)/STM32CubeIDE_1.17.0/STM32CubeIDE/plugins/com.st.stm32cube.ide.mcu.externaltools.gnu-tools-for-stm32.12.3.rel1.win32_1.1.0.202410251130/tools/bin/../lib/gcc/arm-none-eabi/12.3.1/thumb/v7e-m+fp/hard/crtbegin.o
 .ARM.attributes
                0x00000056       0x34 ./Core/Src/main.o
 .ARM.attributes
                0x0000008a       0x34 ./Core/Src/stm32g4xx_hal_msp.o
 .ARM.attributes
                0x000000be       0x34 ./Core/Src/stm32g4xx_it.o
 .ARM.attributes
                0x000000f2       0x34 ./Core/Src/stm32g4xx_nucleo_bus.o
 .ARM.attributes
                0x00000126       0x34 ./Core/Src/syscalls.o
 .ARM.attributes
                0x0000015a       0x34 ./Core/Src/sysmem.o
 .ARM.attributes
                0x0000018e       0x34 ./Core/Src/system_stm32g4xx.o
 .ARM.attributes
                0x000001c2       0x21 ./Core/Startup/startup_stm32g491retx.o
 .ARM.attributes
                0x000001e3       0x34 ./Drivers/BSP/53L8A1/53l8a1_ranging_sensor.o
 .ARM.attributes
                0x00000217       0x34 ./Drivers/BSP/Components/vl53l8cx/modules/vl53l8cx_api.o
 .ARM.attributes
                0x0000024b       0x34 ./Drivers/BSP/Components/vl53l8cx/modules/vl53l8cx_plugin_detection_thresholds.o
 .ARM.attributes
                0x0000027f       0x34 ./Drivers/BSP/Components/vl53l8cx/porting/platform.o
 .ARM.attributes
                0x000002b3       0x34 ./Drivers/BSP/Components/vl53l8cx/vl53l8cx.o
 .ARM.attributes
                0x000002e7       0x34 ./Drivers/BSP/STM32G4xx_Nucleo/stm32g4xx_nucleo.o
 .ARM.attributes
                0x0000031b       0x34 ./Drivers/STM32G4xx_HAL_Driver/Src/stm32g4xx_hal.o
 .ARM.attributes
                0x0000034f       0x34 ./Drivers/STM32G4xx_HAL_Driver/Src/stm32g4xx_hal_cortex.o
 .ARM.attributes
                0x00000383       0x34 ./Drivers/STM32G4xx_HAL_Driver/Src/stm32g4xx_hal_exti.o
 .ARM.attributes
                0x000003b7       0x34 ./Drivers/STM32G4xx_HAL_Driver/Src/stm32g4xx_hal_gpio.o
 .ARM.attributes
                0x000003eb       0x34 ./Drivers/STM32G4xx_HAL_Driver/Src/stm32g4xx_hal_i2c.o
 .ARM.attributes
                0x0000041f       0x34 ./Drivers/STM32G4xx_HAL_Driver/Src/stm32g4xx_hal_i2c_ex.o
 .ARM.attributes
                0x00000453       0x34 ./Drivers/STM32G4xx_HAL_Driver/Src/stm32g4xx_hal_pwr_ex.o
 .ARM.attributes
                0x00000487       0x34 ./Drivers/STM32G4xx_HAL_Driver/Src/stm32g4xx_hal_rcc.o
 .ARM.attributes
                0x000004bb       0x34 ./Drivers/STM32G4xx_HAL_Driver/Src/stm32g4xx_hal_rcc_ex.o
 .ARM.attributes
                0x000004ef       0x34 ./Drivers/STM32G4xx_HAL_Driver/Src/stm32g4xx_hal_uart.o
 .ARM.attributes
                0x00000523       0x34 ./TOF/App/app_tof.o
 .ARM.attributes
                0x00000557       0x34 ./TOF/Target/app_tof_pin_conf.o
 .ARM.attributes
                0x0000058b       0x34 C:/Program Files (x86)/STM32CubeIDE_1.17.0/STM32CubeIDE/plugins/com.st.stm32cube.ide.mcu.externaltools.gnu-tools-for-stm32.12.3.rel1.win32_1.1.0.202410251130/tools/bin/../lib/gcc/arm-none-eabi/12.3.1/../../../../arm-none-eabi/lib/thumb/v7e-m+fp/hard\libc_nano.a(libc_a-findfp.o)
 .ARM.attributes
                0x000005bf       0x34 C:/Program Files (x86)/STM32CubeIDE_1.17.0/STM32CubeIDE/plugins/com.st.stm32cube.ide.mcu.externaltools.gnu-tools-for-stm32.12.3.rel1.win32_1.1.0.202410251130/tools/bin/../lib/gcc/arm-none-eabi/12.3.1/../../../../arm-none-eabi/lib/thumb/v7e-m+fp/hard\libc_nano.a(libc_a-fwalk.o)
 .ARM.attributes
                0x000005f3       0x34 C:/Program Files (x86)/STM32CubeIDE_1.17.0/STM32CubeIDE/plugins/com.st.stm32cube.ide.mcu.externaltools.gnu-tools-for-stm32.12.3.rel1.win32_1.1.0.202410251130/tools/bin/../lib/gcc/arm-none-eabi/12.3.1/../../../../arm-none-eabi/lib/thumb/v7e-m+fp/hard\libc_nano.a(libc_a-printf.o)
 .ARM.attributes
                0x00000627       0x34 C:/Program Files (x86)/STM32CubeIDE_1.17.0/STM32CubeIDE/plugins/com.st.stm32cube.ide.mcu.externaltools.gnu-tools-for-stm32.12.3.rel1.win32_1.1.0.202410251130/tools/bin/../lib/gcc/arm-none-eabi/12.3.1/../../../../arm-none-eabi/lib/thumb/v7e-m+fp/hard\libc_nano.a(libc_a-putchar.o)
 .ARM.attributes
                0x0000065b       0x34 C:/Program Files (x86)/STM32CubeIDE_1.17.0/STM32CubeIDE/plugins/com.st.stm32cube.ide.mcu.externaltools.gnu-tools-for-stm32.12.3.rel1.win32_1.1.0.202410251130/tools/bin/../lib/gcc/arm-none-eabi/12.3.1/../../../../arm-none-eabi/lib/thumb/v7e-m+fp/hard\libc_nano.a(libc_a-puts.o)
 .ARM.attributes
                0x0000068f       0x34 C:/Program Files (x86)/STM32CubeIDE_1.17.0/STM32CubeIDE/plugins/com.st.stm32cube.ide.mcu.externaltools.gnu-tools-for-stm32.12.3.rel1.win32_1.1.0.202410251130/tools/bin/../lib/gcc/arm-none-eabi/12.3.1/../../../../arm-none-eabi/lib/thumb/v7e-m+fp/hard\libc_nano.a(libc_a-stdio.o)
 .ARM.attributes
                0x000006c3       0x34 C:/Program Files (x86)/STM32CubeIDE_1.17.0/STM32CubeIDE/plugins/com.st.stm32cube.ide.mcu.externaltools.gnu-tools-for-stm32.12.3.rel1.win32_1.1.0.202410251130/tools/bin/../lib/gcc/arm-none-eabi/12.3.1/../../../../arm-none-eabi/lib/thumb/v7e-m+fp/hard\libc_nano.a(libc_a-wbuf.o)
 .ARM.attributes
                0x000006f7       0x34 C:/Program Files (x86)/STM32CubeIDE_1.17.0/STM32CubeIDE/plugins/com.st.stm32cube.ide.mcu.externaltools.gnu-tools-for-stm32.12.3.rel1.win32_1.1.0.202410251130/tools/bin/../lib/gcc/arm-none-eabi/12.3.1/../../../../arm-none-eabi/lib/thumb/v7e-m+fp/hard\libc_nano.a(libc_a-wsetup.o)
 .ARM.attributes
                0x0000072b       0x34 C:/Program Files (x86)/STM32CubeIDE_1.17.0/STM32CubeIDE/plugins/com.st.stm32cube.ide.mcu.externaltools.gnu-tools-for-stm32.12.3.rel1.win32_1.1.0.202410251130/tools/bin/../lib/gcc/arm-none-eabi/12.3.1/../../../../arm-none-eabi/lib/thumb/v7e-m+fp/hard\libc_nano.a(libc_a-memset.o)
 .ARM.attributes
                0x0000075f       0x34 C:/Program Files (x86)/STM32CubeIDE_1.17.0/STM32CubeIDE/plugins/com.st.stm32cube.ide.mcu.externaltools.gnu-tools-for-stm32.12.3.rel1.win32_1.1.0.202410251130/tools/bin/../lib/gcc/arm-none-eabi/12.3.1/../../../../arm-none-eabi/lib/thumb/v7e-m+fp/hard\libc_nano.a(libc_a-closer.o)
 .ARM.attributes
                0x00000793       0x34 C:/Program Files (x86)/STM32CubeIDE_1.17.0/STM32CubeIDE/plugins/com.st.stm32cube.ide.mcu.externaltools.gnu-tools-for-stm32.12.3.rel1.win32_1.1.0.202410251130/tools/bin/../lib/gcc/arm-none-eabi/12.3.1/../../../../arm-none-eabi/lib/thumb/v7e-m+fp/hard\libc_nano.a(libc_a-reent.o)
 .ARM.attributes
                0x000007c7       0x34 C:/Program Files (x86)/STM32CubeIDE_1.17.0/STM32CubeIDE/plugins/com.st.stm32cube.ide.mcu.externaltools.gnu-tools-for-stm32.12.3.rel1.win32_1.1.0.202410251130/tools/bin/../lib/gcc/arm-none-eabi/12.3.1/../../../../arm-none-eabi/lib/thumb/v7e-m+fp/hard\libc_nano.a(libc_a-impure.o)
 .ARM.attributes
                0x000007fb       0x34 C:/Program Files (x86)/STM32CubeIDE_1.17.0/STM32CubeIDE/plugins/com.st.stm32cube.ide.mcu.externaltools.gnu-tools-for-stm32.12.3.rel1.win32_1.1.0.202410251130/tools/bin/../lib/gcc/arm-none-eabi/12.3.1/../../../../arm-none-eabi/lib/thumb/v7e-m+fp/hard\libc_nano.a(libc_a-lseekr.o)
 .ARM.attributes
                0x0000082f       0x34 C:/Program Files (x86)/STM32CubeIDE_1.17.0/STM32CubeIDE/plugins/com.st.stm32cube.ide.mcu.externaltools.gnu-tools-for-stm32.12.3.rel1.win32_1.1.0.202410251130/tools/bin/../lib/gcc/arm-none-eabi/12.3.1/../../../../arm-none-eabi/lib/thumb/v7e-m+fp/hard\libc_nano.a(libc_a-readr.o)
 .ARM.attributes
                0x00000863       0x34 C:/Program Files (x86)/STM32CubeIDE_1.17.0/STM32CubeIDE/plugins/com.st.stm32cube.ide.mcu.externaltools.gnu-tools-for-stm32.12.3.rel1.win32_1.1.0.202410251130/tools/bin/../lib/gcc/arm-none-eabi/12.3.1/../../../../arm-none-eabi/lib/thumb/v7e-m+fp/hard\libc_nano.a(libc_a-writer.o)
 .ARM.attributes
                0x00000897       0x34 C:/Program Files (x86)/STM32CubeIDE_1.17.0/STM32CubeIDE/plugins/com.st.stm32cube.ide.mcu.externaltools.gnu-tools-for-stm32.12.3.rel1.win32_1.1.0.202410251130/tools/bin/../lib/gcc/arm-none-eabi/12.3.1/../../../../arm-none-eabi/lib/thumb/v7e-m+fp/hard\libc_nano.a(libc_a-errno.o)
 .ARM.attributes
                0x000008cb       0x34 C:/Program Files (x86)/STM32CubeIDE_1.17.0/STM32CubeIDE/plugins/com.st.stm32cube.ide.mcu.externaltools.gnu-tools-for-stm32.12.3.rel1.win32_1.1.0.202410251130/tools/bin/../lib/gcc/arm-none-eabi/12.3.1/../../../../arm-none-eabi/lib/thumb/v7e-m+fp/hard\libc_nano.a(libc_a-init.o)
 .ARM.attributes
                0x000008ff       0x34 C:/Program Files (x86)/STM32CubeIDE_1.17.0/STM32CubeIDE/plugins/com.st.stm32cube.ide.mcu.externaltools.gnu-tools-for-stm32.12.3.rel1.win32_1.1.0.202410251130/tools/bin/../lib/gcc/arm-none-eabi/12.3.1/../../../../arm-none-eabi/lib/thumb/v7e-m+fp/hard\libc_nano.a(libc_a-lock.o)
 .ARM.attributes
                0x00000933       0x34 C:/Program Files (x86)/STM32CubeIDE_1.17.0/STM32CubeIDE/plugins/com.st.stm32cube.ide.mcu.externaltools.gnu-tools-for-stm32.12.3.rel1.win32_1.1.0.202410251130/tools/bin/../lib/gcc/arm-none-eabi/12.3.1/../../../../arm-none-eabi/lib/thumb/v7e-m+fp/hard\libc_nano.a(libc_a-memcpy-stub.o)
 .ARM.attributes
                0x00000967       0x34 C:/Program Files (x86)/STM32CubeIDE_1.17.0/STM32CubeIDE/plugins/com.st.stm32cube.ide.mcu.externaltools.gnu-tools-for-stm32.12.3.rel1.win32_1.1.0.202410251130/tools/bin/../lib/gcc/arm-none-eabi/12.3.1/../../../../arm-none-eabi/lib/thumb/v7e-m+fp/hard\libc_nano.a(libc_a-freer.o)
 .ARM.attributes
                0x0000099b       0x34 C:/Program Files (x86)/STM32CubeIDE_1.17.0/STM32CubeIDE/plugins/com.st.stm32cube.ide.mcu.externaltools.gnu-tools-for-stm32.12.3.rel1.win32_1.1.0.202410251130/tools/bin/../lib/gcc/arm-none-eabi/12.3.1/../../../../arm-none-eabi/lib/thumb/v7e-m+fp/hard\libc_nano.a(libc_a-mallocr.o)
 .ARM.attributes
                0x000009cf       0x34 C:/Program Files (x86)/STM32CubeIDE_1.17.0/STM32CubeIDE/plugins/com.st.stm32cube.ide.mcu.externaltools.gnu-tools-for-stm32.12.3.rel1.win32_1.1.0.202410251130/tools/bin/../lib/gcc/arm-none-eabi/12.3.1/../../../../arm-none-eabi/lib/thumb/v7e-m+fp/hard\libc_nano.a(libc_a-mlock.o)
 .ARM.attributes
                0x00000a03       0x34 C:/Program Files (x86)/STM32CubeIDE_1.17.0/STM32CubeIDE/plugins/com.st.stm32cube.ide.mcu.externaltools.gnu-tools-for-stm32.12.3.rel1.win32_1.1.0.202410251130/tools/bin/../lib/gcc/arm-none-eabi/12.3.1/../../../../arm-none-eabi/lib/thumb/v7e-m+fp/hard\libc_nano.a(libc_a-nano-vfprintf.o)
 .ARM.attributes
                0x00000a37       0x34 C:/Program Files (x86)/STM32CubeIDE_1.17.0/STM32CubeIDE/plugins/com.st.stm32cube.ide.mcu.externaltools.gnu-tools-for-stm32.12.3.rel1.win32_1.1.0.202410251130/tools/bin/../lib/gcc/arm-none-eabi/12.3.1/../../../../arm-none-eabi/lib/thumb/v7e-m+fp/hard\libc_nano.a(libc_a-nano-vfprintf_i.o)
 .ARM.attributes
                0x00000a6b       0x34 C:/Program Files (x86)/STM32CubeIDE_1.17.0/STM32CubeIDE/plugins/com.st.stm32cube.ide.mcu.externaltools.gnu-tools-for-stm32.12.3.rel1.win32_1.1.0.202410251130/tools/bin/../lib/gcc/arm-none-eabi/12.3.1/../../../../arm-none-eabi/lib/thumb/v7e-m+fp/hard\libc_nano.a(libc_a-fflush.o)
 .ARM.attributes
                0x00000a9f       0x34 C:/Program Files (x86)/STM32CubeIDE_1.17.0/STM32CubeIDE/plugins/com.st.stm32cube.ide.mcu.externaltools.gnu-tools-for-stm32.12.3.rel1.win32_1.1.0.202410251130/tools/bin/../lib/gcc/arm-none-eabi/12.3.1/../../../../arm-none-eabi/lib/thumb/v7e-m+fp/hard\libc_nano.a(libc_a-makebuf.o)
 .ARM.attributes
                0x00000ad3       0x34 C:/Program Files (x86)/STM32CubeIDE_1.17.0/STM32CubeIDE/plugins/com.st.stm32cube.ide.mcu.externaltools.gnu-tools-for-stm32.12.3.rel1.win32_1.1.0.202410251130/tools/bin/../lib/gcc/arm-none-eabi/12.3.1/../../../../arm-none-eabi/lib/thumb/v7e-m+fp/hard\libc_nano.a(libc_a-putc.o)
 .ARM.attributes
                0x00000b07       0x34 C:/Program Files (x86)/STM32CubeIDE_1.17.0/STM32CubeIDE/plugins/com.st.stm32cube.ide.mcu.externaltools.gnu-tools-for-stm32.12.3.rel1.win32_1.1.0.202410251130/tools/bin/../lib/gcc/arm-none-eabi/12.3.1/../../../../arm-none-eabi/lib/thumb/v7e-m+fp/hard\libc_nano.a(libc_a-fstatr.o)
 .ARM.attributes
                0x00000b3b       0x34 C:/Program Files (x86)/STM32CubeIDE_1.17.0/STM32CubeIDE/plugins/com.st.stm32cube.ide.mcu.externaltools.gnu-tools-for-stm32.12.3.rel1.win32_1.1.0.202410251130/tools/bin/../lib/gcc/arm-none-eabi/12.3.1/../../../../arm-none-eabi/lib/thumb/v7e-m+fp/hard\libc_nano.a(libc_a-isattyr.o)
 .ARM.attributes
                0x00000b6f       0x34 C:/Program Files (x86)/STM32CubeIDE_1.17.0/STM32CubeIDE/plugins/com.st.stm32cube.ide.mcu.externaltools.gnu-tools-for-stm32.12.3.rel1.win32_1.1.0.202410251130/tools/bin/../lib/gcc/arm-none-eabi/12.3.1/../../../../arm-none-eabi/lib/thumb/v7e-m+fp/hard\libc_nano.a(libc_a-sbrkr.o)
 .ARM.attributes
                0x00000ba3       0x1c C:/Program Files (x86)/STM32CubeIDE_1.17.0/STM32CubeIDE/plugins/com.st.stm32cube.ide.mcu.externaltools.gnu-tools-for-stm32.12.3.rel1.win32_1.1.0.202410251130/tools/bin/../lib/gcc/arm-none-eabi/12.3.1/../../../../arm-none-eabi/lib/thumb/v7e-m+fp/hard\libc_nano.a(libc_a-memchr.o)
 .ARM.attributes
                0x00000bbf       0x22 C:/Program Files (x86)/STM32CubeIDE_1.17.0/STM32CubeIDE/plugins/com.st.stm32cube.ide.mcu.externaltools.gnu-tools-for-stm32.12.3.rel1.win32_1.1.0.202410251130/tools/bin/../lib/gcc/arm-none-eabi/12.3.1/thumb/v7e-m+fp/hard\libgcc.a(_aeabi_uldivmod.o)
 .ARM.attributes
                0x00000be1       0x34 C:/Program Files (x86)/STM32CubeIDE_1.17.0/STM32CubeIDE/plugins/com.st.stm32cube.ide.mcu.externaltools.gnu-tools-for-stm32.12.3.rel1.win32_1.1.0.202410251130/tools/bin/../lib/gcc/arm-none-eabi/12.3.1/thumb/v7e-m+fp/hard\libgcc.a(_udivmoddi4.o)
 .ARM.attributes
                0x00000c15       0x22 C:/Program Files (x86)/STM32CubeIDE_1.17.0/STM32CubeIDE/plugins/com.st.stm32cube.ide.mcu.externaltools.gnu-tools-for-stm32.12.3.rel1.win32_1.1.0.202410251130/tools/bin/../lib/gcc/arm-none-eabi/12.3.1/thumb/v7e-m+fp/hard\libgcc.a(_dvmd_tls.o)
 .ARM.attributes
                0x00000c37       0x22 C:/Program Files (x86)/STM32CubeIDE_1.17.0/STM32CubeIDE/plugins/com.st.stm32cube.ide.mcu.externaltools.gnu-tools-for-stm32.12.3.rel1.win32_1.1.0.202410251130/tools/bin/../lib/gcc/arm-none-eabi/12.3.1/thumb/v7e-m+fp/hard/crtn.o
OUTPUT(G491_53L8.elf elf32-littlearm)
LOAD linker stubs
LOAD C:/Program Files (x86)/STM32CubeIDE_1.17.0/STM32CubeIDE/plugins/com.st.stm32cube.ide.mcu.externaltools.gnu-tools-for-stm32.12.3.rel1.win32_1.1.0.202410251130/tools/bin/../lib/gcc/arm-none-eabi/12.3.1/../../../../arm-none-eabi/lib/thumb/v7e-m+fp/hard\libc.a
LOAD C:/Program Files (x86)/STM32CubeIDE_1.17.0/STM32CubeIDE/plugins/com.st.stm32cube.ide.mcu.externaltools.gnu-tools-for-stm32.12.3.rel1.win32_1.1.0.202410251130/tools/bin/../lib/gcc/arm-none-eabi/12.3.1/../../../../arm-none-eabi/lib/thumb/v7e-m+fp/hard\libm.a
LOAD C:/Program Files (x86)/STM32CubeIDE_1.17.0/STM32CubeIDE/plugins/com.st.stm32cube.ide.mcu.externaltools.gnu-tools-for-stm32.12.3.rel1.win32_1.1.0.202410251130/tools/bin/../lib/gcc/arm-none-eabi/12.3.1/thumb/v7e-m+fp/hard\libgcc.a

.debug_info     0x00000000    0x14e82
 .debug_info    0x00000000      0xb8f ./Core/Src/main.o
 .debug_info    0x00000b8f      0x2e1 ./Core/Src/stm32g4xx_hal_msp.o
 .debug_info    0x00000e70      0x163 ./Core/Src/stm32g4xx_it.o
 .debug_info    0x00000fd3     0x1102 ./Core/Src/stm32g4xx_nucleo_bus.o
 .debug_info    0x000020d5      0x6a3 ./Core/Src/syscalls.o
 .debug_info    0x00002778      0x168 ./Core/Src/sysmem.o
 .debug_info    0x000028e0      0x58e ./Core/Src/system_stm32g4xx.o
 .debug_info    0x00002e6e       0x30 ./Core/Startup/startup_stm32g491retx.o
 .debug_info    0x00002e9e      0xfd4 ./Drivers/BSP/53L8A1/53l8a1_ranging_sensor.o
 .debug_info    0x00003e72     0x1299 ./Drivers/BSP/Components/vl53l8cx/modules/vl53l8cx_api.o
 .debug_info    0x0000510b      0x519 ./Drivers/BSP/Components/vl53l8cx/modules/vl53l8cx_plugin_detection_thresholds.o
 .debug_info    0x00005624      0x335 ./Drivers/BSP/Components/vl53l8cx/porting/platform.o
 .debug_info    0x00005959     0x1199 ./Drivers/BSP/Components/vl53l8cx/vl53l8cx.o
 .debug_info    0x00006af2     0x16de ./Drivers/BSP/STM32G4xx_Nucleo/stm32g4xx_nucleo.o
 .debug_info    0x000081d0      0xb29 ./Drivers/STM32G4xx_HAL_Driver/Src/stm32g4xx_hal.o
 .debug_info    0x00008cf9      0xd8d ./Drivers/STM32G4xx_HAL_Driver/Src/stm32g4xx_hal_cortex.o
 .debug_info    0x00009a86      0x63d ./Drivers/STM32G4xx_HAL_Driver/Src/stm32g4xx_hal_exti.o
 .debug_info    0x0000a0c3      0x763 ./Drivers/STM32G4xx_HAL_Driver/Src/stm32g4xx_hal_gpio.o
 .debug_info    0x0000a826     0x21ea ./Drivers/STM32G4xx_HAL_Driver/Src/stm32g4xx_hal_i2c.o
 .debug_info    0x0000ca10      0xad6 ./Drivers/STM32G4xx_HAL_Driver/Src/stm32g4xx_hal_i2c_ex.o
 .debug_info    0x0000d4e6      0x93f ./Drivers/STM32G4xx_HAL_Driver/Src/stm32g4xx_hal_pwr_ex.o
 .debug_info    0x0000de25      0xb82 ./Drivers/STM32G4xx_HAL_Driver/Src/stm32g4xx_hal_rcc.o
 .debug_info    0x0000e9a7      0xc39 ./Drivers/STM32G4xx_HAL_Driver/Src/stm32g4xx_hal_rcc_ex.o
 .debug_info    0x0000f5e0     0x481e ./Drivers/STM32G4xx_HAL_Driver/Src/stm32g4xx_hal_uart.o
 .debug_info    0x00013dfe      0xfa9 ./TOF/App/app_tof.o
 .debug_info    0x00014da7       0xdb ./TOF/Target/app_tof_pin_conf.o

.debug_abbrev   0x00000000     0x3228
 .debug_abbrev  0x00000000      0x232 ./Core/Src/main.o
 .debug_abbrev  0x00000232       0xd9 ./Core/Src/stm32g4xx_hal_msp.o
 .debug_abbrev  0x0000030b       0xa0 ./Core/Src/stm32g4xx_it.o
 .debug_abbrev  0x000003ab      0x2dd ./Core/Src/stm32g4xx_nucleo_bus.o
 .debug_abbrev  0x00000688      0x1b6 ./Core/Src/syscalls.o
 .debug_abbrev  0x0000083e       0xbc ./Core/Src/sysmem.o
 .debug_abbrev  0x000008fa      0x11a ./Core/Src/system_stm32g4xx.o
 .debug_abbrev  0x00000a14       0x24 ./Core/Startup/startup_stm32g491retx.o
 .debug_abbrev  0x00000a38      0x264 ./Drivers/BSP/53L8A1/53l8a1_ranging_sensor.o
 .debug_abbrev  0x00000c9c      0x2b3 ./Drivers/BSP/Components/vl53l8cx/modules/vl53l8cx_api.o
 .debug_abbrev  0x00000f4f      0x168 ./Drivers/BSP/Components/vl53l8cx/modules/vl53l8cx_plugin_detection_thresholds.o
 .debug_abbrev  0x000010b7      0x10c ./Drivers/BSP/Components/vl53l8cx/porting/platform.o
 .debug_abbrev  0x000011c3      0x2b1 ./Drivers/BSP/Components/vl53l8cx/vl53l8cx.o
 .debug_abbrev  0x00001474      0x2fb ./Drivers/BSP/STM32G4xx_Nucleo/stm32g4xx_nucleo.o
 .debug_abbrev  0x0000176f      0x271 ./Drivers/STM32G4xx_HAL_Driver/Src/stm32g4xx_hal.o
 .debug_abbrev  0x000019e0      0x31c ./Drivers/STM32G4xx_HAL_Driver/Src/stm32g4xx_hal_cortex.o