Archive member included to satisfy reference by file (symbol)

C:/Program Files (x86)/STM32CubeIDE_1.17.0/STM32CubeIDE/plugins/com.st.stm32cube.ide.mcu.externaltools.gnu-tools-for-stm32.12.3.rel1.win32_1.1.0.202410251130/tools/bin/../lib/gcc/arm-none-eabi/12.3.1/../../../../arm-none-eabi/lib/thumb/v7e-m+fp/hard\libc_nano.a(libc_a-exit.o)
                              C:/Program Files (x86)/STM32CubeIDE_1.17.0/STM32CubeIDE/plugins/com.st.stm32cube.ide.mcu.externaltools.gnu-tools-for-stm32.12.3.rel1.win32_1.1.0.202410251130/tools/bin/../lib/gcc/arm-none-eabi/12.3.1/../../../../arm-none-eabi/lib/thumb/v7e-m+fp/hard/crt0.o (exit)
C:/Program Files (x86)/STM32CubeIDE_1.17.0/STM32CubeIDE/plugins/com.st.stm32cube.ide.mcu.externaltools.gnu-tools-for-stm32.12.3.rel1.win32_1.1.0.202410251130/tools/bin/../lib/gcc/arm-none-eabi/12.3.1/../../../../arm-none-eabi/lib/thumb/v7e-m+fp/hard\libc_nano.a(libc_a-nano-vfprintf_float.o)
                              (_printf_float)
C:/Program Files (x86)/STM32CubeIDE_1.17.0/STM32CubeIDE/plugins/com.st.stm32cube.ide.mcu.externaltools.gnu-tools-for-stm32.12.3.rel1.win32_1.1.0.202410251130/tools/bin/../lib/gcc/arm-none-eabi/12.3.1/../../../../arm-none-eabi/lib/thumb/v7e-m+fp/hard\libc_nano.a(libc_a-nano-vfprintf_i.o)
                              C:/Program Files (x86)/STM32CubeIDE_1.17.0/STM32CubeIDE/plugins/com.st.stm32cube.ide.mcu.externaltools.gnu-tools-for-stm32.12.3.rel1.win32_1.1.0.202410251130/tools/bin/../lib/gcc/arm-none-eabi/12.3.1/../../../../arm-none-eabi/lib/thumb/v7e-m+fp/hard\libc_nano.a(libc_a-nano-vfprintf_float.o) (_printf_common)
C:/Program Files (x86)/STM32CubeIDE_1.17.0/STM32CubeIDE/plugins/com.st.stm32cube.ide.mcu.externaltools.gnu-tools-for-stm32.12.3.rel1.win32_1.1.0.202410251130/tools/bin/../lib/gcc/arm-none-eabi/12.3.1/../../../../arm-none-eabi/lib/thumb/v7e-m+fp/hard\libc_nano.a(libc_a-findfp.o)
                              C:/Program Files (x86)/STM32CubeIDE_1.17.0/STM32CubeIDE/plugins/com.st.stm32cube.ide.mcu.externaltools.gnu-tools-for-stm32.12.3.rel1.win32_1.1.0.202410251130/tools/bin/../lib/gcc/arm-none-eabi/12.3.1/../../../../arm-none-eabi/lib/thumb/v7e-m+fp/hard\libc_nano.a(libc_a-exit.o) (__stdio_exit_handler)
C:/Program Files (x86)/STM32CubeIDE_1.17.0/STM32CubeIDE/plugins/com.st.stm32cube.ide.mcu.externaltools.gnu-tools-for-stm32.12.3.rel1.win32_1.1.0.202410251130/tools/bin/../lib/gcc/arm-none-eabi/12.3.1/../../../../arm-none-eabi/lib/thumb/v7e-m+fp/hard\libc_nano.a(libc_a-fwalk.o)
                              C:/Program Files (x86)/STM32CubeIDE_1.17.0/STM32CubeIDE/plugins/com.st.stm32cube.ide.mcu.externaltools.gnu-tools-for-stm32.12.3.rel1.win32_1.1.0.202410251130/tools/bin/../lib/gcc/arm-none-eabi/12.3.1/../../../../arm-none-eabi/lib/thumb/v7e-m+fp/hard\libc_nano.a(libc_a-findfp.o) (_fwalk_sglue)
C:/Program Files (x86)/STM32CubeIDE_1.17.0/STM32CubeIDE/plugins/com.st.stm32cube.ide.mcu.externaltools.gnu-tools-for-stm32.12.3.rel1.win32_1.1.0.202410251130/tools/bin/../lib/gcc/arm-none-eabi/12.3.1/../../../../arm-none-eabi/lib/thumb/v7e-m+fp/hard\libc_nano.a(libc_a-printf.o)
                              ./Drivers/BSP/53L8A1/53l8a1_ranging_sensor.o (printf)
C:/Program Files (x86)/STM32CubeIDE_1.17.0/STM32CubeIDE/plugins/com.st.stm32cube.ide.mcu.externaltools.gnu-tools-for-stm32.12.3.rel1.win32_1.1.0.202410251130/tools/bin/../lib/gcc/arm-none-eabi/12.3.1/../../../../arm-none-eabi/lib/thumb/v7e-m+fp/hard\libc_nano.a(libc_a-putchar.o)
                              ./TOF/App/app_tof.o (putchar)
C:/Program Files (x86)/STM32CubeIDE_1.17.0/STM32CubeIDE/plugins/com.st.stm32cube.ide.mcu.externaltools.gnu-tools-for-stm32.12.3.rel1.win32_1.1.0.202410251130/tools/bin/../lib/gcc/arm-none-eabi/12.3.1/../../../../arm-none-eabi/lib/thumb/v7e-m+fp/hard\libc_nano.a(libc_a-puts.o)
                              ./TOF/App/app_tof.o (puts)
C:/Program Files (x86)/STM32CubeIDE_1.17.0/STM32CubeIDE/plugins/com.st.stm32cube.ide.mcu.externaltools.gnu-tools-for-stm32.12.3.rel1.win32_1.1.0.202410251130/tools/bin/../lib/gcc/arm-none-eabi/12.3.1/../../../../arm-none-eabi/lib/thumb/v7e-m+fp/hard\libc_nano.a(libc_a-stdio.o)
                              C:/Program Files (x86)/STM32CubeIDE_1.17.0/STM32CubeIDE/plugins/com.st.stm32cube.ide.mcu.externaltools.gnu-tools-for-stm32.12.3.rel1.win32_1.1.0.202410251130/tools/bin/../lib/gcc/arm-none-eabi/12.3.1/../../../../arm-none-eabi/lib/thumb/v7e-m+fp/hard\libc_nano.a(libc_a-findfp.o) (__sread)
C:/Program Files (x86)/STM32CubeIDE_1.17.0/STM32CubeIDE/plugins/com.st.stm32cube.ide.mcu.externaltools.gnu-tools-for-stm32.12.3.rel1.win32_1.1.0.202410251130/tools/bin/../lib/gcc/arm-none-eabi/12.3.1/../../../../arm-none-eabi/lib/thumb/v7e-m+fp/hard\libc_nano.a(libc_a-wbuf.o)
[...]
Memory Configuration

Name             Origin             Length             Attributes
RAM              0x20000000         0x0001c000         xrw
FLASH            0x08000000         0x00080000         xr
*default*        0x00000000         0xffffffff

Linker script and memory map

LOAD C:/Program Files (x86)/STM32CubeIDE_1.17.0/STM32CubeIDE/plugins/com.st.stm32cube.ide.mcu.externaltools.gnu-tools-for-stm32.12.3.rel1.win32_1.1.0.202410251130/tools/bin/../lib/gcc/arm-none-eabi/12.3.1/thumb/v7e-m+fp/hard/crti.o
LOAD C:/Program Files (x86)/STM32CubeIDE_1.17.0/STM32CubeIDE/plugins/com.st.stm32cube.ide.mcu.externaltools.gnu-tools-for-stm32.12.3.rel1.win32_1.1.0.202410251130/tools/bin/../lib/gcc/arm-none-eabi/12.3.1/thumb/v7e-m+fp/hard/crtbegin.o
LOAD C:/Program Files (x86)/STM32CubeIDE_1.17.0/STM32CubeIDE/plugins/com.st.stm32cube.ide.mcu.externaltools.gnu-tools-for-stm32.12.3.rel1.win32_1.1.0.202410251130/tools/bin/../lib/gcc/arm-none-eabi/12.3.1/../../../../arm-none-eabi/lib/thumb/v7e-m+fp/hard/crt0.o
LOAD ./Core/Src/main.o
LOAD ./Core/Src/stm32g4xx_hal_msp.o
LOAD ./Core/Src/stm32g4xx_it.o
LOAD ./Core/Src/stm32g4xx_nucleo_bus.o
LOAD ./Core/Src/syscalls.o
LOAD ./Core/Src/sysmem.o
LOAD ./Core/Src/system_stm32g4xx.o
LOAD ./Core/Startup/startup_stm32g491retx.o
LOAD ./Drivers/BSP/53L8A1/53l8a1_ranging_sensor.o
LOAD ./Drivers/BSP/Components/vl53l8cx/modules/vl53l8cx_api.o
LOAD ./Drivers/BSP/Components/vl53l8cx/modules/vl53l8cx_plugin_detection_thresholds.o
LOAD ./Drivers/BSP/Components/vl53l8cx/modules/vl53l8cx_plugin_motion_indicator.o
LOAD ./Drivers/BSP/Components/vl53l8cx/modules/vl53l8cx_plugin_xtalk.o
LOAD ./Drivers/BSP/Components/vl53l8cx/porting/platform.o
LOAD ./Drivers/BSP/Components/vl53l8cx/vl53l8cx.o
LOAD ./Drivers/BSP/STM32G4xx_Nucleo/stm32g4xx_nucleo.o
LOAD ./Drivers/STM32G4xx_HAL_Driver/Src/stm32g4xx_hal.o
LOAD ./Drivers/STM32G4xx_HAL_Driver/Src/stm32g4xx_hal_cortex.o
LOAD ./Drivers/STM32G4xx_HAL_Driver/Src/stm32g4xx_hal_dma.o
LOAD ./Drivers/STM32G4xx_HAL_Driver/Src/stm32g4xx_hal_dma_ex.o
LOAD ./Drivers/STM32G4xx_HAL_Driver/Src/stm32g4xx_hal_exti.o
LOAD ./Drivers/STM32G4xx_HAL_Driver/Src/stm32g4xx_hal_flash.o
LOAD ./Drivers/STM32G4xx_HAL_Driver/Src/stm32g4xx_hal_flash_ex.o
LOAD ./Drivers/STM32G4xx_HAL_Driver/Src/stm32g4xx_hal_flash_ramfunc.o
LOAD ./Drivers/STM32G4xx_HAL_Driver/Src/stm32g4xx_hal_gpio.o
LOAD ./Drivers/STM32G4xx_HAL_Driver/Src/stm32g4xx_hal_i2c.o
LOAD ./Drivers/STM32G4xx_HAL_Driver/Src/stm32g4xx_hal_i2c_ex.o
LOAD ./Drivers/STM32G4xx_HAL_Driver/Src/stm32g4xx_hal_pwr.o
LOAD ./Drivers/STM32G4xx_HAL_Driver/Src/stm32g4xx_hal_pwr_ex.o
LOAD ./Drivers/STM32G4xx_HAL_Driver/Src/stm32g4xx_hal_rcc.o
LOAD ./Drivers/STM32G4xx_HAL_Driver/Src/stm32g4xx_hal_rcc_ex.o
LOAD ./Drivers/STM32G4xx_HAL_Driver/Src/stm32g4xx_hal_uart.o
LOAD ./Drivers/STM32G4xx_HAL_Driver/Src/stm32g4xx_hal_uart_ex.o
LOAD ./Drivers/STM32G4xx_HAL_Driver/Src/stm32g4xx_hal_usart.o
LOAD ./Drivers/STM32G4xx_HAL_Driver/Src/stm32g4xx_hal_usart_ex.o
LOAD ./TOF/App/app_tof.o
LOAD ./TOF/Target/app_tof_pin_conf.o
START GROUP
LOAD C:/Program Files (x86)/STM32CubeIDE_1.17.0/STM32CubeIDE/plugins/com.st.stm32cube.ide.mcu.externaltools.gnu-tools-for-stm32.12.3.rel1.win32_1.1.0.202410251130/tools/bin/../lib/gcc/arm-none-eabi/12.3.1/../../../../arm-none-eabi/lib/thumb/v7e-m+fp/hard\libc_nano.a
LOAD C:/Program Files (x86)/STM32CubeIDE_1.17.0/STM32CubeIDE/plugins/com.st.stm32cube.ide.mcu.externaltools.gnu-tools-for-stm32.12.3.rel1.win32_1.1.0.202410251130/tools/bin/../lib/gcc/arm-none-eabi/12.3.1/../../../../arm-none-eabi/lib/thumb/v7e-m+fp/hard\libm.a
END GROUP
START GROUP
LOAD C:/Program Files (x86)/STM32CubeIDE_1.17.0/STM32CubeIDE/plugins/com.st.stm32cube.ide.mcu.externaltools.gnu-tools-for-stm32.12.3.rel1.win32_1.1.0.202410251130/tools/bin/../lib/gcc/arm-none-eabi/12.3.1/thumb/v7e-m+fp/hard\libgcc.a
LOAD C:/Program Files (x86)/STM32CubeIDE_1.17.0/STM32CubeIDE/plugins/com.st.stm32cube.ide.mcu.externaltools.gnu-tools-for-stm32.12.3.rel1.win32_1.1.0.202410251130/tools/bin/../lib/gcc/arm-none-eabi/12.3.1/../../../../arm-none-eabi/lib/thumb/v7e-m+fp/hard\libc_nano.a
END GROUP
START GROUP
LOAD C:/Program Files (x86)/STM32CubeIDE_1.17.0/STM32CubeIDE/plugins/com.st.stm32cube.ide.mcu.externaltools.gnu-tools-for-stm32.12.3.rel1.win32_1.1.0.202410251130/tools/bin/../lib/gcc/arm-none-eabi/12.3.1/thumb/v7e-m+fp/hard\libgcc.a
LOAD C:/Program Files (x86)/STM32CubeIDE_1.17.0/STM32CubeIDE/plugins/com.st.stm32cube.ide.mcu.externaltools.gnu-tools-for-stm32.12.3.rel1.win32_1.1.0.202410251130/tools/bin/../lib/gcc/arm-none-eabi/12.3.1/../../../../arm-none-eabi/lib/thumb/v7e-m+fp/hard\libc_nano.a
LOAD C:/Program Files (x86)/STM32CubeIDE_1.17.0/STM32CubeIDE/plugins/com.st.stm32cube.ide.mcu.externaltools.gnu-tools-for-stm32.12.3.rel1.win32_1.1.0.202410251130/tools/bin/../lib/gcc/arm-none-eabi/12.3.1/../../../../arm-none-eabi/lib/thumb/v7e-m+fp/hard\libnosys.a
END GROUP
START GROUP
LOAD C:/Program Files (x86)/STM32CubeIDE_1.17.0/STM32CubeIDE/plugins/com.st.stm32cube.ide.mcu.externaltools.gnu-tools-for-stm32.12.3.rel1.win32_1.1.0.202410251130/tools/bin/../lib/gcc/arm-none-eabi/12.3.1/thumb/v7e-m+fp/hard\libgcc.a
LOAD C:/Program Files (x86)/STM32CubeIDE_1.17.0/STM32CubeIDE/plugins/com.st.stm32cube.ide.mcu.externaltools.gnu-tools-for-stm32.12.3.rel1.win32_1.1.0.202410251130/tools/bin/../lib/gcc/arm-none-eabi/12.3.1/../../../../arm-none-eabi/lib/thumb/v7e-m+fp/hard\libc_nano.a
LOAD C:/Program Files (x86)/STM32CubeIDE_1.17.0/STM32CubeIDE/plugins/com.st.stm32cube.ide.mcu.externaltools.gnu-tools-for-stm32.12.3.rel1.win32_1.1.0.202410251130/tools/bin/../lib/gcc/arm-none-eabi/12.3.1/../../../../arm-none-eabi/lib/thumb/v7e-m+fp/hard\libnosys.a
END GROUP
LOAD C:/Program Files (x86)/STM32CubeIDE_1.17.0/STM32CubeIDE/plugins/com.st.stm32cube.ide.mcu.externaltools.gnu-tools-for-stm32.12.3.rel1.win32_1.1.0.202410251130/tools/bin/../lib/gcc/arm-none-eabi/12.3.1/thumb/v7e-m+fp/hard/crtend.o
LOAD C:/Program Files (x86)/STM32CubeIDE_1.17.0/STM32CubeIDE/plugins/com.st.stm32cube.ide.mcu.externaltools.gnu-tools-for-stm32.12.3.rel1.win32_1.1.0.202410251130/tools/bin/../lib/gcc/arm-none-eabi/12.3.1/thumb/v7e-m+fp/hard/crtn.o
                0x2001c000                        _estack = (ORIGIN (RAM) + LENGTH (RAM))
                0x00000200                        _Min_Heap_Size = 0x200
                0x00000400                        _Min_Stack_Size = 0x400

.isr_vector     0x08000000      0x1d8
                0x08000000                        . = ALIGN (0x4)
 *(.isr_vector)
 .isr_vector    0x08000000      0x1d8 ./Core/Startup/startup_stm32g491retx.o
                0x08000000                g_pfnVectors
                0x080001d8                        . = ALIGN (0x4)

.text           0x080001e0     0xaa10
                0x080001e0                        . = ALIGN (0x4)
 *(.text)
 .text          0x080001e0       0x40 C:/Program Files (x86)/STM32CubeIDE_1.17.0/STM32CubeIDE/plugins/com.st.stm32cube.ide.mcu.externaltools.gnu-tools-for-stm32.12.3.rel1.win32_1.1.0.202410251130/tools/bin/../lib/gcc/arm-none-eabi/12.3.1/thumb/v7e-m+fp/hard/crtbegin.o
 .text          0x08000220       0xa0 C:/Program Files (x86)/STM32CubeIDE_1.17.0/STM32CubeIDE/plugins/com.st.stm32cube.ide.mcu.externaltools.gnu-tools-for-stm32.12.3.rel1.win32_1.1.0.202410251130/tools/bin/../lib/gcc/arm-none-eabi/12.3.1/../../../../arm-none-eabi/lib/thumb/v7e-m+fp/hard\libc_nano.a(libc_a-memchr.o)
                0x08000220                memchr
 .text          0x080002c0       0x10 C:/Program Files (x86)/STM32CubeIDE_1.17.0/STM32CubeIDE/plugins/com.st.stm32cube.ide.mcu.externaltools.gnu-tools-for-stm32.12.3.rel1.win32_1.1.0.202410251130/tools/bin/../lib/gcc/arm-none-eabi/12.3.1/../../../../arm-none-eabi/lib/thumb/v7e-m+fp/hard\libc_nano.a(libc_a-strlen.o)
                0x080002c0                strlen
 .text          0x080002d0      0x378 C:/Program Files (x86)/STM32CubeIDE_1.17.0/STM32CubeIDE/plugins/com.st.stm32cube.ide.mcu.externaltools.gnu-tools-for-stm32.12.3.rel1.win32_1.1.0.202410251130/tools/bin/../lib/gcc/arm-none-eabi/12.3.1/thumb/v7e-m+fp/hard\libgcc.a(_arm_addsubdf3.o)
                0x080002d0                __aeabi_drsub
                0x080002d8                __aeabi_dsub
                0x080002d8                __subdf3
                0x080002dc                __aeabi_dadd
                0x080002dc                __adddf3
                0x08000554                __floatunsidf
                0x08000554                __aeabi_ui2d
                0x08000574                __floatsidf
                0x08000574                __aeabi_i2d
                0x08000598                __aeabi_f2d
                0x08000598                __extendsfdf2
                0x080005dc                __floatundidf
                0x080005dc                __aeabi_ul2d
                0x080005ec                __floatdidf
                0x080005ec                __aeabi_l2d
 .text          0x08000648      0x424 C:/Program Files (x86)/STM32CubeIDE_1.17.0/STM32CubeIDE/plugins/com.st.stm32cube.ide.mcu.externaltools.gnu-tools-for-stm32.12.3.rel1.win32_1.1.0.202410251130/tools/bin/../lib/gcc/arm-none-eabi/12.3.1/thumb/v7e-m+fp/hard\libgcc.a(_arm_muldivdf3.o)
                0x08000648                __aeabi_dmul
                0x08000648                __muldf3
                0x0800089c                __divdf3
                0x0800089c                __aeabi_ddiv
 .text          0x08000a6c      0x110 C:/Program Files (x86)/STM32CubeIDE_1.17.0/STM32CubeIDE/plugins/com.st.stm32cube.ide.mcu.externaltools.gnu-tools-for-stm32.12.3.rel1.win32_1.1.0.202410251130/tools/bin/../lib/gcc/arm-none-eabi/12.3.1/thumb/v7e-m+fp/hard\libgcc.a(_arm_cmpdf2.o)
                0x08000a6c                __gtdf2
                0x08000a6c                __gedf2
                0x08000a74                __ltdf2
                0x08000a74                __ledf2
                0x08000a7c                __nedf2
                0x08000a7c                __eqdf2
                0x08000a7c                __cmpdf2
                0x08000af8                __aeabi_cdrcmple
                0x08000b08                __aeabi_cdcmpeq
                0x08000b08                __aeabi_cdcmple
                0x08000b18                __aeabi_dcmpeq
                0x08000b2c                __aeabi_dcmplt
                0x08000b40                __aeabi_dcmple
                0x08000b54                __aeabi_dcmpge
                0x08000b68                __aeabi_dcmpgt
 .text          0x08000b7c       0x2c C:/Program Files (x86)/STM32CubeIDE_1.17.0/STM32CubeIDE/plugins/com.st.stm32cube.ide.mcu.externaltools.gnu-tools-for-stm32.12.3.rel1.win32_1.1.0.202410251130/tools/bin/../lib/gcc/arm-none-eabi/12.3.1/thumb/v7e-m+fp/hard\libgcc.a(_arm_unorddf2.o)
                0x08000b7c                __unorddf2
                0x08000b7c                __aeabi_dcmpun
 .text          0x08000ba8       0x50 C:/Program Files (x86)/STM32CubeIDE_1.17.0/STM32CubeIDE/plugins/com.st.stm32cube.ide.mcu.externaltools.gnu-tools-for-stm32.12.3.rel1.win32_1.1.0.202410251130/tools/bin/../lib/gcc/arm-none-eabi/12.3.1/thumb/v7e-m+fp/hard\libgcc.a(_arm_fixdfsi.o)
                0x08000ba8                __aeabi_d2iz
                0x08000ba8                __fixdfsi
 .text          0x08000bf8       0x30 C:/Program Files (x86)/STM32CubeIDE_1.17.0/STM32CubeIDE/plugins/com.st.stm32cube.ide.mcu.externaltools.gnu-tools-for-stm32.12.3.rel1.win32_1.1.0.202410251130/tools/bin/../lib/gcc/arm-none-eabi/12.3.1/thumb/v7e-m+fp/hard\libgcc.a(_aeabi_uldivmod.o)
                0x08000bf8                __aeabi_uldivmod
 .text          0x08000c28      0x2bc C:/Program Files (x86)/STM32CubeIDE_1.17.0/STM32CubeIDE/plugins/com.st.stm32cube.ide.mcu.externaltools.gnu-tools-for-stm32.12.3.rel1.win32_1.1.0.202410251130/tools/bin/../lib/gcc/arm-none-eabi/12.3.1/thumb/v7e-m+fp/hard\libgcc.a(_udivmoddi4.o)
                0x08000c28                __udivmoddi4
 .text          0x08000ee4        0x4 C:/Program Files (x86)/STM32CubeIDE_1.17.0/STM32CubeIDE/plugins/com.st.stm32cube.ide.mcu.externaltools.gnu-tools-for-stm32.12.3.rel1.win32_1.1.0.202410251130/tools/bin/../lib/gcc/arm-none-eabi/12.3.1/thumb/v7e-m+fp/hard\libgcc.a(_dvmd_tls.o)
                0x08000ee4                __aeabi_idiv0
                0x08000ee4                __aeabi_ldiv0
 *(.text*)
 .text.main     0x08000ee8       0x70 ./Core/Src/main.o
                0x08000ee8                main
 .text.SystemClock_Config
                0x08000f58       0x96 ./Core/Src/main.o
                0x08000f58                SystemClock_Config
 *fill*         0x08000fee        0x2 
 .text.MX_GPIO_Init
                0x08000ff0      0x154 ./Core/Src/main.o
 .text.Error_Handler
                0x08001144        0xc ./Core/Src/main.o
                0x08001144                Error_Handler
 .text.HAL_MspInit
                0x08001150       0x48 ./Core/Src/stm32g4xx_hal_msp.o
                0x08001150                HAL_MspInit
 .text.NMI_Handler
                0x08001198        0x8 ./Core/Src/stm32g4xx_it.o
                0x08001198                NMI_Handler
 .text.HardFault_Handler
                0x080011a0        0x8 ./Core/Src/stm32g4xx_it.o
                0x080011a0                HardFault_Handler
 .text.MemManage_Handler
                0x080011a8        0x8 ./Core/Src/stm32g4xx_it.o
                0x080011a8                MemManage_Handler
 .text.BusFault_Handler
                0x080011b0        0x8 ./Core/Src/stm32g4xx_it.o
                0x080011b0                BusFault_Handler
 .text.UsageFault_Handler
                0x080011b8        0x8 ./Core/Src/stm32g4xx_it.o
                0x080011b8                UsageFault_Handler
 .text.SVC_Handler
                0x080011c0        0xe ./Core/Src/stm32g4xx_it.o
                0x080011c0                SVC_Handler
 .text.DebugMon_Handler
                0x080011ce        0xe ./Core/Src/stm32g4xx_it.o
                0x080011ce                DebugMon_Handler
 .text.PendSV_Handler
                0x080011dc        0xe ./Core/Src/stm32g4xx_it.o
                0x080011dc                PendSV_Handler
 .text.SysTick_Handler
                0x080011ea        0xc ./Core/Src/stm32g4xx_it.o
                0x080011ea                SysTick_Handler
 .text.EXTI4_IRQHandler
                0x080011f6        0xe ./Core/Src/stm32g4xx_it.o
                0x080011f6                EXTI4_IRQHandler
 .text.EXTI15_10_IRQHandler
                0x08001204       0x10 ./Core/Src/stm32g4xx_it.o
                0x08001204                EXTI15_10_IRQHandler
 .text.BSP_I2C1_Init
                0x08001214       0x7c ./Core/Src/stm32g4xx_nucleo_bus.o
                0x08001214                BSP_I2C1_Init
 .text.BSP_I2C1_DeInit
                0x08001290       0x50 ./Core/Src/stm32g4xx_nucleo_bus.o
                0x08001290                BSP_I2C1_DeInit
 .text.BSP_I2C1_WriteReg16
                0x080012e0       0x64 ./Core/Src/stm32g4xx_nucleo_bus.o
                0x080012e0                BSP_I2C1_WriteReg16
 .text.BSP_I2C1_ReadReg16
                0x08001344       0x64 ./Core/Src/stm32g4xx_nucleo_bus.o
                0x08001344                BSP_I2C1_ReadReg16
 .text.BSP_GetTick
                0x080013a8        0xe ./Core/Src/stm32g4xx_nucleo_bus.o
                0x080013a8                BSP_GetTick
 *fill*         0x080013b6        0x2 
 .text.MX_I2C1_Init
                0x080013b8       0x88 ./Core/Src/stm32g4xx_nucleo_bus.o
                0x080013b8                MX_I2C1_Init
 .text.I2C1_MspInit
                0x08001440       0xac ./Core/Src/stm32g4xx_nucleo_bus.o
 .text.I2C1_MspDeInit
                0x080014ec       0x38 ./Core/Src/stm32g4xx_nucleo_bus.o
 .text._getpid  0x08001524       0x10 ./Core/Src/syscalls.o
                0x08001524                _getpid
 .text._kill    0x08001534       0x20 ./Core/Src/syscalls.o
                0x08001534                _kill
 .text._exit    0x08001554       0x16 ./Core/Src/syscalls.o
                0x08001554                _exit
 .text._read    0x0800156a       0x3a ./Core/Src/syscalls.o
                0x0800156a                _read
 .text._write   0x080015a4       0x38 ./Core/Src/syscalls.o
                0x080015a4                _write
 .text._close   0x080015dc       0x18 ./Core/Src/syscalls.o
                0x080015dc                _close
 .text._fstat   0x080015f4       0x20 ./Core/Src/syscalls.o
                0x080015f4                _fstat
 .text._isatty  0x08001614       0x16 ./Core/Src/syscalls.o
                0x08001614                _isatty
 .text._lseek   0x0800162a       0x1a ./Core/Src/syscalls.o
                0x0800162a                _lseek
 .text._sbrk    0x08001644       0x6c ./Core/Src/sysmem.o
                0x08001644                _sbrk
 .text.SystemInit
                0x080016b0       0x24 ./Core/Src/system_stm32g4xx.o
                0x080016b0                SystemInit
 .text.Reset_Handler
                0x080016d4       0x50 ./Core/Startup/startup_stm32g491retx.o
                0x080016d4                Reset_Handler
 .text.Default_Handler
                0x08001724        0x2 ./Core/Startup/startup_stm32g491retx.o
                0x08001724                RTC_Alarm_IRQHandler
                0x08001724                EXTI2_IRQHandler
                0x08001724                TIM8_TRG_COM_IRQHandler
                0x08001724                TIM8_CC_IRQHandler
                0x08001724                TIM1_CC_IRQHandler
                0x08001724                USB_HP_IRQHandler
                0x08001724                CORDIC_IRQHandler
                0x08001724                DMA2_Channel8_IRQHandler
                0x08001724                EXTI3_IRQHandler
                0x08001724                I2C3_ER_IRQHandler
                0x08001724                EXTI0_IRQHandler
                0x08001724                I2C2_EV_IRQHandler
                0x08001724                FPU_IRQHandler
                0x08001724                FDCAN1_IT1_IRQHandler
                0x08001724                TIM1_UP_TIM16_IRQHandler
                0x08001724                ADC1_2_IRQHandler
                0x08001724                SPI1_IRQHandler
                0x08001724                TIM6_DAC_IRQHandler
                0x08001724                TIM8_UP_IRQHandler
                0x08001724                DMA2_Channel2_IRQHandler
                0x08001724                DMA1_Channel4_IRQHandler
                0x08001724                TIM20_TRG_COM_IRQHandler
                0x08001724                USART3_IRQHandler
                0x08001724                DMA1_Channel7_IRQHandler
                0x08001724                UART5_IRQHandler
                0x08001724                ADC3_IRQHandler
                0x08001724                TIM4_IRQHandler
                0x08001724                DMA2_Channel1_IRQHandler
                0x08001724                QUADSPI_IRQHandler
                0x08001724                I2C1_EV_IRQHandler
                0x08001724                DMA1_Channel6_IRQHandler
                0x08001724                UART4_IRQHandler
                0x08001724                DMA2_Channel4_IRQHandler
                0x08001724                TIM3_IRQHandler
                0x08001724                RCC_IRQHandler
                0x08001724                TIM20_UP_IRQHandler
                0x08001724                DMA1_Channel1_IRQHandler
                0x08001724                Default_Handler
                0x08001724                DMA2_Channel7_IRQHandler
                0x08001724                RTC_TAMP_LSECSS_IRQHandler
                0x08001724                FMAC_IRQHandler
                0x08001724                DMA1_Channel8_IRQHandler
                0x08001724                TIM7_IRQHandler
                0x08001724                UCPD1_IRQHandler
                0x08001724                I2C3_EV_IRQHandler
                0x08001724                EXTI9_5_IRQHandler
                0x08001724                RTC_WKUP_IRQHandler
                0x08001724                PVD_PVM_IRQHandler
                0x08001724                SPI2_IRQHandler
                0x08001724                DMA2_Channel5_IRQHandler
                0x08001724                CRS_IRQHandler
                0x08001724                DMA1_Channel5_IRQHandler
                0x08001724                USB_LP_IRQHandler
                0x08001724                RNG_IRQHandler
                0x08001724                TIM1_TRG_COM_TIM17_IRQHandler
                0x08001724                FDCAN2_IT1_IRQHandler
                0x08001724                DMA1_Channel3_IRQHandler
                0x08001724                WWDG_IRQHandler
                0x08001724                FDCAN2_IT0_IRQHandler
                0x08001724                LPUART1_IRQHandler
                0x08001724                DMA2_Channel6_IRQHandler
                0x08001724                FDCAN1_IT0_IRQHandler
                0x08001724                TIM2_IRQHandler
                0x08001724                COMP1_2_3_IRQHandler
                0x08001724                EXTI1_IRQHandler
                0x08001724                USART2_IRQHandler
                0x08001724                TIM20_BRK_IRQHandler
                0x08001724                I2C2_ER_IRQHandler
                0x08001724                DMA1_Channel2_IRQHandler
                0x08001724                TIM8_BRK_IRQHandler
                0x08001724                FLASH_IRQHandler
                0x08001724                TIM20_CC_IRQHandler
                0x08001724                USART1_IRQHandler
                0x08001724                SPI3_IRQHandler
                0x08001724                I2C1_ER_IRQHandler
                0x08001724                LPTIM1_IRQHandler
                0x08001724                DMAMUX_OVR_IRQHandler
                0x08001724                USBWakeUp_IRQHandler
                0x08001724                SAI1_IRQHandler
                0x08001724                DMA2_Channel3_IRQHandler
                0x08001724                COMP4_IRQHandler
                0x08001724                TIM1_BRK_TIM15_IRQHandler
 .text.VL53L8A1_RANGING_SENSOR_Init
                0x08001726       0x28 ./Drivers/BSP/53L8A1/53l8a1_ranging_sensor.o
                0x08001726                VL53L8A1_RANGING_SENSOR_Init
 *fill*         0x0800174e        0x2 
 .text.VL53L8A1_RANGING_SENSOR_ReadID
                0x08001750       0x50 ./Drivers/BSP/53L8A1/53l8a1_ranging_sensor.o
                0x08001750                VL53L8A1_RANGING_SENSOR_ReadID
 .text.VL53L8A1_RANGING_SENSOR_GetCapabilities
                0x080017a0       0x50 ./Drivers/BSP/53L8A1/53l8a1_ranging_sensor.o
                0x080017a0                VL53L8A1_RANGING_SENSOR_GetCapabilities
 .text.VL53L8A1_RANGING_SENSOR_ConfigProfile
                0x080017f0       0x50 ./Drivers/BSP/53L8A1/53l8a1_ranging_sensor.o
                0x080017f0                VL53L8A1_RANGING_SENSOR_ConfigProfile
 .text.VL53L8A1_RANGING_SENSOR_Start
                0x08001840       0x50 ./Drivers/BSP/53L8A1/53l8a1_ranging_sensor.o
                0x08001840                VL53L8A1_RANGING_SENSOR_Start
 .text.VL53L8CX_Probe
                0x08001890      0x148 ./Drivers/BSP/53L8A1/53l8a1_ranging_sensor.o
 .text._vl53l8cx_poll_for_answer
                0x080019d8       0xa0 ./Drivers/BSP/Components/vl53l8cx/modules/vl53l8cx_api.o
 .text._vl53l8cx_poll_for_mcu_boot
                0x08001a78       0x86 ./Drivers/BSP/Components/vl53l8cx/modules/vl53l8cx_api.o
 *fill*         0x08001afe        0x2 
 .text._vl53l8cx_send_offset_data
                0x08001b00      0x398 ./Drivers/BSP/Components/vl53l8cx/modules/vl53l8cx_api.o
 .text._vl53l8cx_send_xtalk_data
                0x08001e98      0x298 ./Drivers/BSP/Components/vl53l8cx/modules/vl53l8cx_api.o
 .text.vl53l8cx_init
                0x08002130      0x858 ./Drivers/BSP/Components/vl53l8cx/modules/vl53l8cx_api.o
                0x08002130                vl53l8cx_init
 .text.vl53l8cx_set_i2c_address
                0x08002988       0x6c ./Drivers/BSP/Components/vl53l8cx/modules/vl53l8cx_api.o
                0x08002988                vl53l8cx_set_i2c_address
 .text.vl53l8cx_get_power_mode
                0x080029f4       0xac ./Drivers/BSP/Components/vl53l8cx/modules/vl53l8cx_api.o
                0x080029f4                vl53l8cx_get_power_mode
 .text.vl53l8cx_set_power_mode
                0x08002aa0      0x1ba ./Drivers/BSP/Components/vl53l8cx/modules/vl53l8cx_api.o
                0x08002aa0                vl53l8cx_set_power_mode
 *fill*         0x08002c5a        0x2 
 .text.vl53l8cx_start_ranging
                0x08002c5c      0x32c ./Drivers/BSP/Components/vl53l8cx/modules/vl53l8cx_api.o
                0x08002c5c                vl53l8cx_start_ranging
 .text.vl53l8cx_stop_ranging
                0x08002f88      0x1a0 ./Drivers/BSP/Components/vl53l8cx/modules/vl53l8cx_api.o
                0x08002f88                vl53l8cx_stop_ranging
 .text.vl53l8cx_check_data_ready
                0x08003128       0xa0 ./Drivers/BSP/Components/vl53l8cx/modules/vl53l8cx_api.o
                0x08003128                vl53l8cx_check_data_ready
 .text.vl53l8cx_get_ranging_data
                0x080031c8      0x410 ./Drivers/BSP/Components/vl53l8cx/modules/vl53l8cx_api.o
                0x080031c8                vl53l8cx_get_ranging_data
 .text.vl53l8cx_get_resolution
                0x080035d8       0x4a ./Drivers/BSP/Components/vl53l8cx/modules/vl53l8cx_api.o
                0x080035d8                vl53l8cx_get_resolution
 .text.vl53l8cx_set_resolution
                0x08003622      0x1a8 ./Drivers/BSP/Components/vl53l8cx/modules/vl53l8cx_api.o
                0x08003622                vl53l8cx_set_resolution
 .text.vl53l8cx_set_ranging_frequency_hz
                0x080037ca       0x42 ./Drivers/BSP/Components/vl53l8cx/modules/vl53l8cx_api.o
                0x080037ca                vl53l8cx_set_ranging_frequency_hz
 .text.vl53l8cx_set_integration_time_ms
                0x0800380c       0x6a ./Drivers/BSP/Components/vl53l8cx/modules/vl53l8cx_api.o
                0x0800380c                vl53l8cx_set_integration_time_ms
 .text.vl53l8cx_set_ranging_mode
                0x08003876       0xae ./Drivers/BSP/Components/vl53l8cx/modules/vl53l8cx_api.o
                0x08003876                vl53l8cx_set_ranging_mode
 .text.vl53l8cx_dci_read_data
                0x08003924      0x114 ./Drivers/BSP/Components/vl53l8cx/modules/vl53l8cx_api.o
                0x08003924                vl53l8cx_dci_read_data
 .text.vl53l8cx_dci_write_data
                0x08003a38      0x13c ./Drivers/BSP/Components/vl53l8cx/modules/vl53l8cx_api.o
                0x08003a38                vl53l8cx_dci_write_data
 .text.vl53l8cx_dci_replace_data
                0x08003b74       0x58 ./Drivers/BSP/Components/vl53l8cx/modules/vl53l8cx_api.o
                0x08003b74                vl53l8cx_dci_replace_data
 .text.vl53l8cx_set_detection_thresholds_enable
                0x08003bcc       0x8c ./Drivers/BSP/Components/vl53l8cx/modules/vl53l8cx_plugin_detection_thresholds.o
                0x08003bcc                vl53l8cx_set_detection_thresholds_enable
 .text.vl53l8cx_set_detection_thresholds
                0x08003c58      0x2b0 ./Drivers/BSP/Components/vl53l8cx/modules/vl53l8cx_plugin_detection_thresholds.o
                0x08003c58                vl53l8cx_set_detection_thresholds
 .text.VL53L8CX_RdByte
                0x08003f08       0x2a ./Drivers/BSP/Components/vl53l8cx/porting/platform.o
                0x08003f08                VL53L8CX_RdByte
 .text.VL53L8CX_WrByte
                0x08003f32       0x2c ./Drivers/BSP/Components/vl53l8cx/porting/platform.o
                0x08003f32                VL53L8CX_WrByte
 .text.VL53L8CX_WrMulti
                0x08003f5e       0x2e ./Drivers/BSP/Components/vl53l8cx/porting/platform.o
                0x08003f5e                VL53L8CX_WrMulti
 .text.VL53L8CX_RdMulti
                0x08003f8c       0x2e ./Drivers/BSP/Components/vl53l8cx/porting/platform.o
                0x08003f8c                VL53L8CX_RdMulti
 .text.VL53L8CX_SwapBuffer
                0x08003fba       0x6c ./Drivers/BSP/Components/vl53l8cx/porting/platform.o
                0x08003fba                VL53L8CX_SwapBuffer
 .text.VL53L8CX_WaitMs
                0x08004026       0x34 ./Drivers/BSP/Components/vl53l8cx/porting/platform.o
                0x08004026                VL53L8CX_WaitMs
 .text.VL53L8CX_RegisterBusIO
                0x0800405a       0x90 ./Drivers/BSP/Components/vl53l8cx/vl53l8cx.o
                0x0800405a                VL53L8CX_RegisterBusIO
 .text.VL53L8CX_Init
                0x080040ea       0x7e ./Drivers/BSP/Components/vl53l8cx/vl53l8cx.o
                0x080040ea                VL53L8CX_Init
 .text.VL53L8CX_DeInit
                0x08004168       0x52 ./Drivers/BSP/Components/vl53l8cx/vl53l8cx.o
                0x08004168                VL53L8CX_DeInit
 .text.VL53L8CX_ReadID
                0x080041ba       0xc0 ./Drivers/BSP/Components/vl53l8cx/vl53l8cx.o
                0x080041ba                VL53L8CX_ReadID
 .text.VL53L8CX_GetCapabilities
                0x0800427a       0x48 ./Drivers/BSP/Components/vl53l8cx/vl53l8cx.o
                0x0800427a                VL53L8CX_GetCapabilities
 *fill*         0x080042c2        0x2 
 .text.VL53L8CX_ConfigProfile
                0x080042c4      0x13c ./Drivers/BSP/Components/vl53l8cx/vl53l8cx.o
                0x080042c4                VL53L8CX_ConfigProfile
 .text.VL53L8CX_ConfigROI
                0x08004400       0x1a ./Drivers/BSP/Components/vl53l8cx/vl53l8cx.o
                0x08004400                VL53L8CX_ConfigROI
 *fill*         0x0800441a        0x2 
 .text.VL53L8CX_ConfigIT
                0x0800441c      0x170 ./Drivers/BSP/Components/vl53l8cx/vl53l8cx.o
                0x0800441c                VL53L8CX_ConfigIT
 .text.VL53L8CX_GetDistance
                0x0800458c       0x74 ./Drivers/BSP/Components/vl53l8cx/vl53l8cx.o
                0x0800458c                VL53L8CX_GetDistance
 .text.VL53L8CX_Start
                0x08004600       0xbc ./Drivers/BSP/Components/vl53l8cx/vl53l8cx.o
                0x08004600                VL53L8CX_Start
 .text.VL53L8CX_Stop
                0x080046bc       0x56 ./Drivers/BSP/Components/vl53l8cx/vl53l8cx.o
                0x080046bc                VL53L8CX_Stop
 .text.VL53L8CX_SetAddress
                0x08004712       0x4e ./Drivers/BSP/Components/vl53l8cx/vl53l8cx.o
                0x08004712                VL53L8CX_SetAddress
 .text.VL53L8CX_GetAddress
                0x08004760       0x3a ./Drivers/BSP/Components/vl53l8cx/vl53l8cx.o
                0x08004760                VL53L8CX_GetAddress
 .text.VL53L8CX_SetPowerMode
                0x0800479a       0x58 ./Drivers/BSP/Components/vl53l8cx/vl53l8cx.o
                0x0800479a                VL53L8CX_SetPowerMode
 .text.VL53L8CX_GetPowerMode
                0x080047f2       0x58 ./Drivers/BSP/Components/vl53l8cx/vl53l8cx.o
                0x080047f2                VL53L8CX_GetPowerMode
 .text.vl53l8cx_poll_for_measurement
                0x0800484a       0x66 ./Drivers/BSP/Components/vl53l8cx/vl53l8cx.o
 .text.vl53l8cx_get_result
                0x080048b0      0x1cc ./Drivers/BSP/Components/vl53l8cx/vl53l8cx.o
 .text.vl53l8cx_map_target_status
                0x08004a7c       0x3a ./Drivers/BSP/Components/vl53l8cx/vl53l8cx.o
 *fill*         0x08004ab6        0x2 
 .text.BSP_LED_Init
                0x08004ab8       0x6c ./Drivers/BSP/STM32G4xx_Nucleo/stm32g4xx_nucleo.o
                0x08004ab8                BSP_LED_Init
 .text.BSP_PB_Init
                0x08004b24       0xdc ./Drivers/BSP/STM32G4xx_Nucleo/stm32g4xx_nucleo.o
                0x08004b24                BSP_PB_Init
 .text.BSP_COM_Init
                0x08004c00       0x60 ./Drivers/BSP/STM32G4xx_Nucleo/stm32g4xx_nucleo.o
                0x08004c00                BSP_COM_Init
 .text.MX_LPUART1_Init
                0x08004c60       0x64 ./Drivers/BSP/STM32G4xx_Nucleo/stm32g4xx_nucleo.o
                0x08004c60                MX_LPUART1_Init
 .text.__io_putchar
                0x08004cc4       0x38 ./Drivers/BSP/STM32G4xx_Nucleo/stm32g4xx_nucleo.o
                0x08004cc4                __io_putchar
 .text.BUTTON_USER_EXTI_Callback
                0x08004cfc        0xe ./Drivers/BSP/STM32G4xx_Nucleo/stm32g4xx_nucleo.o
 *fill*         0x08004d0a        0x2 
 .text.COM1_MspInit
                0x08004d0c       0x98 ./Drivers/BSP/STM32G4xx_Nucleo/stm32g4xx_nucleo.o
 .text.HAL_Init
                0x08004da4       0x30 ./Drivers/STM32G4xx_HAL_Driver/Src/stm32g4xx_hal.o
                0x08004da4                HAL_Init
 .text.HAL_InitTick
                0x08004dd4       0x74 ./Drivers/STM32G4xx_HAL_Driver/Src/stm32g4xx_hal.o
                0x08004dd4                HAL_InitTick
 .text.HAL_IncTick
                0x08004e48       0x24 ./Drivers/STM32G4xx_HAL_Driver/Src/stm32g4xx_hal.o
                0x08004e48                HAL_IncTick
 .text.HAL_GetTick
                0x08004e6c       0x18 ./Drivers/STM32G4xx_HAL_Driver/Src/stm32g4xx_hal.o
                0x08004e6c                HAL_GetTick
 .text.HAL_Delay
                0x08004e84       0x44 ./Drivers/STM32G4xx_HAL_Driver/Src/stm32g4xx_hal.o
                0x08004e84                HAL_Delay
 .text.__NVIC_SetPriorityGrouping
                0x08004ec8       0x48 ./Drivers/STM32G4xx_HAL_Driver/Src/stm32g4xx_hal_cortex.o
 .text.__NVIC_GetPriorityGrouping
                0x08004f10       0x1c ./Drivers/STM32G4xx_HAL_Driver/Src/stm32g4xx_hal_cortex.o
 .text.__NVIC_EnableIRQ
                0x08004f2c       0x3c ./Drivers/STM32G4xx_HAL_Driver/Src/stm32g4xx_hal_cortex.o
 .text.__NVIC_SetPriority
                0x08004f68       0x54 ./Drivers/STM32G4xx_HAL_Driver/Src/stm32g4xx_hal_cortex.o
 .text.NVIC_EncodePriority
                0x08004fbc       0x66 ./Drivers/STM32G4xx_HAL_Driver/Src/stm32g4xx_hal_cortex.o
 *fill*         0x08005022        0x2 
 .text.SysTick_Config
                0x08005024       0x44 ./Drivers/STM32G4xx_HAL_Driver/Src/stm32g4xx_hal_cortex.o
 .text.HAL_NVIC_SetPriorityGrouping
                0x08005068       0x16 ./Drivers/STM32G4xx_HAL_Driver/Src/stm32g4xx_hal_cortex.o
                0x08005068                HAL_NVIC_SetPriorityGrouping
 .text.HAL_NVIC_SetPriority
                0x0800507e       0x34 ./Drivers/STM32G4xx_HAL_Driver/Src/stm32g4xx_hal_cortex.o
                0x0800507e                HAL_NVIC_SetPriority
 .text.HAL_NVIC_EnableIRQ
                0x080050b2       0x1c ./Drivers/STM32G4xx_HAL_Driver/Src/stm32g4xx_hal_cortex.o
                0x080050b2                HAL_NVIC_EnableIRQ
 .text.HAL_SYSTICK_Config
                0x080050ce       0x18 ./Drivers/STM32G4xx_HAL_Driver/Src/stm32g4xx_hal_cortex.o
                0x080050ce                HAL_SYSTICK_Config
 .text.HAL_EXTI_RegisterCallback
                0x080050e6       0x3a ./Drivers/STM32G4xx_HAL_Driver/Src/stm32g4xx_hal_exti.o
                0x080050e6                HAL_EXTI_RegisterCallback
 .text.HAL_EXTI_GetHandle
                0x08005120       0x28 ./Drivers/STM32G4xx_HAL_Driver/Src/stm32g4xx_hal_exti.o
                0x08005120                HAL_EXTI_GetHandle
 .text.HAL_GPIO_Init
                0x08005148      0x304 ./Drivers/STM32G4xx_HAL_Driver/Src/stm32g4xx_hal_gpio.o
                0x08005148                HAL_GPIO_Init
 .text.HAL_GPIO_DeInit
                0x0800544c      0x1c4 ./Drivers/STM32G4xx_HAL_Driver/Src/stm32g4xx_hal_gpio.o
                0x0800544c                HAL_GPIO_DeInit
 .text.HAL_GPIO_WritePin
                0x08005610       0x30 ./Drivers/STM32G4xx_HAL_Driver/Src/stm32g4xx_hal_gpio.o
                0x08005610                HAL_GPIO_WritePin
 .text.HAL_GPIO_EXTI_IRQHandler
                0x08005640       0x30 ./Drivers/STM32G4xx_HAL_Driver/Src/stm32g4xx_hal_gpio.o
                0x08005640                HAL_GPIO_EXTI_IRQHandler
 .text.HAL_I2C_Init
                0x08005670      0x136 ./Drivers/STM32G4xx_HAL_Driver/Src/stm32g4xx_hal_i2c.o
                0x08005670                HAL_I2C_Init
 .text.HAL_I2C_DeInit
                0x080057a6       0x5e ./Drivers/STM32G4xx_HAL_Driver/Src/stm32g4xx_hal_i2c.o
                0x080057a6                HAL_I2C_DeInit
 .text.HAL_I2C_MspInit
                0x08005804       0x14 ./Drivers/STM32G4xx_HAL_Driver/Src/stm32g4xx_hal_i2c.o
                0x08005804                HAL_I2C_MspInit
 .text.HAL_I2C_MspDeInit
                0x08005818       0x14 ./Drivers/STM32G4xx_HAL_Driver/Src/stm32g4xx_hal_i2c.o
                0x08005818                HAL_I2C_MspDeInit
 .text.HAL_I2C_Mem_Write
                0x0800582c      0x228 ./Drivers/STM32G4xx_HAL_Driver/Src/stm32g4xx_hal_i2c.o
                0x0800582c                HAL_I2C_Mem_Write
 .text.HAL_I2C_Mem_Read
                0x08005a54      0x234 ./Drivers/STM32G4xx_HAL_Driver/Src/stm32g4xx_hal_i2c.o
                0x08005a54                HAL_I2C_Mem_Read
 .text.HAL_I2C_GetState
                0x08005c88       0x1c ./Drivers/STM32G4xx_HAL_Driver/Src/stm32g4xx_hal_i2c.o
                0x08005c88                HAL_I2C_GetState
 .text.HAL_I2C_GetError
                0x08005ca4       0x18 ./Drivers/STM32G4xx_HAL_Driver/Src/stm32g4xx_hal_i2c.o
                0x08005ca4                HAL_I2C_GetError
 .text.I2C_RequestMemoryWrite
                0x08005cbc       0xa8 ./Drivers/STM32G4xx_HAL_Driver/Src/stm32g4xx_hal_i2c.o
 .text.I2C_RequestMemoryRead
                0x08005d64       0xa8 ./Drivers/STM32G4xx_HAL_Driver/Src/stm32g4xx_hal_i2c.o
 .text.I2C_Flush_TXDR
                0x08005e0c       0x48 ./Drivers/STM32G4xx_HAL_Driver/Src/stm32g4xx_hal_i2c.o
 .text.I2C_WaitOnFlagUntilTimeout
                0x08005e54       0xb2 ./Drivers/STM32G4xx_HAL_Driver/Src/stm32g4xx_hal_i2c.o
 .text.I2C_WaitOnTXISFlagUntilTimeout
                0x08005f06       0x8e ./Drivers/STM32G4xx_HAL_Driver/Src/stm32g4xx_hal_i2c.o
 .text.I2C_WaitOnSTOPFlagUntilTimeout
                0x08005f94       0x86 ./Drivers/STM32G4xx_HAL_Driver/Src/stm32g4xx_hal_i2c.o
 *fill*         0x0800601a        0x2 
 .text.I2C_IsErrorOccurred
                0x0800601c      0x1c0 ./Drivers/STM32G4xx_HAL_Driver/Src/stm32g4xx_hal_i2c.o
 .text.I2C_TransferConfig
                0x080061dc       0x64 ./Drivers/STM32G4xx_HAL_Driver/Src/stm32g4xx_hal_i2c.o
 .text.HAL_I2CEx_ConfigAnalogFilter
                0x08006240       0x96 ./Drivers/STM32G4xx_HAL_Driver/Src/stm32g4xx_hal_i2c_ex.o
                0x08006240                HAL_I2CEx_ConfigAnalogFilter
 .text.HAL_I2CEx_ConfigDigitalFilter
                0x080062d6       0x98 ./Drivers/STM32G4xx_HAL_Driver/Src/stm32g4xx_hal_i2c_ex.o
                0x080062d6                HAL_I2CEx_ConfigDigitalFilter
 *fill*         0x0800636e        0x2 
 .text.HAL_PWREx_ControlVoltageScaling
                0x08006370      0x148 ./Drivers/STM32G4xx_HAL_Driver/Src/stm32g4xx_hal_pwr_ex.o
                0x08006370                HAL_PWREx_ControlVoltageScaling
 .text.HAL_PWREx_DisableUCPDDeadBattery
                0x080064b8       0x20 ./Drivers/STM32G4xx_HAL_Driver/Src/stm32g4xx_hal_pwr_ex.o
                0x080064b8                HAL_PWREx_DisableUCPDDeadBattery
 .text.HAL_RCC_OscConfig
                0x080064d8      0x624 ./Drivers/STM32G4xx_HAL_Driver/Src/stm32g4xx_hal_rcc.o
                0x080064d8                HAL_RCC_OscConfig
 .text.HAL_RCC_ClockConfig
                0x08006afc      0x278 ./Drivers/STM32G4xx_HAL_Driver/Src/stm32g4xx_hal_rcc.o
                0x08006afc                HAL_RCC_ClockConfig
 .text.HAL_RCC_GetSysClockFreq
                0x08006d74       0xc4 ./Drivers/STM32G4xx_HAL_Driver/Src/stm32g4xx_hal_rcc.o
                0x08006d74                HAL_RCC_GetSysClockFreq
 .text.HAL_RCC_GetHCLKFreq
                0x08006e38       0x18 ./Drivers/STM32G4xx_HAL_Driver/Src/stm32g4xx_hal_rcc.o
                0x08006e38                HAL_RCC_GetHCLKFreq
 .text.HAL_RCC_GetPCLK1Freq
                0x08006e50       0x2c ./Drivers/STM32G4xx_HAL_Driver/Src/stm32g4xx_hal_rcc.o
                0x08006e50                HAL_RCC_GetPCLK1Freq
 .text.HAL_RCC_GetPCLK2Freq
                0x08006e7c       0x2c ./Drivers/STM32G4xx_HAL_Driver/Src/stm32g4xx_hal_rcc.o
                0x08006e7c                HAL_RCC_GetPCLK2Freq
 .text.RCC_GetSysClockFreqFromPLLSource
                0x08006ea8       0x8c ./Drivers/STM32G4xx_HAL_Driver/Src/stm32g4xx_hal_rcc.o
 .text.HAL_RCCEx_PeriphCLKConfig
                0x08006f34      0x478 ./Drivers/STM32G4xx_HAL_Driver/Src/stm32g4xx_hal_rcc_ex.o
                0x08006f34                HAL_RCCEx_PeriphCLKConfig
 .text.HAL_UART_Init
                0x080073ac       0xa0 ./Drivers/STM32G4xx_HAL_Driver/Src/stm32g4xx_hal_uart.o
                0x080073ac                HAL_UART_Init
 .text.HAL_UART_MspInit
                0x0800744c       0x14 ./Drivers/STM32G4xx_HAL_Driver/Src/stm32g4xx_hal_uart.o
                0x0800744c                HAL_UART_MspInit
 .text.HAL_UART_Transmit
                0x08007460      0x11c ./Drivers/STM32G4xx_HAL_Driver/Src/stm32g4xx_hal_uart.o
                0x08007460                HAL_UART_Transmit
 .text.UART_SetConfig
                0x0800757c      0x5f8 ./Drivers/STM32G4xx_HAL_Driver/Src/stm32g4xx_hal_uart.o
                0x0800757c                UART_SetConfig
 .text.UART_AdvFeatureConfig
                0x08007b74      0x144 ./Drivers/STM32G4xx_HAL_Driver/Src/stm32g4xx_hal_uart.o
                0x08007b74                UART_AdvFeatureConfig
 .text.UART_CheckIdleState
                0x08007cb8      0x154 ./Drivers/STM32G4xx_HAL_Driver/Src/stm32g4xx_hal_uart.o
                0x08007cb8                UART_CheckIdleState
 .text.UART_WaitOnFlagUntilTimeout
                0x08007e0c       0xda ./Drivers/STM32G4xx_HAL_Driver/Src/stm32g4xx_hal_uart.o
                0x08007e0c                UART_WaitOnFlagUntilTimeout
 .text.UART_EndRxTransfer
                0x08007ee6       0xcc ./Drivers/STM32G4xx_HAL_Driver/Src/stm32g4xx_hal_uart.o
 .text.MX_TOF_Init
                0x08007fb2        0xc ./TOF/App/app_tof.o
                0x08007fb2                MX_TOF_Init
 .text.MX_TOF_Process
                0x08007fbe        0xc ./TOF/App/app_tof.o
                0x08007fbe                MX_TOF_Process
 *fill*         0x08007fca        0x2 
 .text.MX_53L8A1_SimpleRanging_Init
                0x08007fcc       0xc0 ./TOF/App/app_tof.o
 .text.MX_53L8A1_SimpleRanging_Process
                0x0800808c      0x120 ./TOF/App/app_tof.o
 .text.BSP_PB_Callback
                0x080081ac       0x20 ./TOF/App/app_tof.o
                0x080081ac                BSP_PB_Callback
 .text.HAL_GPIO_EXTI_Callback
                0x080081cc       0x28 ./TOF/Target/app_tof_pin_conf.o
                0x080081cc                HAL_GPIO_EXTI_Callback
 .text.__cvt    0x080081f4       0xca C:/Program Files (x86)/STM32CubeIDE_1.17.0/STM32CubeIDE/plugins/com.st.stm32cube.ide.mcu.externaltools.gnu-tools-for-stm32.12.3.rel1.win32_1.1.0.202410251130/tools/bin/../lib/gcc/arm-none-eabi/12.3.1/../../../../arm-none-eabi/lib/thumb/v7e-m+fp/hard\libc_nano.a(libc_a-nano-vfprintf_float.o)
                0x080081f4                __cvt
 .text.__exponent
                0x080082be       0x74 C:/Program Files (x86)/STM32CubeIDE_1.17.0/STM32CubeIDE/plugins/com.st.stm32cube.ide.mcu.externaltools.gnu-tools-for-stm32.12.3.rel1.win32_1.1.0.202410251130/tools/bin/../lib/gcc/arm-none-eabi/12.3.1/../../../../arm-none-eabi/lib/thumb/v7e-m+fp/hard\libc_nano.a(libc_a-nano-vfprintf_float.o)
                0x080082be                __exponent
 *fill*         0x08008332        0x2 
 .text._printf_float
                0x08008334      0x454 C:/Program Files (x86)/STM32CubeIDE_1.17.0/STM32CubeIDE/plugins/com.st.stm32cube.ide.mcu.externaltools.gnu-tools-for-stm32.12.3.rel1.win32_1.1.0.202410251130/tools/bin/../lib/gcc/arm-none-eabi/12.3.1/../../../../arm-none-eabi/lib/thumb/v7e-m+fp/hard\libc_nano.a(libc_a-nano-vfprintf_float.o)
                0x08008334                _printf_float
 .text._printf_common
                0x08008788       0xda C:/Program Files (x86)/STM32CubeIDE_1.17.0/STM32CubeIDE/plugins/com.st.stm32cube.ide.mcu.externaltools.gnu-tools-for-stm32.12.3.rel1.win32_1.1.0.202410251130/tools/bin/../lib/gcc/arm-none-eabi/12.3.1/../../../../arm-none-eabi/lib/thumb/v7e-m+fp/hard\libc_nano.a(libc_a-nano-vfprintf_i.o)
                0x08008788                _printf_common
 *fill*         0x08008862        0x2 
 .text._printf_i
                0x08008864      0x240 C:/Program Files (x86)/STM32CubeIDE_1.17.0/STM32CubeIDE/plugins/com.st.stm32cube.ide.mcu.externaltools.gnu-tools-for-stm32.12.3.rel1.win32_1.1.0.202410251130/tools/bin/../lib/gcc/arm-none-eabi/12.3.1/../../../../arm-none-eabi/lib/thumb/v7e-m+fp/hard\libc_nano.a(libc_a-nano-vfprintf_i.o)
                0x08008864                _printf_i
 .text.std      0x08008aa4       0x6c C:/Program Files (x86)/STM32CubeIDE_1.17.0/STM32CubeIDE/plugins/com.st.stm32cube.ide.mcu.externaltools.gnu-tools-for-stm32.12.3.rel1.win32_1.1.0.202410251130/tools/bin/../lib/gcc/arm-none-eabi/12.3.1/../../../../arm-none-eabi/lib/thumb/v7e-m+fp/hard\libc_nano.a(libc_a-findfp.o)
 .text.stdio_exit_handler
                0x08008b10       0x18 C:/Program Files (x86)/STM32CubeIDE_1.17.0/STM32CubeIDE/plugins/com.st.stm32cube.ide.mcu.externaltools.gnu-tools-for-stm32.12.3.rel1.win32_1.1.0.202410251130/tools/bin/../lib/gcc/arm-none-eabi/12.3.1/../../../../arm-none-eabi/lib/thumb/v7e-m+fp/hard\libc_nano.a(libc_a-findfp.o)
 .text.cleanup_stdio
                0x08008b28       0x40 C:/Program Files (x86)/STM32CubeIDE_1.17.0/STM32CubeIDE/plugins/com.st.stm32cube.ide.mcu.externaltools.gnu-tools-for-stm32.12.3.rel1.win32_1.1.0.202410251130/tools/bin/../lib/gcc/arm-none-eabi/12.3.1/../../../../arm-none-eabi/lib/thumb/v7e-m+fp/hard\libc_nano.a(libc_a-findfp.o)
 .text.global_stdio_init.part.0
                0x08008b68       0x3c C:/Program Files (x86)/STM32CubeIDE_1.17.0/STM32CubeIDE/plugins/com.st.stm32cube.ide.mcu.externaltools.gnu-tools-for-stm32.12.3.rel1.win32_1.1.0.202410251130/tools/bin/../lib/gcc/arm-none-eabi/12.3.1/../../../../arm-none-eabi/lib/thumb/v7e-m+fp/hard\libc_nano.a(libc_a-findfp.o)
 .text.__sfp_lock_acquire
                0x08008ba4        0xc C:/Program Files (x86)/STM32CubeIDE_1.17.0/STM32CubeIDE/plugins/com.st.stm32cube.ide.mcu.externaltools.gnu-tools-for-stm32.12.3.rel1.win32_1.1.0.202410251130/tools/bin/../lib/gcc/arm-none-eabi/12.3.1/../../../../arm-none-eabi/lib/thumb/v7e-m+fp/hard\libc_nano.a(libc_a-findfp.o)
                0x08008ba4                __sfp_lock_acquire
 .text.__sfp_lock_release
                0x08008bb0        0xc C:/Program Files (x86)/STM32CubeIDE_1.17.0/STM32CubeIDE/plugins/com.st.stm32cube.ide.mcu.externaltools.gnu-tools-for-stm32.12.3.rel1.win32_1.1.0.202410251130/tools/bin/../lib/gcc/arm-none-eabi/12.3.1/../../../../arm-none-eabi/lib/thumb/v7e-m+fp/hard\libc_nano.a(libc_a-findfp.o)
                0x08008bb0                __sfp_lock_release
 .text.__sinit  0x08008bbc       0x30 C:/Program Files (x86)/STM32CubeIDE_1.17.0/STM32CubeIDE/plugins/com.st.stm32cube.ide.mcu.externaltools.gnu-tools-for-stm32.12.3.rel1.win32_1.1.0.202410251130/tools/bin/../lib/gcc/arm-none-eabi/12.3.1/../../../../arm-none-eabi/lib/thumb/v7e-m+fp/hard\libc_nano.a(libc_a-findfp.o)
                0x08008bbc                __sinit
 .text._fwalk_sglue
                0x08008bec       0x3c C:/Program Files (x86)/STM32CubeIDE_1.17.0/STM32CubeIDE/plugins/com.st.stm32cube.ide.mcu.externaltools.gnu-tools-for-stm32.12.3.rel1.win32_1.1.0.202410251130/tools/bin/../lib/gcc/arm-none-eabi/12.3.1/../../../../arm-none-eabi/lib/thumb/v7e-m+fp/hard\libc_nano.a(libc_a-fwalk.o)
                0x08008bec                _fwalk_sglue
 .text.printf   0x08008c28       0x24 C:/Program Files (x86)/STM32CubeIDE_1.17.0/STM32CubeIDE/plugins/com.st.stm32cube.ide.mcu.externaltools.gnu-tools-for-stm32.12.3.rel1.win32_1.1.0.202410251130/tools/bin/../lib/gcc/arm-none-eabi/12.3.1/../../../../arm-none-eabi/lib/thumb/v7e-m+fp/hard\libc_nano.a(libc_a-printf.o)
                0x08008c28                iprintf
                0x08008c28                printf
 .text._puts_r  0x08008c4c       0xaa C:/Program Files (x86)/STM32CubeIDE_1.17.0/STM32CubeIDE/plugins/com.st.stm32cube.ide.mcu.externaltools.gnu-tools-for-stm32.12.3.rel1.win32_1.1.0.202410251130/tools/bin/../lib/gcc/arm-none-eabi/12.3.1/../../../../arm-none-eabi/lib/thumb/v7e-m+fp/hard\libc_nano.a(libc_a-puts.o)
                0x08008c4c                _puts_r
 *fill*         0x08008cf6        0x2 
 .text.puts     0x08008cf8       0x10 C:/Program Files (x86)/STM32CubeIDE_1.17.0/STM32CubeIDE/plugins/com.st.stm32cube.ide.mcu.externaltools.gnu-tools-for-stm32.12.3.rel1.win32_1.1.0.202410251130/tools/bin/../lib/gcc/arm-none-eabi/12.3.1/../../../../arm-none-eabi/lib/thumb/v7e-m+fp/hard\libc_nano.a(libc_a-puts.o)
                0x08008cf8                puts
 .text.__sread  0x08008d08       0x22 C:/Program Files (x86)/STM32CubeIDE_1.17.0/STM32CubeIDE/plugins/com.st.stm32cube.ide.mcu.externaltools.gnu-tools-for-stm32.12.3.rel1.win32_1.1.0.202410251130/tools/bin/../lib/gcc/arm-none-eabi/12.3.1/../../../../arm-none-eabi/lib/thumb/v7e-m+fp/hard\libc_nano.a(libc_a-stdio.o)
                0x08008d08                __sread
 .text.__swrite
                0x08008d2a       0x38 C:/Program Files (x86)/STM32CubeIDE_1.17.0/STM32CubeIDE/plugins/com.st.stm32cube.ide.mcu.externaltools.gnu-tools-for-stm32.12.3.rel1.win32_1.1.0.202410251130/tools/bin/../lib/gcc/arm-none-eabi/12.3.1/../../../../arm-none-eabi/lib/thumb/v7e-m+fp/hard\libc_nano.a(libc_a-stdio.o)
                0x08008d2a                __swrite
 .text.__sseek  0x08008d62       0x24 C:/Program Files (x86)/STM32CubeIDE_1.17.0/STM32CubeIDE/plugins/com.st.stm32cube.ide.mcu.externaltools.gnu-tools-for-stm32.12.3.rel1.win32_1.1.0.202410251130/tools/bin/../lib/gcc/arm-none-eabi/12.3.1/../../../../arm-none-eabi/lib/thumb/v7e-m+fp/hard\libc_nano.a(libc_a-stdio.o)
                0x08008d62                __sseek
 .text.__sclose
                0x08008d86        0x8 C:/Program Files (x86)/STM32CubeIDE_1.17.0/STM32CubeIDE/plugins/com.st.stm32cube.ide.mcu.externaltools.gnu-tools-for-stm32.12.3.rel1.win32_1.1.0.202410251130/tools/bin/../lib/gcc/arm-none-eabi/12.3.1/../../../../arm-none-eabi/lib/thumb/v7e-m+fp/hard\libc_nano.a(libc_a-stdio.o)
                0x08008d86                __sclose
 .text.__swbuf_r
                0x08008d8e       0x7c C:/Program Files (x86)/STM32CubeIDE_1.17.0/STM32CubeIDE/plugins/com.st.stm32cube.ide.mcu.externaltools.gnu-tools-for-stm32.12.3.rel1.win32_1.1.0.202410251130/tools/bin/../lib/gcc/arm-none-eabi/12.3.1/../../../../arm-none-eabi/lib/thumb/v7e-m+fp/hard\libc_nano.a(libc_a-wbuf.o)
                0x08008d8e                __swbuf_r
 *fill*         0x08008e0a        0x2 
 .text.__swsetup_r
                0x08008e0c       0xac C:/Program Files (x86)/STM32CubeIDE_1.17.0/STM32CubeIDE/plugins/com.st.stm32cube.ide.mcu.externaltools.gnu-tools-for-stm32.12.3.rel1.win32_1.1.0.202410251130/tools/bin/../lib/gcc/arm-none-eabi/12.3.1/../../../../arm-none-eabi/lib/thumb/v7e-m+fp/hard\libc_nano.a(libc_a-wsetup.o)
                0x08008e0c                __swsetup_r
 .text.memset   0x08008eb8       0x10 C:/Program Files (x86)/STM32CubeIDE_1.17.0/STM32CubeIDE/plugins/com.st.stm32cube.ide.mcu.externaltools.gnu-tools-for-stm32.12.3.rel1.win32_1.1.0.202410251130/tools/bin/../lib/gcc/arm-none-eabi/12.3.1/../../../../arm-none-eabi/lib/thumb/v7e-m+fp/hard\libc_nano.a(libc_a-memset.o)
                0x08008eb8                memset
 .text._localeconv_r
                0x08008ec8        0x8 C:/Program Files (x86)/STM32CubeIDE_1.17.0/STM32CubeIDE/plugins/com.st.stm32cube.ide.mcu.externaltools.gnu-tools-for-stm32.12.3.rel1.win32_1.1.0.202410251130/tools/bin/../lib/gcc/arm-none-eabi/12.3.1/../../../../arm-none-eabi/lib/thumb/v7e-m+fp/hard\libc_nano.a(libc_a-localeconv.o)
                0x08008ec8                _localeconv_r
 .text._close_r
                0x08008ed0       0x20 C:/Program Files (x86)/STM32CubeIDE_1.17.0/STM32CubeIDE/plugins/com.st.stm32cube.ide.mcu.externaltools.gnu-tools-for-stm32.12.3.rel1.win32_1.1.0.202410251130/tools/bin/../lib/gcc/arm-none-eabi/12.3.1/../../../../arm-none-eabi/lib/thumb/v7e-m+fp/hard\libc_nano.a(libc_a-closer.o)
                0x08008ed0                _close_r
 .text._lseek_r
                0x08008ef0       0x24 C:/Program Files (x86)/STM32CubeIDE_1.17.0/STM32CubeIDE/plugins/com.st.stm32cube.ide.mcu.externaltools.gnu-tools-for-stm32.12.3.rel1.win32_1.1.0.202410251130/tools/bin/../lib/gcc/arm-none-eabi/12.3.1/../../../../arm-none-eabi/lib/thumb/v7e-m+fp/hard\libc_nano.a(libc_a-lseekr.o)
                0x08008ef0                _lseek_r
 .text._read_r  0x08008f14       0x24 C:/Program Files (x86)/STM32CubeIDE_1.17.0/STM32CubeIDE/plugins/com.st.stm32cube.ide.mcu.externaltools.gnu-tools-for-stm32.12.3.rel1.win32_1.1.0.202410251130/tools/bin/../lib/gcc/arm-none-eabi/12.3.1/../../../../arm-none-eabi/lib/thumb/v7e-m+fp/hard\libc_nano.a(libc_a-readr.o)
                0x08008f14                _read_r
 .text._write_r
                0x08008f38       0x24 C:/Program Files (x86)/STM32CubeIDE_1.17.0/STM32CubeIDE/plugins/com.st.stm32cube.ide.mcu.externaltools.gnu-tools-for-stm32.12.3.rel1.win32_1.1.0.202410251130/tools/bin/../lib/gcc/arm-none-eabi/12.3.1/../../../../arm-none-eabi/lib/thumb/v7e-m+fp/hard\libc_nano.a(libc_a-writer.o)
                0x08008f38                _write_r
 .text.__errno  0x08008f5c        0xc C:/Program Files (x86)/STM32CubeIDE_1.17.0/STM32CubeIDE/plugins/com.st.stm32cube.ide.mcu.externaltools.gnu-tools-for-stm32.12.3.rel1.win32_1.1.0.202410251130/tools/bin/../lib/gcc/arm-none-eabi/12.3.1/../../../../arm-none-eabi/lib/thumb/v7e-m+fp/hard\libc_nano.a(libc_a-errno.o)
                0x08008f5c                __errno
 .text.__libc_init_array
                0x08008f68       0x48 C:/Program Files (x86)/STM32CubeIDE_1.17.0/STM32CubeIDE/plugins/com.st.stm32cube.ide.mcu.externaltools.gnu-tools-for-stm32.12.3.rel1.win32_1.1.0.202410251130/tools/bin/../lib/gcc/arm-none-eabi/12.3.1/../../../../arm-none-eabi/lib/thumb/v7e-m+fp/hard\libc_nano.a(libc_a-init.o)
                0x08008f68                __libc_init_array
 .text.__retarget_lock_init_recursive
                0x08008fb0        0x2 C:/Program Files (x86)/STM32CubeIDE_1.17.0/STM32CubeIDE/plugins/com.st.stm32cube.ide.mcu.externaltools.gnu-tools-for-stm32.12.3.rel1.win32_1.1.0.202410251130/tools/bin/../lib/gcc/arm-none-eabi/12.3.1/../../../../arm-none-eabi/lib/thumb/v7e-m+fp/hard\libc_nano.a(libc_a-lock.o)
                0x08008fb0                __retarget_lock_init_recursive
 .text.__retarget_lock_acquire_recursive
                0x08008fb2        0x2 C:/Program Files (x86)/STM32CubeIDE_1.17.0/STM32CubeIDE/plugins/com.st.stm32cube.ide.mcu.externaltools.gnu-tools-for-stm32.12.3.rel1.win32_1.1.0.202410251130/tools/bin/../lib/gcc/arm-none-eabi/12.3.1/../../../../arm-none-eabi/lib/thumb/v7e-m+fp/hard\libc_nano.a(libc_a-lock.o)
                0x08008fb2                __retarget_lock_acquire_recursive
 .text.__retarget_lock_release_recursive
                0x08008fb4        0x2 C:/Program Files (x86)/STM32CubeIDE_1.17.0/STM32CubeIDE/plugins/com.st.stm32cube.ide.mcu.externaltools.gnu-tools-for-stm32.12.3.rel1.win32_1.1.0.202410251130/tools/bin/../lib/gcc/arm-none-eabi/12.3.1/../../../../arm-none-eabi/lib/thumb/v7e-m+fp/hard\libc_nano.a(libc_a-lock.o)
                0x08008fb4                __retarget_lock_release_recursive
 .text.memcpy   0x08008fb6       0x1c C:/Program Files (x86)/STM32CubeIDE_1.17.0/STM32CubeIDE/plugins/com.st.stm32cube.ide.mcu.externaltools.gnu-tools-for-stm32.12.3.rel1.win32_1.1.0.202410251130/tools/bin/../lib/gcc/arm-none-eabi/12.3.1/../../../../arm-none-eabi/lib/thumb/v7e-m+fp/hard\libc_nano.a(libc_a-memcpy-stub.o)
                0x08008fb6                memcpy
 .text.quorem   0x08008fd2      0x110 C:/Program Files (x86)/STM32CubeIDE_1.17.0/STM32CubeIDE/plugins/com.st.stm32cube.ide.mcu.externaltools.gnu-tools-for-stm32.12.3.rel1.win32_1.1.0.202410251130/tools/bin/../lib/gcc/arm-none-eabi/12.3.1/../../../../arm-none-eabi/lib/thumb/v7e-m+fp/hard\libc_nano.a(libc_a-dtoa.o)
 *fill*         0x080090e2        0x6 
 .text._dtoa_r  0x080090e8      0xb88 C:/Program Files (x86)/STM32CubeIDE_1.17.0/STM32CubeIDE/plugins/com.st.stm32cube.ide.mcu.externaltools.gnu-tools-for-stm32.12.3.rel1.win32_1.1.0.202410251130/tools/bin/../lib/gcc/arm-none-eabi/12.3.1/../../../../arm-none-eabi/lib/thumb/v7e-m+fp/hard\libc_nano.a(libc_a-dtoa.o)
                0x080090e8                _dtoa_r
 .text._free_r  0x08009c70       0x94 C:/Program Files (x86)/STM32CubeIDE_1.17.0/STM32CubeIDE/plugins/com.st.stm32cube.ide.mcu.externaltools.gnu-tools-for-stm32.12.3.rel1.win32_1.1.0.202410251130/tools/bin/../lib/gcc/arm-none-eabi/12.3.1/../../../../arm-none-eabi/lib/thumb/v7e-m+fp/hard\libc_nano.a(libc_a-freer.o)
                0x08009c70                _free_r
 .text.malloc   0x08009d04       0x10 C:/Program Files (x86)/STM32CubeIDE_1.17.0/STM32CubeIDE/plugins/com.st.stm32cube.ide.mcu.externaltools.gnu-tools-for-stm32.12.3.rel1.win32_1.1.0.202410251130/tools/bin/../lib/gcc/arm-none-eabi/12.3.1/../../../../arm-none-eabi/lib/thumb/v7e-m+fp/hard\libc_nano.a(libc_a-malloc.o)
                0x08009d04                malloc
 .text.sbrk_aligned
                0x08009d14       0x44 C:/Program Files (x86)/STM32CubeIDE_1.17.0/STM32CubeIDE/plugins/com.st.stm32cube.ide.mcu.externaltools.gnu-tools-for-stm32.12.3.rel1.win32_1.1.0.202410251130/tools/bin/../lib/gcc/arm-none-eabi/12.3.1/../../../../arm-none-eabi/lib/thumb/v7e-m+fp/hard\libc_nano.a(libc_a-mallocr.o)
 .text._malloc_r
                0x08009d58      0x100 C:/Program Files (x86)/STM32CubeIDE_1.17.0/STM32CubeIDE/plugins/com.st.stm32cube.ide.mcu.externaltools.gnu-tools-for-stm32.12.3.rel1.win32_1.1.0.202410251130/tools/bin/../lib/gcc/arm-none-eabi/12.3.1/../../../../arm-none-eabi/lib/thumb/v7e-m+fp/hard\libc_nano.a(libc_a-mallocr.o)
                0x08009d58                _malloc_r
 .text.__malloc_lock
                0x08009e58        0xc C:/Program Files (x86)/STM32CubeIDE_1.17.0/STM32CubeIDE/plugins/com.st.stm32cube.ide.mcu.externaltools.gnu-tools-for-stm32.12.3.rel1.win32_1.1.0.202410251130/tools/bin/../lib/gcc/arm-none-eabi/12.3.1/../../../../arm-none-eabi/lib/thumb/v7e-m+fp/hard\libc_nano.a(libc_a-mlock.o)
                0x08009e58                __malloc_lock
 .text.__malloc_unlock
                0x08009e64        0xc C:/Program Files (x86)/STM32CubeIDE_1.17.0/STM32CubeIDE/plugins/com.st.stm32cube.ide.mcu.externaltools.gnu-tools-for-stm32.12.3.rel1.win32_1.1.0.202410251130/tools/bin/../lib/gcc/arm-none-eabi/12.3.1/../../../../arm-none-eabi/lib/thumb/v7e-m+fp/hard\libc_nano.a(libc_a-mlock.o)
                0x08009e64                __malloc_unlock
 .text._Balloc  0x08009e70       0x80 C:/Program Files (x86)/STM32CubeIDE_1.17.0/STM32CubeIDE/plugins/com.st.stm32cube.ide.mcu.externaltools.gnu-tools-for-stm32.12.3.rel1.win32_1.1.0.202410251130/tools/bin/../lib/gcc/arm-none-eabi/12.3.1/../../../../arm-none-eabi/lib/thumb/v7e-m+fp/hard\libc_nano.a(libc_a-mprec.o)
                0x08009e70                _Balloc
 .text._Bfree   0x08009ef0       0x44 C:/Program Files (x86)/STM32CubeIDE_1.17.0/STM32CubeIDE/plugins/com.st.stm32cube.ide.mcu.externaltools.gnu-tools-for-stm32.12.3.rel1.win32_1.1.0.202410251130/tools/bin/../lib/gcc/arm-none-eabi/12.3.1/../../../../arm-none-eabi/lib/thumb/v7e-m+fp/hard\libc_nano.a(libc_a-mprec.o)
                0x08009ef0                _Bfree
 .text.__multadd
                0x08009f34       0x8c C:/Program Files (x86)/STM32CubeIDE_1.17.0/STM32CubeIDE/plugins/com.st.stm32cube.ide.mcu.externaltools.gnu-tools-for-stm32.12.3.rel1.win32_1.1.0.202410251130/tools/bin/../lib/gcc/arm-none-eabi/12.3.1/../../../../arm-none-eabi/lib/thumb/v7e-m+fp/hard\libc_nano.a(libc_a-mprec.o)
                0x08009f34                __multadd
 .text.__hi0bits
                0x08009fc0       0x3e C:/Program Files (x86)/STM32CubeIDE_1.17.0/STM32CubeIDE/plugins/com.st.stm32cube.ide.mcu.externaltools.gnu-tools-for-stm32.12.3.rel1.win32_1.1.0.202410251130/tools/bin/../lib/gcc/arm-none-eabi/12.3.1/../../../../arm-none-eabi/lib/thumb/v7e-m+fp/hard\libc_nano.a(libc_a-mprec.o)
                0x08009fc0                __hi0bits
 .text.__lo0bits
                0x08009ffe       0x5a C:/Program Files (x86)/STM32CubeIDE_1.17.0/STM32CubeIDE/plugins/com.st.stm32cube.ide.mcu.externaltools.gnu-tools-for-stm32.12.3.rel1.win32_1.1.0.202410251130/tools/bin/../lib/gcc/arm-none-eabi/12.3.1/../../../../arm-none-eabi/lib/thumb/v7e-m+fp/hard\libc_nano.a(libc_a-mprec.o)
                0x08009ffe                __lo0bits
 .text.__i2b    0x0800a058       0x2c C:/Program Files (x86)/STM32CubeIDE_1.17.0/STM32CubeIDE/plugins/com.st.stm32cube.ide.mcu.externaltools.gnu-tools-for-stm32.12.3.rel1.win32_1.1.0.202410251130/tools/bin/../lib/gcc/arm-none-eabi/12.3.1/../../../../arm-none-eabi/lib/thumb/v7e-m+fp/hard\libc_nano.a(libc_a-mprec.o)
                0x0800a058                __i2b
 .text.__multiply
                0x0800a084      0x154 C:/Program Files (x86)/STM32CubeIDE_1.17.0/STM32CubeIDE/plugins/com.st.stm32cube.ide.mcu.externaltools.gnu-tools-for-stm32.12.3.rel1.win32_1.1.0.202410251130/tools/bin/../lib/gcc/arm-none-eabi/12.3.1/../../../../arm-none-eabi/lib/thumb/v7e-m+fp/hard\libc_nano.a(libc_a-mprec.o)
                0x0800a084                __multiply
 .text.__pow5mult
                0x0800a1d8       0xb4 C:/Program Files (x86)/STM32CubeIDE_1.17.0/STM32CubeIDE/plugins/com.st.stm32cube.ide.mcu.externaltools.gnu-tools-for-stm32.12.3.rel1.win32_1.1.0.202410251130/tools/bin/../lib/gcc/arm-none-eabi/12.3.1/../../../../arm-none-eabi/lib/thumb/v7e-m+fp/hard\libc_nano.a(libc_a-mprec.o)
                0x0800a1d8                __pow5mult
 .text.__lshift
                0x0800a28c       0xd8 C:/Program Files (x86)/STM32CubeIDE_1.17.0/STM32CubeIDE/plugins/com.st.stm32cube.ide.mcu.externaltools.gnu-tools-for-stm32.12.3.rel1.win32_1.1.0.202410251130/tools/bin/../lib/gcc/arm-none-eabi/12.3.1/../../../../arm-none-eabi/lib/thumb/v7e-m+fp/hard\libc_nano.a(libc_a-mprec.o)
                0x0800a28c                __lshift
 .text.__mcmp   0x0800a364       0x36 C:/Program Files (x86)/STM32CubeIDE_1.17.0/STM32CubeIDE/plugins/com.st.stm32cube.ide.mcu.externaltools.gnu-tools-for-stm32.12.3.rel1.win32_1.1.0.202410251130/tools/bin/../lib/gcc/arm-none-eabi/12.3.1/../../../../arm-none-eabi/lib/thumb/v7e-m+fp/hard\libc_nano.a(libc_a-mprec.o)
                0x0800a364                __mcmp
 *fill*         0x0800a39a        0x2 
 .text.__mdiff  0x0800a39c      0x128 C:/Program Files (x86)/STM32CubeIDE_1.17.0/STM32CubeIDE/plugins/com.st.stm32cube.ide.mcu.externaltools.gnu-tools-for-stm32.12.3.rel1.win32_1.1.0.202410251130/tools/bin/../lib/gcc/arm-none-eabi/12.3.1/../../../../arm-none-eabi/lib/thumb/v7e-m+fp/hard\libc_nano.a(libc_a-mprec.o)
                0x0800a39c                __mdiff
 .text.__d2b    0x0800a4c4       0xb0 C:/Program Files (x86)/STM32CubeIDE_1.17.0/STM32CubeIDE/plugins/com.st.stm32cube.ide.mcu.externaltools.gnu-tools-for-stm32.12.3.rel1.win32_1.1.0.202410251130/tools/bin/../lib/gcc/arm-none-eabi/12.3.1/../../../../arm-none-eabi/lib/thumb/v7e-m+fp/hard\libc_nano.a(libc_a-mprec.o)
                0x0800a4c4                __d2b
 .text.__sfputc_r
                0x0800a574       0x2e C:/Program Files (x86)/STM32CubeIDE_1.17.0/STM32CubeIDE/plugins/com.st.stm32cube.ide.mcu.externaltools.gnu-tools-for-stm32.12.3.rel1.win32_1.1.0.202410251130/tools/bin/../lib/gcc/arm-none-eabi/12.3.1/../../../../arm-none-eabi/lib/thumb/v7e-m+fp/hard\libc_nano.a(libc_a-nano-vfprintf.o)
 .text.__sfputs_r
                0x0800a5a2       0x24 C:/Program Files (x86)/STM32CubeIDE_1.17.0/STM32CubeIDE/plugins/com.st.stm32cube.ide.mcu.externaltools.gnu-tools-for-stm32.12.3.rel1.win32_1.1.0.202410251130/tools/bin/../lib/gcc/arm-none-eabi/12.3.1/../../../../arm-none-eabi/lib/thumb/v7e-m+fp/hard\libc_nano.a(libc_a-nano-vfprintf.o)
                0x0800a5a2                __sfputs_r
 *fill*         0x0800a5c6        0x2 
 .text._vfprintf_r
                0x0800a5c8      0x230 C:/Program Files (x86)/STM32CubeIDE_1.17.0/STM32CubeIDE/plugins/com.st.stm32cube.ide.mcu.externaltools.gnu-tools-for-stm32.12.3.rel1.win32_1.1.0.202410251130/tools/bin/../lib/gcc/arm-none-eabi/12.3.1/../../../../arm-none-eabi/lib/thumb/v7e-m+fp/hard\libc_nano.a(libc_a-nano-vfprintf.o)
                0x0800a5c8                _vfprintf_r
                0x0800a5c8                _vfiprintf_r
 .text.__sflush_r
                0x0800a7f8      0x108 C:/Program Files (x86)/STM32CubeIDE_1.17.0/STM32CubeIDE/plugins/com.st.stm32cube.ide.mcu.externaltools.gnu-tools-for-stm32.12.3.rel1.win32_1.1.0.202410251130/tools/bin/../lib/gcc/arm-none-eabi/12.3.1/../../../../arm-none-eabi/lib/thumb/v7e-m+fp/hard\libc_nano.a(libc_a-fflush.o)
                0x0800a7f8                __sflush_r
 .text._fflush_r
                0x0800a900       0x50 C:/Program Files (x86)/STM32CubeIDE_1.17.0/STM32CubeIDE/plugins/com.st.stm32cube.ide.mcu.externaltools.gnu-tools-for-stm32.12.3.rel1.win32_1.1.0.202410251130/tools/bin/../lib/gcc/arm-none-eabi/12.3.1/../../../../arm-none-eabi/lib/thumb/v7e-m+fp/hard\libc_nano.a(libc_a-fflush.o)
                0x0800a900                _fflush_r
 .text.__swhatbuf_r
                0x0800a950       0x4c C:/Program Files (x86)/STM32CubeIDE_1.17.0/STM32CubeIDE/plugins/com.st.stm32cube.ide.mcu.externaltools.gnu-tools-for-stm32.12.3.rel1.win32_1.1.0.202410251130/tools/bin/../lib/gcc/arm-none-eabi/12.3.1/../../../../arm-none-eabi/lib/thumb/v7e-m+fp/hard\libc_nano.a(libc_a-makebuf.o)
                0x0800a950                __swhatbuf_r
 .text.__smakebuf_r
                0x0800a99c       0x78 C:/Program Files (x86)/STM32CubeIDE_1.17.0/STM32CubeIDE/plugins/com.st.stm32cube.ide.mcu.externaltools.gnu-tools-for-stm32.12.3.rel1.win32_1.1.0.202410251130/tools/bin/../lib/gcc/arm-none-eabi/12.3.1/../../../../arm-none-eabi/lib/thumb/v7e-m+fp/hard\libc_nano.a(libc_a-makebuf.o)
                0x0800a99c                __smakebuf_r
 .text._fstat_r
                0x0800aa14       0x24 C:/Program Files (x86)/STM32CubeIDE_1.17.0/STM32CubeIDE/plugins/com.st.stm32cube.ide.mcu.externaltools.gnu-tools-for-stm32.12.3.rel1.win32_1.1.0.202410251130/tools/bin/../lib/gcc/arm-none-eabi/12.3.1/../../../../arm-none-eabi/lib/thumb/v7e-m+fp/hard\libc_nano.a(libc_a-fstatr.o)
                0x0800aa14                _fstat_r
 .text._isatty_r
                0x0800aa38       0x20 C:/Program Files (x86)/STM32CubeIDE_1.17.0/STM32CubeIDE/plugins/com.st.stm32cube.ide.mcu.externaltools.gnu-tools-for-stm32.12.3.rel1.win32_1.1.0.202410251130/tools/bin/../lib/gcc/arm-none-eabi/12.3.1/../../../../arm-none-eabi/lib/thumb/v7e-m+fp/hard\libc_nano.a(libc_a-isattyr.o)
                0x0800aa38                _isatty_r
 .text._sbrk_r  0x0800aa58       0x20 C:/Program Files (x86)/STM32CubeIDE_1.17.0/STM32CubeIDE/plugins/com.st.stm32cube.ide.mcu.externaltools.gnu-tools-for-stm32.12.3.rel1.win32_1.1.0.202410251130/tools/bin/../lib/gcc/arm-none-eabi/12.3.1/../../../../arm-none-eabi/lib/thumb/v7e-m+fp/hard\libc_nano.a(libc_a-sbrkr.o)
                0x0800aa58                _sbrk_r
 .text.__assert_func
                0x0800aa78       0x3c C:/Program Files (x86)/STM32CubeIDE_1.17.0/STM32CubeIDE/plugins/com.st.stm32cube.ide.mcu.externaltools.gnu-tools-for-stm32.12.3.rel1.win32_1.1.0.202410251130/tools/bin/../lib/gcc/arm-none-eabi/12.3.1/../../../../arm-none-eabi/lib/thumb/v7e-m+fp/hard\libc_nano.a(libc_a-assert.o)
                0x0800aa78                __assert_func
 .text._calloc_r
                0x0800aab4       0x28 C:/Program Files (x86)/STM32CubeIDE_1.17.0/STM32CubeIDE/plugins/com.st.stm32cube.ide.mcu.externaltools.gnu-tools-for-stm32.12.3.rel1.win32_1.1.0.202410251130/tools/bin/../lib/gcc/arm-none-eabi/12.3.1/../../../../arm-none-eabi/lib/thumb/v7e-m+fp/hard\libc_nano.a(libc_a-callocr.o)
                0x0800aab4                _calloc_r
 .text.__ascii_mbtowc
                0x0800aadc       0x24 C:/Program Files (x86)/STM32CubeIDE_1.17.0/STM32CubeIDE/plugins/com.st.stm32cube.ide.mcu.externaltools.gnu-tools-for-stm32.12.3.rel1.win32_1.1.0.202410251130/tools/bin/../lib/gcc/arm-none-eabi/12.3.1/../../../../arm-none-eabi/lib/thumb/v7e-m+fp/hard\libc_nano.a(libc_a-mbtowc_r.o)
                0x0800aadc                __ascii_mbtowc
 .text.__ascii_wctomb
                0x0800ab00       0x1a C:/Program Files (x86)/STM32CubeIDE_1.17.0/STM32CubeIDE/plugins/com.st.stm32cube.ide.mcu.externaltools.gnu-tools-for-stm32.12.3.rel1.win32_1.1.0.202410251130/tools/bin/../lib/gcc/arm-none-eabi/12.3.1/../../../../arm-none-eabi/lib/thumb/v7e-m+fp/hard\libc_nano.a(libc_a-wctomb_r.o)
                0x0800ab00                __ascii_wctomb
 *fill*         0x0800ab1a        0x2 
 .text.fprintf  0x0800ab1c       0x24 C:/Program Files (x86)/STM32CubeIDE_1.17.0/STM32CubeIDE/plugins/com.st.stm32cube.ide.mcu.externaltools.gnu-tools-for-stm32.12.3.rel1.win32_1.1.0.202410251130/tools/bin/../lib/gcc/arm-none-eabi/12.3.1/../../../../arm-none-eabi/lib/thumb/v7e-m+fp/hard\libc_nano.a(libc_a-fprintf.o)
                0x0800ab1c                fiprintf
                0x0800ab1c                fprintf
 .text.abort    0x0800ab40        0xe C:/Program Files (x86)/STM32CubeIDE_1.17.0/STM32CubeIDE/plugins/com.st.stm32cube.ide.mcu.externaltools.gnu-tools-for-stm32.12.3.rel1.win32_1.1.0.202410251130/tools/bin/../lib/gcc/arm-none-eabi/12.3.1/../../../../arm-none-eabi/lib/thumb/v7e-m+fp/hard\libc_nano.a(libc_a-abort.o)
                0x0800ab40                abort
 .text._raise_r
                0x0800ab4e       0x50 C:/Program Files (x86)/STM32CubeIDE_1.17.0/STM32CubeIDE/plugins/com.st.stm32cube.ide.mcu.externaltools.gnu-tools-for-stm32.12.3.rel1.win32_1.1.0.202410251130/tools/bin/../lib/gcc/arm-none-eabi/12.3.1/../../../../arm-none-eabi/lib/thumb/v7e-m+fp/hard\libc_nano.a(libc_a-signal.o)
                0x0800ab4e                _raise_r
 *fill*         0x0800ab9e        0x2 
 .text.raise    0x0800aba0       0x10 C:/Program Files (x86)/STM32CubeIDE_1.17.0/STM32CubeIDE/plugins/com.st.stm32cube.ide.mcu.externaltools.gnu-tools-for-stm32.12.3.rel1.win32_1.1.0.202410251130/tools/bin/../lib/gcc/arm-none-eabi/12.3.1/../../../../arm-none-eabi/lib/thumb/v7e-m+fp/hard\libc_nano.a(libc_a-signal.o)
                0x0800aba0                raise
 .text._kill_r  0x0800abb0       0x24 C:/Program Files (x86)/STM32CubeIDE_1.17.0/STM32CubeIDE/plugins/com.st.stm32cube.ide.mcu.externaltools.gnu-tools-for-stm32.12.3.rel1.win32_1.1.0.202410251130/tools/bin/../lib/gcc/arm-none-eabi/12.3.1/../../../../arm-none-eabi/lib/thumb/v7e-m+fp/hard\libc_nano.a(libc_a-signalr.o)
                0x0800abb0                _kill_r
 .text._getpid_r
                0x0800abd4        0x4 C:/Program Files (x86)/STM32CubeIDE_1.17.0/STM32CubeIDE/plugins/com.st.stm32cube.ide.mcu.externaltools.gnu-tools-for-stm32.12.3.rel1.win32_1.1.0.202410251130/tools/bin/../lib/gcc/arm-none-eabi/12.3.1/../../../../arm-none-eabi/lib/thumb/v7e-m+fp/hard\libc_nano.a(libc_a-signalr.o)
                0x0800abd4                _getpid_r
 *(.glue_7)
 .glue_7        0x0800abd8        0x0 linker stubs
 *(.glue_7t)
 .glue_7t       0x0800abd8        0x0 linker stubs
 *(.eh_frame)
 .eh_frame      0x0800abd8        0x0 C:/Program Files (x86)/STM32CubeIDE_1.17.0/STM32CubeIDE/plugins/com.st.stm32cube.ide.mcu.externaltools.gnu-tools-for-stm32.12.3.rel1.win32_1.1.0.202410251130/tools/bin/../lib/gcc/arm-none-eabi/12.3.1/thumb/v7e-m+fp/hard/crtbegin.o
 *(.init)
 .init          0x0800abd8        0x4 C:/Program Files (x86)/STM32CubeIDE_1.17.0/STM32CubeIDE/plugins/com.st.stm32cube.ide.mcu.externaltools.gnu-tools-for-stm32.12.3.rel1.win32_1.1.0.202410251130/tools/bin/../lib/gcc/arm-none-eabi/12.3.1/thumb/v7e-m+fp/hard/crti.o
                0x0800abd8                _init
 .init          0x0800abdc        0x8 C:/Program Files (x86)/STM32CubeIDE_1.17.0/STM32CubeIDE/plugins/com.st.stm32cube.ide.mcu.externaltools.gnu-tools-for-stm32.12.3.rel1.win32_1.1.0.202410251130/tools/bin/../lib/gcc/arm-none-eabi/12.3.1/thumb/v7e-m+fp/hard/crtn.o
 *(.fini)
 .fini          0x0800abe4        0x4 C:/Program Files (x86)/STM32CubeIDE_1.17.0/STM32CubeIDE/plugins/com.st.stm32cube.ide.mcu.externaltools.gnu-tools-for-stm32.12.3.rel1.win32_1.1.0.202410251130/tools/bin/../lib/gcc/arm-none-eabi/12.3.1/thumb/v7e-m+fp/hard/crti.o
                0x0800abe4                _fini
 .fini          0x0800abe8        0x8 C:/Program Files (x86)/STM32CubeIDE_1.17.0/STM32CubeIDE/plugins/com.st.stm32cube.ide.mcu.externaltools.gnu-tools-for-stm32.12.3.rel1.win32_1.1.0.202410251130/tools/bin/../lib/gcc/arm-none-eabi/12.3.1/thumb/v7e-m+fp/hard/crtn.o
                0x0800abf0                        . = ALIGN (0x4)
                0x0800abf0                        _etext = .

.vfp11_veneer   0x0800abf0        0x0
 .vfp11_veneer  0x0800abf0        0x0 linker stubs

.v4_bx          0x0800abf0        0x0
 .v4_bx         0x0800abf0        0x0 linker stubs

.iplt           0x0800abf0        0x0
 .iplt          0x0800abf0        0x0 C:/Program Files (x86)/STM32CubeIDE_1.17.0/STM32CubeIDE/plugins/com.st.stm32cube.ide.mcu.externaltools.gnu-tools-for-stm32.12.3.rel1.win32_1.1.0.202410251130/tools/bin/../lib/gcc/arm-none-eabi/12.3.1/thumb/v7e-m+fp/hard/crtbegin.o

.rodata         0x0800abf0    0x15e90
                0x0800abf0                        . = ALIGN (0x4)
 *(.rodata)
 .rodata        0x0800abf0       0x52 ./Drivers/BSP/53L8A1/53l8a1_ranging_sensor.o
 *fill*         0x0800ac42        0x2 
 .rodata        0x0800ac44       0x6c ./Drivers/BSP/Components/vl53l8cx/modules/vl53l8cx_api.o
 .rodata        0x0800acb0        0x8 ./Drivers/BSP/Components/vl53l8cx/modules/vl53l8cx_plugin_detection_thresholds.o
 .rodata        0x0800acb8      0x328 ./TOF/App/app_tof.o
 *(.rodata*)
 .rodata.AHBPrescTable
                0x0800afe0       0x10 ./Core/Src/system_stm32g4xx.o
                0x0800afe0                AHBPrescTable
 .rodata.APBPrescTable
                0x0800aff0        0x8 ./Core/Src/system_stm32g4xx.o
                0x0800aff0                APBPrescTable
 .rodata.VL53L8CX_FIRMWARE
                0x0800aff8    0x15000 ./Drivers/BSP/Components/vl53l8cx/modules/vl53l8cx_api.o
                0x0800aff8                VL53L8CX_FIRMWARE
 .rodata.VL53L8CX_DEFAULT_CONFIGURATION
                0x0801fff8      0x3cc ./Drivers/BSP/Components/vl53l8cx/modules/vl53l8cx_api.o
                0x0801fff8                VL53L8CX_DEFAULT_CONFIGURATION
 .rodata.VL53L8CX_DEFAULT_XTALK
                0x080203c4      0x308 ./Drivers/BSP/Components/vl53l8cx/modules/vl53l8cx_api.o
                0x080203c4                VL53L8CX_DEFAULT_XTALK
 .rodata.VL53L8CX_GET_NVM_CMD
                0x080206cc       0x28 ./Drivers/BSP/Components/vl53l8cx/modules/vl53l8cx_api.o
                0x080206cc                VL53L8CX_GET_NVM_CMD
 .rodata.BUTTON_EXTI_LINE.2
                0x080206f4        0x4 ./Drivers/BSP/STM32G4xx_Nucleo/stm32g4xx_nucleo.o
 .rodata.UARTPrescTable
                0x080206f8       0x18 ./Drivers/STM32G4xx_HAL_Driver/Src/stm32g4xx_hal_uart.o
                0x080206f8                UARTPrescTable
 .rodata._printf_float.str1.1
                0x08020710       0x12 C:/Program Files (x86)/STM32CubeIDE_1.17.0/STM32CubeIDE/plugins/com.st.stm32cube.ide.mcu.externaltools.gnu-tools-for-stm32.12.3.rel1.win32_1.1.0.202410251130/tools/bin/../lib/gcc/arm-none-eabi/12.3.1/../../../../arm-none-eabi/lib/thumb/v7e-m+fp/hard\libc_nano.a(libc_a-nano-vfprintf_float.o)
 .rodata._printf_i.str1.1
                0x08020722       0x22 C:/Program Files (x86)/STM32CubeIDE_1.17.0/STM32CubeIDE/plugins/com.st.stm32cube.ide.mcu.externaltools.gnu-tools-for-stm32.12.3.rel1.win32_1.1.0.202410251130/tools/bin/../lib/gcc/arm-none-eabi/12.3.1/../../../../arm-none-eabi/lib/thumb/v7e-m+fp/hard\libc_nano.a(libc_a-nano-vfprintf_i.o)
 .rodata._dtoa_r.str1.1
                0x08020744       0x8d C:/Program Files (x86)/STM32CubeIDE_1.17.0/STM32CubeIDE/plugins/com.st.stm32cube.ide.mcu.externaltools.gnu-tools-for-stm32.12.3.rel1.win32_1.1.0.202410251130/tools/bin/../lib/gcc/arm-none-eabi/12.3.1/../../../../arm-none-eabi/lib/thumb/v7e-m+fp/hard\libc_nano.a(libc_a-dtoa.o)
                                 0x8f (size before relaxing)
 .rodata._Balloc.str1.1
                0x080207d1       0x59 C:/Program Files (x86)/STM32CubeIDE_1.17.0/STM32CubeIDE/plugins/com.st.stm32cube.ide.mcu.externaltools.gnu-tools-for-stm32.12.3.rel1.win32_1.1.0.202410251130/tools/bin/../lib/gcc/arm-none-eabi/12.3.1/../../../../arm-none-eabi/lib/thumb/v7e-m+fp/hard\libc_nano.a(libc_a-mprec.o)
                                 0x70 (size before relaxing)
 .rodata.__multadd.str1.1
                0x0802082a       0x11 C:/Program Files (x86)/STM32CubeIDE_1.17.0/STM32CubeIDE/plugins/com.st.stm32cube.ide.mcu.externaltools.gnu-tools-for-stm32.12.3.rel1.win32_1.1.0.202410251130/tools/bin/../lib/gcc/arm-none-eabi/12.3.1/../../../../arm-none-eabi/lib/thumb/v7e-m+fp/hard\libc_nano.a(libc_a-mprec.o)
 *fill*         0x0802082a        0x2 
 .rodata.p05.0  0x0802082c        0xc C:/Program Files (x86)/STM32CubeIDE_1.17.0/STM32CubeIDE/plugins/com.st.stm32cube.ide.mcu.externaltools.gnu-tools-for-stm32.12.3.rel1.win32_1.1.0.202410251130/tools/bin/../lib/gcc/arm-none-eabi/12.3.1/../../../../arm-none-eabi/lib/thumb/v7e-m+fp/hard\libc_nano.a(libc_a-mprec.o)
 .rodata.__mprec_bigtens
                0x08020838       0x28 C:/Program Files (x86)/STM32CubeIDE_1.17.0/STM32CubeIDE/plugins/com.st.stm32cube.ide.mcu.externaltools.gnu-tools-for-stm32.12.3.rel1.win32_1.1.0.202410251130/tools/bin/../lib/gcc/arm-none-eabi/12.3.1/../../../../arm-none-eabi/lib/thumb/v7e-m+fp/hard\libc_nano.a(libc_a-mprec.o)
                0x08020838                __mprec_bigtens
 .rodata.__mprec_tens
                0x08020860       0xc8 C:/Program Files (x86)/STM32CubeIDE_1.17.0/STM32CubeIDE/plugins/com.st.stm32cube.ide.mcu.externaltools.gnu-tools-for-stm32.12.3.rel1.win32_1.1.0.202410251130/tools/bin/../lib/gcc/arm-none-eabi/12.3.1/../../../../arm-none-eabi/lib/thumb/v7e-m+fp/hard\libc_nano.a(libc_a-mprec.o)
                0x08020860                __mprec_tens
 .rodata._vfprintf_r.str1.1
                0x08020928       0x11 C:/Program Files (x86)/STM32CubeIDE_1.17.0/STM32CubeIDE/plugins/com.st.stm32cube.ide.mcu.externaltools.gnu-tools-for-stm32.12.3.rel1.win32_1.1.0.202410251130/tools/bin/../lib/gcc/arm-none-eabi/12.3.1/../../../../arm-none-eabi/lib/thumb/v7e-m+fp/hard\libc_nano.a(libc_a-nano-vfprintf.o)
 .rodata._setlocale_r.str1.1
                0x08020939        0x8 C:/Program Files (x86)/STM32CubeIDE_1.17.0/STM32CubeIDE/plugins/com.st.stm32cube.ide.mcu.externaltools.gnu-tools-for-stm32.12.3.rel1.win32_1.1.0.202410251130/tools/bin/../lib/gcc/arm-none-eabi/12.3.1/../../../../arm-none-eabi/lib/thumb/v7e-m+fp/hard\libc_nano.a(libc_a-locale.o)
                                  0x9 (size before relaxing)
 .rodata.str1.1
                0x08020941        0x2 C:/Program Files (x86)/STM32CubeIDE_1.17.0/STM32CubeIDE/plugins/com.st.stm32cube.ide.mcu.externaltools.gnu-tools-for-stm32.12.3.rel1.win32_1.1.0.202410251130/tools/bin/../lib/gcc/arm-none-eabi/12.3.1/../../../../arm-none-eabi/lib/thumb/v7e-m+fp/hard\libc_nano.a(libc_a-locale.o)
 .rodata.__assert_func.str1.1
                0x08020943       0x3c C:/Program Files (x86)/STM32CubeIDE_1.17.0/STM32CubeIDE/plugins/com.st.stm32cube.ide.mcu.externaltools.gnu-tools-for-stm32.12.3.rel1.win32_1.1.0.202410251130/tools/bin/../lib/gcc/arm-none-eabi/12.3.1/../../../../arm-none-eabi/lib/thumb/v7e-m+fp/hard\libc_nano.a(libc_a-assert.o)
                                 0x3d (size before relaxing)
 .rodata._ctype_
                0x0802097f      0x101 C:/Program Files (x86)/STM32CubeIDE_1.17.0/STM32CubeIDE/plugins/com.st.stm32cube.ide.mcu.externaltools.gnu-tools-for-stm32.12.3.rel1.win32_1.1.0.202410251130/tools/bin/../lib/gcc/arm-none-eabi/12.3.1/../../../../arm-none-eabi/lib/thumb/v7e-m+fp/hard\libc_nano.a(libc_a-ctype_.o)
                0x0802097f                _ctype_
                0x08020a80                        . = ALIGN (0x4)

.ARM.extab      0x08020a80        0x0
                0x08020a80                        . = ALIGN (0x4)
 *(.ARM.extab* .gnu.linkonce.armextab.*)
                0x08020a80                        . = ALIGN (0x4)

.ARM            0x08020a80        0x8
                0x08020a80                        . = ALIGN (0x4)
                0x08020a80                        __exidx_start = .
 *(.ARM.exidx*)
 .ARM.exidx     0x08020a80        0x8 C:/Program Files (x86)/STM32CubeIDE_1.17.0/STM32CubeIDE/plugins/com.st.stm32cube.ide.mcu.externaltools.gnu-tools-for-stm32.12.3.rel1.win32_1.1.0.202410251130/tools/bin/../lib/gcc/arm-none-eabi/12.3.1/../../../../arm-none-eabi/lib/thumb/v7e-m+fp/hard\libc_nano.a(libc_a-memchr.o)
 .ARM.exidx     0x08020a88        0x0 C:/Program Files (x86)/STM32CubeIDE_1.17.0/STM32CubeIDE/plugins/com.st.stm32cube.ide.mcu.externaltools.gnu-tools-for-stm32.12.3.rel1.win32_1.1.0.202410251130/tools/bin/../lib/gcc/arm-none-eabi/12.3.1/../../../../arm-none-eabi/lib/thumb/v7e-m+fp/hard\libc_nano.a(libc_a-strlen.o)
                                  0x8 (size before relaxing)
 .ARM.exidx     0x08020a88        0x0 C:/Program Files (x86)/STM32CubeIDE_1.17.0/STM32CubeIDE/plugins/com.st.stm32cube.ide.mcu.externaltools.gnu-tools-for-stm32.12.3.rel1.win32_1.1.0.202410251130/tools/bin/../lib/gcc/arm-none-eabi/12.3.1/thumb/v7e-m+fp/hard\libgcc.a(_udivmoddi4.o)
                                  0x8 (size before relaxing)
                0x08020a88                        __exidx_end = .
                0x08020a88                        . = ALIGN (0x4)

.preinit_array  0x08020a88        0x0
                0x08020a88                        . = ALIGN (0x4)
                0x08020a88                        PROVIDE (__preinit_array_start = .)
 *(.preinit_array*)
                0x08020a88                        PROVIDE (__preinit_array_end = .)
                0x08020a88                        . = ALIGN (0x4)

.init_array     0x08020a88        0x4
                0x08020a88                        . = ALIGN (0x4)
                0x08020a88                        PROVIDE (__init_array_start = .)
 *(SORT_BY_NAME(.init_array.*))
 *(.init_array*)
 .init_array    0x08020a88        0x4 C:/Program Files (x86)/STM32CubeIDE_1.17.0/STM32CubeIDE/plugins/com.st.stm32cube.ide.mcu.externaltools.gnu-tools-for-stm32.12.3.rel1.win32_1.1.0.202410251130/tools/bin/../lib/gcc/arm-none-eabi/12.3.1/thumb/v7e-m+fp/hard/crtbegin.o
                0x08020a8c                        PROVIDE (__init_array_end = .)
                0x08020a8c                        . = ALIGN (0x4)

.fini_array     0x08020a8c        0x4
                0x08020a8c                        . = ALIGN (0x4)
                [!provide]                        PROVIDE (__fini_array_start = .)
 *(SORT_BY_NAME(.fini_array.*))
 *(.fini_array*)
 .fini_array    0x08020a8c        0x4 C:/Program Files (x86)/STM32CubeIDE_1.17.0/STM32CubeIDE/plugins/com.st.stm32cube.ide.mcu.externaltools.gnu-tools-for-stm32.12.3.rel1.win32_1.1.0.202410251130/tools/bin/../lib/gcc/arm-none-eabi/12.3.1/thumb/v7e-m+fp/hard/crtbegin.o
                [!provide]                        PROVIDE (__fini_array_end = .)
                0x08020a90                        . = ALIGN (0x4)
                0x08020a90                        _sidata = LOADADDR (.data)

.rel.dyn        0x08020a90        0x0
 .rel.iplt      0x08020a90        0x0 C:/Program Files (x86)/STM32CubeIDE_1.17.0/STM32CubeIDE/plugins/com.st.stm32cube.ide.mcu.externaltools.gnu-tools-for-stm32.12.3.rel1.win32_1.1.0.202410251130/tools/bin/../lib/gcc/arm-none-eabi/12.3.1/thumb/v7e-m+fp/hard/crtbegin.o

.data           0x20000000      0x220 load address 0x08020a90
                0x20000000                        . = ALIGN (0x4)
                0x20000000                        _sdata = .
 *(.data)
 *(.data*)
 .data.SystemCoreClock
                0x20000000        0x4 ./Core/Src/system_stm32g4xx.o
                0x20000000                SystemCoreClock
 .data.VL53L8CX_RANGING_SENSOR_Driver
                0x20000004       0x38 ./Drivers/BSP/Components/vl53l8cx/vl53l8cx.o
                0x20000004                VL53L8CX_RANGING_SENSOR_Driver
 .data.LED_PORT
                0x2000003c        0x4 ./Drivers/BSP/STM32G4xx_Nucleo/stm32g4xx_nucleo.o
 .data.BUTTON_PORT
                0x20000040        0x4 ./Drivers/BSP/STM32G4xx_Nucleo/stm32g4xx_nucleo.o
 .data.COM_USART
                0x20000044        0x4 ./Drivers/BSP/STM32G4xx_Nucleo/stm32g4xx_nucleo.o
 .data.ButtonCallback.1
                0x20000048        0x4 ./Drivers/BSP/STM32G4xx_Nucleo/stm32g4xx_nucleo.o
 .data.BSP_BUTTON_PRIO.0
                0x2000004c        0x4 ./Drivers/BSP/STM32G4xx_Nucleo/stm32g4xx_nucleo.o
 .data.uwTickPrio
                0x20000050        0x4 ./Drivers/STM32G4xx_HAL_Driver/Src/stm32g4xx_hal.o
                0x20000050                uwTickPrio
 .data.uwTickFreq
                0x20000054        0x4 ./Drivers/STM32G4xx_HAL_Driver/Src/stm32g4xx_hal.o
                0x20000054                uwTickFreq
 .data.__sglue  0x20000058        0xc C:/Program Files (x86)/STM32CubeIDE_1.17.0/STM32CubeIDE/plugins/com.st.stm32cube.ide.mcu.externaltools.gnu-tools-for-stm32.12.3.rel1.win32_1.1.0.202410251130/tools/bin/../lib/gcc/arm-none-eabi/12.3.1/../../../../arm-none-eabi/lib/thumb/v7e-m+fp/hard\libc_nano.a(libc_a-findfp.o)
                0x20000058                __sglue
 .data._impure_ptr
                0x20000064        0x4 C:/Program Files (x86)/STM32CubeIDE_1.17.0/STM32CubeIDE/plugins/com.st.stm32cube.ide.mcu.externaltools.gnu-tools-for-stm32.12.3.rel1.win32_1.1.0.202410251130/tools/bin/../lib/gcc/arm-none-eabi/12.3.1/../../../../arm-none-eabi/lib/thumb/v7e-m+fp/hard\libc_nano.a(libc_a-impure.o)
                0x20000064                _impure_ptr
 .data._impure_data
                0x20000068       0x4c C:/Program Files (x86)/STM32CubeIDE_1.17.0/STM32CubeIDE/plugins/com.st.stm32cube.ide.mcu.externaltools.gnu-tools-for-stm32.12.3.rel1.win32_1.1.0.202410251130/tools/bin/../lib/gcc/arm-none-eabi/12.3.1/../../../../arm-none-eabi/lib/thumb/v7e-m+fp/hard\libc_nano.a(libc_a-impure.o)
                0x20000068                _impure_data
 .data.__global_locale
                0x200000b4      0x16c C:/Program Files (x86)/STM32CubeIDE_1.17.0/STM32CubeIDE/plugins/com.st.stm32cube.ide.mcu.externaltools.gnu-tools-for-stm32.12.3.rel1.win32_1.1.0.202410251130/tools/bin/../lib/gcc/arm-none-eabi/12.3.1/../../../../arm-none-eabi/lib/thumb/v7e-m+fp/hard\libc_nano.a(libc_a-locale.o)
                0x200000b4                __global_locale
 *(.RamFunc)
 *(.RamFunc*)
                0x20000220                        . = ALIGN (0x4)
                0x20000220                        _edata = .

.igot.plt       0x20000220        0x0 load address 0x08020cb0
 .igot.plt      0x20000220        0x0 C:/Program Files (x86)/STM32CubeIDE_1.17.0/STM32CubeIDE/plugins/com.st.stm32cube.ide.mcu.externaltools.gnu-tools-for-stm32.12.3.rel1.win32_1.1.0.202410251130/tools/bin/../lib/gcc/arm-none-eabi/12.3.1/thumb/v7e-m+fp/hard/crtbegin.o
                0x20000220                        . = ALIGN (0x4)

.bss            0x20000220     0x2bb4 load address 0x08020cb0
                0x20000220                        _sbss = .
                0x20000220                        __bss_start__ = _sbss
 *(.bss)
 .bss           0x20000220       0x1c C:/Program Files (x86)/STM32CubeIDE_1.17.0/STM32CubeIDE/plugins/com.st.stm32cube.ide.mcu.externaltools.gnu-tools-for-stm32.12.3.rel1.win32_1.1.0.202410251130/tools/bin/../lib/gcc/arm-none-eabi/12.3.1/thumb/v7e-m+fp/hard/crtbegin.o
 *(.bss*)
 .bss.BspCOMInit
                0x2000023c       0x10 ./Core/Src/main.o
                0x2000023c                BspCOMInit
 .bss.hi2c1     0x2000024c       0x54 ./Core/Src/stm32g4xx_nucleo_bus.o
                0x2000024c                hi2c1
 .bss.I2C1InitCounter
                0x200002a0        0x4 ./Core/Src/stm32g4xx_nucleo_bus.o
 .bss.__sbrk_heap_end
                0x200002a4        0x4 ./Core/Src/sysmem.o
 .bss.VL53L8A1_RANGING_SENSOR_CompObj
                0x200002a8        0xc ./Drivers/BSP/53L8A1/53l8a1_ranging_sensor.o
                0x200002a8                VL53L8A1_RANGING_SENSOR_CompObj
 .bss.VL53L8A1_RANGING_SENSOR_Drv
                0x200002b4        0x4 ./Drivers/BSP/53L8A1/53l8a1_ranging_sensor.o
 .bss.VL53L8A1_RANGING_SENSOR_Cap
                0x200002b8       0x10 ./Drivers/BSP/53L8A1/53l8a1_ranging_sensor.o
 .bss.VL53L8CXObj.0
                0x200002c8     0x20a0 ./Drivers/BSP/53L8A1/53l8a1_ranging_sensor.o
 .bss.thresholds.1
                0x20002368      0x300 ./Drivers/BSP/Components/vl53l8cx/vl53l8cx.o
 .bss.data.0    0x20002668      0x550 ./Drivers/BSP/Components/vl53l8cx/vl53l8cx.o
 .bss.hpb_exti  0x20002bb8        0x8 ./Drivers/BSP/STM32G4xx_Nucleo/stm32g4xx_nucleo.o
                0x20002bb8                hpb_exti
 .bss.hcom_uart
                0x20002bc0       0x94 ./Drivers/BSP/STM32G4xx_Nucleo/stm32g4xx_nucleo.o
                0x20002bc0                hcom_uart
 .bss.COM_ActiveLogPort
                0x20002c54        0x1 ./Drivers/BSP/STM32G4xx_Nucleo/stm32g4xx_nucleo.o
 *fill*         0x20002c55        0x3 
 .bss.uwTick    0x20002c58        0x4 ./Drivers/STM32G4xx_HAL_Driver/Src/stm32g4xx_hal.o
                0x20002c58                uwTick
 .bss.Cap       0x20002c5c       0x10 ./TOF/App/app_tof.o
 .bss.Profile   0x20002c6c       0x14 ./TOF/App/app_tof.o
 .bss.status    0x20002c80        0x4 ./TOF/App/app_tof.o
 .bss.PushButtonDetected
                0x20002c84        0x1 ./TOF/App/app_tof.o
 .bss.ToF_EventDetected
                0x20002c85        0x1 ./TOF/App/app_tof.o
                0x20002c85                ToF_EventDetected
 *fill*         0x20002c86        0x2 
 .bss.__sf      0x20002c88      0x138 C:/Program Files (x86)/STM32CubeIDE_1.17.0/STM32CubeIDE/plugins/com.st.stm32cube.ide.mcu.externaltools.gnu-tools-for-stm32.12.3.rel1.win32_1.1.0.202410251130/tools/bin/../lib/gcc/arm-none-eabi/12.3.1/../../../../arm-none-eabi/lib/thumb/v7e-m+fp/hard\libc_nano.a(libc_a-findfp.o)
                0x20002c88                __sf
 .bss.__stdio_exit_handler
                0x20002dc0        0x4 C:/Program Files (x86)/STM32CubeIDE_1.17.0/STM32CubeIDE/plugins/com.st.stm32cube.ide.mcu.externaltools.gnu-tools-for-stm32.12.3.rel1.win32_1.1.0.202410251130/tools/bin/../lib/gcc/arm-none-eabi/12.3.1/../../../../arm-none-eabi/lib/thumb/v7e-m+fp/hard\libc_nano.a(libc_a-findfp.o)
                0x20002dc0                __stdio_exit_handler
 .bss.errno     0x20002dc4        0x4 C:/Program Files (x86)/STM32CubeIDE_1.17.0/STM32CubeIDE/plugins/com.st.stm32cube.ide.mcu.externaltools.gnu-tools-for-stm32.12.3.rel1.win32_1.1.0.202410251130/tools/bin/../lib/gcc/arm-none-eabi/12.3.1/../../../../arm-none-eabi/lib/thumb/v7e-m+fp/hard\libc_nano.a(libc_a-reent.o)
                0x20002dc4                errno
 .bss.__lock___malloc_recursive_mutex
                0x20002dc8        0x1 C:/Program Files (x86)/STM32CubeIDE_1.17.0/STM32CubeIDE/plugins/com.st.stm32cube.ide.mcu.externaltools.gnu-tools-for-stm32.12.3.rel1.win32_1.1.0.202410251130/tools/bin/../lib/gcc/arm-none-eabi/12.3.1/../../../../arm-none-eabi/lib/thumb/v7e-m+fp/hard\libc_nano.a(libc_a-lock.o)
                0x20002dc8                __lock___malloc_recursive_mutex
 .bss.__lock___sfp_recursive_mutex
                0x20002dc9        0x1 C:/Program Files (x86)/STM32CubeIDE_1.17.0/STM32CubeIDE/plugins/com.st.stm32cube.ide.mcu.externaltools.gnu-tools-for-stm32.12.3.rel1.win32_1.1.0.202410251130/tools/bin/../lib/gcc/arm-none-eabi/12.3.1/../../../../arm-none-eabi/lib/thumb/v7e-m+fp/hard\libc_nano.a(libc_a-lock.o)
                0x20002dc9                __lock___sfp_recursive_mutex
 *fill*         0x20002dca        0x2 
 .bss.__malloc_sbrk_start
                0x20002dcc        0x4 C:/Program Files (x86)/STM32CubeIDE_1.17.0/STM32CubeIDE/plugins/com.st.stm32cube.ide.mcu.externaltools.gnu-tools-for-stm32.12.3.rel1.win32_1.1.0.202410251130/tools/bin/../lib/gcc/arm-none-eabi/12.3.1/../../../../arm-none-eabi/lib/thumb/v7e-m+fp/hard\libc_nano.a(libc_a-mallocr.o)
                0x20002dcc                __malloc_sbrk_start
 .bss.__malloc_free_list
                0x20002dd0        0x4 C:/Program Files (x86)/STM32CubeIDE_1.17.0/STM32CubeIDE/plugins/com.st.stm32cube.ide.mcu.externaltools.gnu-tools-for-stm32.12.3.rel1.win32_1.1.0.202410251130/tools/bin/../lib/gcc/arm-none-eabi/12.3.1/../../../../arm-none-eabi/lib/thumb/v7e-m+fp/hard\libc_nano.a(libc_a-mallocr.o)
                0x20002dd0                __malloc_free_list
 *(COMMON)
                0x20002dd4                        . = ALIGN (0x4)
                0x20002dd4                        _ebss = .
                0x20002dd4                        __bss_end__ = _ebss

._user_heap_stack
                0x20002dd4      0x604 load address 0x08020cb0
                0x20002dd8                        . = ALIGN (0x8)
 *fill*         0x20002dd4        0x4 
                [!provide]                        PROVIDE (end = .)
                0x20002dd8                        PROVIDE (_end = .)
                0x20002fd8                        . = (. + _Min_Heap_Size)
 *fill*         0x20002dd8      0x200 
                0x200033d8                        . = (. + _Min_Stack_Size)
 *fill*         0x20002fd8      0x400 
                0x200033d8                        . = ALIGN (0x8)

/DISCARD/
 libc.a(*)
 libm.a(*)
 libgcc.a(*)

.ARM.attributes
                0x00000000       0x30
 *(.ARM.attributes)
 .ARM.attributes
                0x00000000       0x22 C:/Program Files (x86)/STM32CubeIDE_1.17.0/STM32CubeIDE/plugins/com.st.stm32cube.ide.mcu.externaltools.gnu-tools-for-stm32.12.3.rel1.win32_1.1.0.202410251130/tools/bin/../lib/gcc/arm-none-eabi/12.3.1/thumb/v7e-m+fp/hard/crti.o
 .ARM.attributes
                0x00000022       0x34 C:/Program Files (x86)/STM32CubeIDE_1.17.0/STM32CubeIDE/plugins/com.st.stm32cube.ide.mcu.externaltools.gnu-tools-for-stm32.12.3.rel1.win32_1.1.0.202410251130/tools/bin/../lib/gcc/arm-none-eabi/12.3.1/thumb/v7e-m+fp/hard/crtbegin.o
 .ARM.attributes
                0x00000056       0x34 ./Core/Src/main.o
 .ARM.attributes