../TOF/App/app_tof.c:80:6:MX_TOF_Init	8	static
../TOF/App/app_tof.c:102:6:MX_TOF_Process	8	static
../TOF/App/app_tof.c:132:13:MX_53L8A1_SimpleRanging_Init	24	static
../TOF/App/app_tof.c:172:13:MX_53L8A1_SimpleRanging_Process	16	static
../TOF/App/app_tof.c:254:13:print_result	32	static
../TOF/App/app_tof.c:347:6:save_useful_data	24	static
../TOF/App/app_tof.c:364:6:print_useful_data_txt	32	static
../TOF/App/app_tof.c:404:6:print_useful_data	56	static
../TOF/App/app_tof.c:468:13:toggle_resolution	8	static
../TOF/App/app_tof.c:498:13:toggle_signal_and_ambient	8	static
../TOF/App/app_tof.c:509:13:clear_screen	8	static
../TOF/App/app_tof.c:514:13:display_commands_banner	8	static
../TOF/App/app_tof.c:529:13:handle_cmd	16	static
../TOF/App/app_tof.c:552:16:get_key	16	static
../TOF/App/app_tof.c:561:17:com_has_data	4	static
../TOF/App/app_tof.c:566:6:BSP_PB_Callback	16	static
