../TOF/App/app_tof.c:61:6:MX_TOF_Init	8	static
../TOF/App/app_tof.c:83:6:MX_TOF_Process	8	static
../TOF/App/app_tof.c:96:13:MX_53L8A1_SimpleRanging_Init	24	static
../TOF/App/app_tof.c:136:13:MX_53L8A1_SimpleRanging_Process	16	static
../TOF/App/app_tof.c:179:13:print_result	32	static
../TOF/App/app_tof.c:268:13:toggle_resolution	8	static
../TOF/App/app_tof.c:298:13:toggle_signal_and_ambient	8	static
../TOF/App/app_tof.c:309:13:clear_screen	8	static
../TOF/App/app_tof.c:314:13:display_commands_banner	8	static
../TOF/App/app_tof.c:329:13:handle_cmd	16	static
../TOF/App/app_tof.c:352:16:get_key	16	static
../TOF/App/app_tof.c:361:17:com_has_data	4	static
../TOF/App/app_tof.c:366:6:BSP_PB_Callback	16	static
