Archive member included to satisfy reference by file (symbol)

C:/Program Files (x86)/STM32CubeIDE_1.17.0/STM32CubeIDE/plugins/com.st.stm32cube.ide.mcu.externaltools.gnu-tools-for-stm32.12.3.rel1.win32_1.1.0.202410251130/tools/bin/../lib/gcc/arm-none-eabi/12.3.1/../../../../arm-none-eabi/lib/thumb/v7e-m+fp/hard\libc_nano.a(libc_a-exit.o)
                              C:/Program Files (x86)/STM32CubeIDE_1.17.0/STM32CubeIDE/plugins/com.st.stm32cube.ide.mcu.externaltools.gnu-tools-for-stm32.12.3.rel1.win32_1.1.0.202410251130/tools/bin/../lib/gcc/arm-none-eabi/12.3.1/../../../../arm-none-eabi/lib/thumb/v7e-m+fp/hard/crt0.o (exit)
C:/Program Files (x86)/STM32CubeIDE_1.17.0/STM32CubeIDE/plugins/com.st.stm32cube.ide.mcu.externaltools.gnu-tools-for-stm32.12.3.rel1.win32_1.1.0.202410251130/tools/bin/../lib/gcc/arm-none-eabi/12.3.1/../../../../arm-none-eabi/lib/thumb/v7e-m+fp/hard\libc_nano.a(libc_a-findfp.o)
                              C:/Program Files (x86)/STM32CubeIDE_1.17.0/STM32CubeIDE/plugins/com.st.stm32cube.ide.mcu.externaltools.gnu-tools-for-stm32.12.3.rel1.win32_1.1.0.202410251130/tools/bin/../lib/gcc/arm-none-eabi/12.3.1/../../../../arm-none-eabi/lib/thumb/v7e-m+fp/hard\libc_nano.a(libc_a-exit.o) (__stdio_exit_handler)
C:/Program Files (x86)/STM32CubeIDE_1.17.0/STM32CubeIDE/plugins/com.st.stm32cube.ide.mcu.externaltools.gnu-tools-for-stm32.12.3.rel1.win32_1.1.0.202410251130/tools/bin/../lib/gcc/arm-none-eabi/12.3.1/../../../../arm-none-eabi/lib/thumb/v7e-m+fp/hard\libc_nano.a(libc_a-fwalk.o)
                              C:/Program Files (x86)/STM32CubeIDE_1.17.0/STM32CubeIDE/plugins/com.st.stm32cube.ide.mcu.externaltools.gnu-tools-for-stm32.12.3.rel1.win32_1.1.0.202410251130/tools/bin/../lib/gcc/arm-none-eabi/12.3.1/../../../../arm-none-eabi/lib/thumb/v7e-m+fp/hard\libc_nano.a(libc_a-findfp.o) (_fwalk_sglue)
C:/Program Files (x86)/STM32CubeIDE_1.17.0/STM32CubeIDE/plugins/com.st.stm32cube.ide.mcu.externaltools.gnu-tools-for-stm32.12.3.rel1.win32_1.1.0.202410251130/tools/bin/../lib/gcc/arm-none-eabi/12.3.1/../../../../arm-none-eabi/lib/thumb/v7e-m+fp/hard\libc_nano.a(libc_a-printf.o)
                              ./Core/Src/main.o (printf)
C:/Program Files (x86)/STM32CubeIDE_1.17.0/STM32CubeIDE/plugins/com.st.stm32cube.ide.mcu.externaltools.gnu-tools-for-stm32.12.3.rel1.win32_1.1.0.202410251130/tools/bin/../lib/gcc/arm-none-eabi/12.3.1/../../../../arm-none-eabi/lib/thumb/v7e-m+fp/hard\libc_nano.a(libc_a-putchar.o)
                              ./Core/Src/main.o (putchar)
C:/Program Files (x86)/STM32CubeIDE_1.17.0/STM32CubeIDE/plugins/com.st.stm32cube.ide.mcu.externaltools.gnu-tools-for-stm32.12.3.rel1.win32_1.1.0.202410251130/tools/bin/../lib/gcc/arm-none-eabi/12.3.1/../../../../arm-none-eabi/lib/thumb/v7e-m+fp/hard\libc_nano.a(libc_a-puts.o)
                              ./Core/Src/main.o (puts)
C:/Program Files (x86)/STM32CubeIDE_1.17.0/STM32CubeIDE/plugins/com.st.stm32cube.ide.mcu.externaltools.gnu-tools-for-stm32.12.3.rel1.win32_1.1.0.202410251130/tools/bin/../lib/gcc/arm-none-eabi/12.3.1/../../../../arm-none-eabi/lib/thumb/v7e-m+fp/hard\libc_nano.a(libc_a-stdio.o)
                              C:/Program Files (x86)/STM32CubeIDE_1.17.0/STM32CubeIDE/plugins/com.st.stm32cube.ide.mcu.externaltools.gnu-tools-for-stm32.12.3.rel1.win32_1.1.0.202410251130/tools/bin/../lib/gcc/arm-none-eabi/12.3.1/../../../../arm-none-eabi/lib/thumb/v7e-m+fp/hard\libc_nano.a(libc_a-findfp.o) (__sread)
C:/Program Files (x86)/STM32CubeIDE_1.17.0/STM32CubeIDE/plugins/com.st.stm32cube.ide.mcu.externaltools.gnu-tools-for-stm32.12.3.rel1.win32_1.1.0.202410251130/tools/bin/../lib/gcc/arm-none-eabi/12.3.1/../../../../arm-none-eabi/lib/thumb/v7e-m+fp/hard\libc_nano.a(libc_a-wbuf.o)
                              C:/Program Files (x86)/STM32CubeIDE_1.17.0/STM32CubeIDE/plugins/com.st.stm32cube.ide.mcu.externaltools.gnu-tools-for-stm32.12.3.rel1.win32_1.1.0.202410251130/tools/bin/../lib/gcc/arm-none-eabi/12.3.1/../../../../arm-none-eabi/lib/thumb/v7e-m+fp/hard\libc_nano.a(libc_a-puts.o) (__swbuf_r)
C:/Program Files (x86)/STM32CubeIDE_1.17.0/STM32CubeIDE/plugins/com.st.stm32cube.ide.mcu.externaltools.gnu-tools-for-stm32.12.3.rel1.win32_1.1.0.202410251130/tools/bin/../lib/gcc/arm-none-eabi/12.3.1/../../../../arm-none-eabi/lib/thumb/v7e-m+fp/hard\libc_nano.a(libc_a-wsetup.o)
                              C:/Program Files (x86)/STM32CubeIDE_1.17.0/STM32CubeIDE/plugins/com.st.stm32cube.ide.mcu.externaltools.gnu-tools-for-stm32.12.3.rel1.win32_1.1.0.202410251130/tools/bin/../lib/gcc/arm-none-eabi/12.3.1/../../../../arm-none-eabi/lib/thumb/v7e-m+fp/hard\libc_nano.a(libc_a-puts.o) (__swsetup_r)
C:/Program Files (x86)/STM32CubeIDE_1.17.0/STM32CubeIDE/plugins/com.st.stm32cube.ide.mcu.externaltools.gnu-tools-for-stm32.12.3.rel1.win32_1.1.0.202410251130/tools/bin/../lib/gcc/arm-none-eabi/12.3.1/../../../../arm-none-eabi/lib/thumb/v7e-m+fp/hard\libc_nano.a(libc_a-memset.o)
[...]
Memory Configuration

Name             Origin             Length             Attributes
RAM              0x20000000         0x0001c000         xrw
FLASH            0x08000000         0x00080000         xr
*default*        0x00000000         0xffffffff

Linker script and memory map

LOAD C:/Program Files (x86)/STM32CubeIDE_1.17.0/STM32CubeIDE/plugins/com.st.stm32cube.ide.mcu.externaltools.gnu-tools-for-stm32.12.3.rel1.win32_1.1.0.202410251130/tools/bin/../lib/gcc/arm-none-eabi/12.3.1/thumb/v7e-m+fp/hard/crti.o
LOAD C:/Program Files (x86)/STM32CubeIDE_1.17.0/STM32CubeIDE/plugins/com.st.stm32cube.ide.mcu.externaltools.gnu-tools-for-stm32.12.3.rel1.win32_1.1.0.202410251130/tools/bin/../lib/gcc/arm-none-eabi/12.3.1/thumb/v7e-m+fp/hard/crtbegin.o
LOAD C:/Program Files (x86)/STM32CubeIDE_1.17.0/STM32CubeIDE/plugins/com.st.stm32cube.ide.mcu.externaltools.gnu-tools-for-stm32.12.3.rel1.win32_1.1.0.202410251130/tools/bin/../lib/gcc/arm-none-eabi/12.3.1/../../../../arm-none-eabi/lib/thumb/v7e-m+fp/hard/crt0.o
LOAD ./Core/Src/main.o
LOAD ./Core/Src/platform.o
LOAD ./Core/Src/stm32g4xx_hal_msp.o
LOAD ./Core/Src/stm32g4xx_it.o
LOAD ./Core/Src/stm32g4xx_nucleo_bus.o
LOAD ./Core/Src/syscalls.o
LOAD ./Core/Src/sysmem.o
LOAD ./Core/Src/system_stm32g4xx.o
LOAD ./Core/Startup/startup_stm32g491retx.o
LOAD ./Drivers/BSP/53L8A1/53L8a1_ranging_sensor.o
LOAD ./Drivers/BSP/Components/VL53L8CX_ULD_API/src/vl53l8cx_api.o
LOAD ./Drivers/BSP/Components/VL53L8CX_ULD_API/src/vl53l8cx_plugin_detection_thresholds.o
LOAD ./Drivers/BSP/Components/VL53L8CX_ULD_API/src/vl53l8cx_plugin_motion_indicator.o
LOAD ./Drivers/BSP/Components/VL53L8CX_ULD_API/src/vl53l8cx_plugin_xtalk.o
LOAD ./Drivers/BSP/Components/VL53L8CX_ULD_API/vl53l8cx.o
LOAD ./Drivers/BSP/STM32G4xx_Nucleo/stm32g4xx_nucleo.o
LOAD ./Drivers/STM32G4xx_HAL_Driver/Src/stm32g4xx_hal.o
LOAD ./Drivers/STM32G4xx_HAL_Driver/Src/stm32g4xx_hal_cortex.o
LOAD ./Drivers/STM32G4xx_HAL_Driver/Src/stm32g4xx_hal_dma.o
LOAD ./Drivers/STM32G4xx_HAL_Driver/Src/stm32g4xx_hal_dma_ex.o
LOAD ./Drivers/STM32G4xx_HAL_Driver/Src/stm32g4xx_hal_exti.o
LOAD ./Drivers/STM32G4xx_HAL_Driver/Src/stm32g4xx_hal_flash.o
LOAD ./Drivers/STM32G4xx_HAL_Driver/Src/stm32g4xx_hal_flash_ex.o
LOAD ./Drivers/STM32G4xx_HAL_Driver/Src/stm32g4xx_hal_flash_ramfunc.o
LOAD ./Drivers/STM32G4xx_HAL_Driver/Src/stm32g4xx_hal_gpio.o
LOAD ./Drivers/STM32G4xx_HAL_Driver/Src/stm32g4xx_hal_pwr.o
LOAD ./Drivers/STM32G4xx_HAL_Driver/Src/stm32g4xx_hal_pwr_ex.o
LOAD ./Drivers/STM32G4xx_HAL_Driver/Src/stm32g4xx_hal_rcc.o
LOAD ./Drivers/STM32G4xx_HAL_Driver/Src/stm32g4xx_hal_rcc_ex.o
LOAD ./Drivers/STM32G4xx_HAL_Driver/Src/stm32g4xx_hal_spi.o
LOAD ./Drivers/STM32G4xx_HAL_Driver/Src/stm32g4xx_hal_spi_ex.o
LOAD ./Drivers/STM32G4xx_HAL_Driver/Src/stm32g4xx_hal_uart.o
LOAD ./Drivers/STM32G4xx_HAL_Driver/Src/stm32g4xx_hal_uart_ex.o
LOAD ./Drivers/STM32G4xx_HAL_Driver/Src/stm32g4xx_hal_usart.o
LOAD ./Drivers/STM32G4xx_HAL_Driver/Src/stm32g4xx_hal_usart_ex.o
LOAD ./TOF/App/app_tof.o
START GROUP
LOAD C:/Program Files (x86)/STM32CubeIDE_1.17.0/STM32CubeIDE/plugins/com.st.stm32cube.ide.mcu.externaltools.gnu-tools-for-stm32.12.3.rel1.win32_1.1.0.202410251130/tools/bin/../lib/gcc/arm-none-eabi/12.3.1/../../../../arm-none-eabi/lib/thumb/v7e-m+fp/hard\libc_nano.a
LOAD C:/Program Files (x86)/STM32CubeIDE_1.17.0/STM32CubeIDE/plugins/com.st.stm32cube.ide.mcu.externaltools.gnu-tools-for-stm32.12.3.rel1.win32_1.1.0.202410251130/tools/bin/../lib/gcc/arm-none-eabi/12.3.1/../../../../arm-none-eabi/lib/thumb/v7e-m+fp/hard\libm.a
END GROUP
START GROUP
LOAD C:/Program Files (x86)/STM32CubeIDE_1.17.0/STM32CubeIDE/plugins/com.st.stm32cube.ide.mcu.externaltools.gnu-tools-for-stm32.12.3.rel1.win32_1.1.0.202410251130/tools/bin/../lib/gcc/arm-none-eabi/12.3.1/thumb/v7e-m+fp/hard\libgcc.a
LOAD C:/Program Files (x86)/STM32CubeIDE_1.17.0/STM32CubeIDE/plugins/com.st.stm32cube.ide.mcu.externaltools.gnu-tools-for-stm32.12.3.rel1.win32_1.1.0.202410251130/tools/bin/../lib/gcc/arm-none-eabi/12.3.1/../../../../arm-none-eabi/lib/thumb/v7e-m+fp/hard\libc_nano.a
END GROUP
START GROUP
LOAD C:/Program Files (x86)/STM32CubeIDE_1.17.0/STM32CubeIDE/plugins/com.st.stm32cube.ide.mcu.externaltools.gnu-tools-for-stm32.12.3.rel1.win32_1.1.0.202410251130/tools/bin/../lib/gcc/arm-none-eabi/12.3.1/thumb/v7e-m+fp/hard\libgcc.a
LOAD C:/Program Files (x86)/STM32CubeIDE_1.17.0/STM32CubeIDE/plugins/com.st.stm32cube.ide.mcu.externaltools.gnu-tools-for-stm32.12.3.rel1.win32_1.1.0.202410251130/tools/bin/../lib/gcc/arm-none-eabi/12.3.1/../../../../arm-none-eabi/lib/thumb/v7e-m+fp/hard\libc_nano.a
LOAD C:/Program Files (x86)/STM32CubeIDE_1.17.0/STM32CubeIDE/plugins/com.st.stm32cube.ide.mcu.externaltools.gnu-tools-for-stm32.12.3.rel1.win32_1.1.0.202410251130/tools/bin/../lib/gcc/arm-none-eabi/12.3.1/../../../../arm-none-eabi/lib/thumb/v7e-m+fp/hard\libnosys.a
END GROUP
START GROUP
LOAD C:/Program Files (x86)/STM32CubeIDE_1.17.0/STM32CubeIDE/plugins/com.st.stm32cube.ide.mcu.externaltools.gnu-tools-for-stm32.12.3.rel1.win32_1.1.0.202410251130/tools/bin/../lib/gcc/arm-none-eabi/12.3.1/thumb/v7e-m+fp/hard\libgcc.a
LOAD C:/Program Files (x86)/STM32CubeIDE_1.17.0/STM32CubeIDE/plugins/com.st.stm32cube.ide.mcu.externaltools.gnu-tools-for-stm32.12.3.rel1.win32_1.1.0.202410251130/tools/bin/../lib/gcc/arm-none-eabi/12.3.1/../../../../arm-none-eabi/lib/thumb/v7e-m+fp/hard\libc_nano.a
LOAD C:/Program Files (x86)/STM32CubeIDE_1.17.0/STM32CubeIDE/plugins/com.st.stm32cube.ide.mcu.externaltools.gnu-tools-for-stm32.12.3.rel1.win32_1.1.0.202410251130/tools/bin/../lib/gcc/arm-none-eabi/12.3.1/../../../../arm-none-eabi/lib/thumb/v7e-m+fp/hard\libnosys.a
END GROUP
LOAD C:/Program Files (x86)/STM32CubeIDE_1.17.0/STM32CubeIDE/plugins/com.st.stm32cube.ide.mcu.externaltools.gnu-tools-for-stm32.12.3.rel1.win32_1.1.0.202410251130/tools/bin/../lib/gcc/arm-none-eabi/12.3.1/thumb/v7e-m+fp/hard/crtend.o
LOAD C:/Program Files (x86)/STM32CubeIDE_1.17.0/STM32CubeIDE/plugins/com.st.stm32cube.ide.mcu.externaltools.gnu-tools-for-stm32.12.3.rel1.win32_1.1.0.202410251130/tools/bin/../lib/gcc/arm-none-eabi/12.3.1/thumb/v7e-m+fp/hard/crtn.o
                0x2001c000                        _estack = (ORIGIN (RAM) + LENGTH (RAM))
                0x00000200                        _Min_Heap_Size = 0x200
                0x00000400                        _Min_Stack_Size = 0x400

.isr_vector     0x08000000      0x1d8
                0x08000000                        . = ALIGN (0x4)
 *(.isr_vector)
 .isr_vector    0x08000000      0x1d8 ./Core/Startup/startup_stm32g491retx.o
                0x08000000                g_pfnVectors
                0x080001d8                        . = ALIGN (0x4)

.text           0x080001e0     0x8d60
                0x080001e0                        . = ALIGN (0x4)
 *(.text)
 .text          0x080001e0       0x40 C:/Program Files (x86)/STM32CubeIDE_1.17.0/STM32CubeIDE/plugins/com.st.stm32cube.ide.mcu.externaltools.gnu-tools-for-stm32.12.3.rel1.win32_1.1.0.202410251130/tools/bin/../lib/gcc/arm-none-eabi/12.3.1/thumb/v7e-m+fp/hard/crtbegin.o
 .text          0x08000220       0xa0 C:/Program Files (x86)/STM32CubeIDE_1.17.0/STM32CubeIDE/plugins/com.st.stm32cube.ide.mcu.externaltools.gnu-tools-for-stm32.12.3.rel1.win32_1.1.0.202410251130/tools/bin/../lib/gcc/arm-none-eabi/12.3.1/../../../../arm-none-eabi/lib/thumb/v7e-m+fp/hard\libc_nano.a(libc_a-memchr.o)
                0x08000220                memchr
 .text          0x080002c0       0x30 C:/Program Files (x86)/STM32CubeIDE_1.17.0/STM32CubeIDE/plugins/com.st.stm32cube.ide.mcu.externaltools.gnu-tools-for-stm32.12.3.rel1.win32_1.1.0.202410251130/tools/bin/../lib/gcc/arm-none-eabi/12.3.1/thumb/v7e-m+fp/hard\libgcc.a(_aeabi_uldivmod.o)
                0x080002c0                __aeabi_uldivmod
 .text          0x080002f0      0x2bc C:/Program Files (x86)/STM32CubeIDE_1.17.0/STM32CubeIDE/plugins/com.st.stm32cube.ide.mcu.externaltools.gnu-tools-for-stm32.12.3.rel1.win32_1.1.0.202410251130/tools/bin/../lib/gcc/arm-none-eabi/12.3.1/thumb/v7e-m+fp/hard\libgcc.a(_udivmoddi4.o)
                0x080002f0                __udivmoddi4
 .text          0x080005ac        0x4 C:/Program Files (x86)/STM32CubeIDE_1.17.0/STM32CubeIDE/plugins/com.st.stm32cube.ide.mcu.externaltools.gnu-tools-for-stm32.12.3.rel1.win32_1.1.0.202410251130/tools/bin/../lib/gcc/arm-none-eabi/12.3.1/thumb/v7e-m+fp/hard\libgcc.a(_dvmd_tls.o)
                0x080005ac                __aeabi_idiv0
                0x080005ac                __aeabi_ldiv0
 *(.text*)
 .text.main     0x080005b0       0x64 ./Core/Src/main.o
                0x080005b0                main
 .text.SystemClock_Config
                0x08000614       0x96 ./Core/Src/main.o
                0x08000614                SystemClock_Config
 *fill*         0x080006aa        0x2 
 .text.MX_SPI2_Init
                0x080006ac       0x7c ./Core/Src/main.o
 .text.MX_GPIO_Init
                0x08000728      0x130 ./Core/Src/main.o
 .text.Error_Handler
                0x08000858        0xc ./Core/Src/main.o
                0x08000858                Error_Handler
 .text.VL53L8CX_RdByte
                0x08000864       0x24 ./Core/Src/platform.o
                0x08000864                VL53L8CX_RdByte
 .text.VL53L8CX_WrByte
                0x08000888       0x26 ./Core/Src/platform.o
                0x08000888                VL53L8CX_WrByte
 *fill*         0x080008ae        0x2 
 .text.VL53L8CX_WrMulti
                0x080008b0      0x240 ./Core/Src/platform.o
                0x080008b0                VL53L8CX_WrMulti
 .text.VL53L8CX_RdMulti
                0x08000af0      0x1fc ./Core/Src/platform.o
                0x08000af0                VL53L8CX_RdMulti
 .text.VL53L8CX_SwapBuffer
                0x08000cec       0x6c ./Core/Src/platform.o
                0x08000cec                VL53L8CX_SwapBuffer
 .text.VL53L8CX_WaitMs
                0x08000d58       0x1a ./Core/Src/platform.o
                0x08000d58                VL53L8CX_WaitMs
 *fill*         0x08000d72        0x2 
 .text.HAL_MspInit
                0x08000d74       0x48 ./Core/Src/stm32g4xx_hal_msp.o
                0x08000d74                HAL_MspInit
 .text.HAL_SPI_MspInit
                0x08000dbc       0xac ./Core/Src/stm32g4xx_hal_msp.o
                0x08000dbc                HAL_SPI_MspInit
 .text.HAL_SPI_MspDeInit
                0x08000e68       0x3c ./Core/Src/stm32g4xx_hal_msp.o
                0x08000e68                HAL_SPI_MspDeInit
 .text.NMI_Handler
                0x08000ea4        0x8 ./Core/Src/stm32g4xx_it.o
                0x08000ea4                NMI_Handler
 .text.HardFault_Handler
                0x08000eac        0x8 ./Core/Src/stm32g4xx_it.o
                0x08000eac                HardFault_Handler
 .text.MemManage_Handler
                0x08000eb4        0x8 ./Core/Src/stm32g4xx_it.o
                0x08000eb4                MemManage_Handler
 .text.BusFault_Handler
                0x08000ebc        0x8 ./Core/Src/stm32g4xx_it.o
                0x08000ebc                BusFault_Handler
 .text.UsageFault_Handler
                0x08000ec4        0x8 ./Core/Src/stm32g4xx_it.o
                0x08000ec4                UsageFault_Handler
 .text.SVC_Handler
                0x08000ecc        0xe ./Core/Src/stm32g4xx_it.o
                0x08000ecc                SVC_Handler
 .text.DebugMon_Handler
                0x08000eda        0xe ./Core/Src/stm32g4xx_it.o
                0x08000eda                DebugMon_Handler
 .text.PendSV_Handler
                0x08000ee8        0xe ./Core/Src/stm32g4xx_it.o
                0x08000ee8                PendSV_Handler
 .text.SysTick_Handler
                0x08000ef6        0xc ./Core/Src/stm32g4xx_it.o
                0x08000ef6                SysTick_Handler
 .text.EXTI15_10_IRQHandler
                0x08000f02       0x16 ./Core/Src/stm32g4xx_it.o
                0x08000f02                EXTI15_10_IRQHandler
 .text.BSP_GetTick
                0x08000f18        0xe ./Core/Src/stm32g4xx_nucleo_bus.o
                0x08000f18                BSP_GetTick
 *fill*         0x08000f26        0x2 
 .text.BSP_SPI2_Init
                0x08000f28       0x8c ./Core/Src/stm32g4xx_nucleo_bus.o
                0x08000f28                BSP_SPI2_Init
 .text.BSP_SPI2_DeInit
                0x08000fb4       0x68 ./Core/Src/stm32g4xx_nucleo_bus.o
                0x08000fb4                BSP_SPI2_DeInit
 .text._read    0x0800101c       0x3a ./Core/Src/syscalls.o
                0x0800101c                _read
 .text._write   0x08001056       0x38 ./Core/Src/syscalls.o
                0x08001056                _write
 .text._close   0x0800108e       0x18 ./Core/Src/syscalls.o
                0x0800108e                _close
 .text._fstat   0x080010a6       0x20 ./Core/Src/syscalls.o
                0x080010a6                _fstat
 .text._isatty  0x080010c6       0x16 ./Core/Src/syscalls.o
                0x080010c6                _isatty
 .text._lseek   0x080010dc       0x1a ./Core/Src/syscalls.o
                0x080010dc                _lseek
 *fill*         0x080010f6        0x2 
 .text._sbrk    0x080010f8       0x6c ./Core/Src/sysmem.o
                0x080010f8                _sbrk
 .text.SystemInit
                0x08001164       0x24 ./Core/Src/system_stm32g4xx.o
                0x08001164                SystemInit
 .text.Reset_Handler
                0x08001188       0x50 ./Core/Startup/startup_stm32g491retx.o
                0x08001188                Reset_Handler
 .text.Default_Handler
                0x080011d8        0x2 ./Core/Startup/startup_stm32g491retx.o
                0x080011d8                RTC_Alarm_IRQHandler
                0x080011d8                EXTI2_IRQHandler
                0x080011d8                TIM8_TRG_COM_IRQHandler
                0x080011d8                TIM8_CC_IRQHandler
                0x080011d8                TIM1_CC_IRQHandler
                0x080011d8                USB_HP_IRQHandler
                0x080011d8                CORDIC_IRQHandler
                0x080011d8                DMA2_Channel8_IRQHandler
                0x080011d8                EXTI3_IRQHandler
                0x080011d8                I2C3_ER_IRQHandler
                0x080011d8                EXTI0_IRQHandler
                0x080011d8                I2C2_EV_IRQHandler
                0x080011d8                FPU_IRQHandler
                0x080011d8                FDCAN1_IT1_IRQHandler
                0x080011d8                TIM1_UP_TIM16_IRQHandler
                0x080011d8                ADC1_2_IRQHandler
                0x080011d8                SPI1_IRQHandler
                0x080011d8                TIM6_DAC_IRQHandler
                0x080011d8                TIM8_UP_IRQHandler
                0x080011d8                DMA2_Channel2_IRQHandler
                0x080011d8                DMA1_Channel4_IRQHandler
                0x080011d8                TIM20_TRG_COM_IRQHandler
                0x080011d8                USART3_IRQHandler
                0x080011d8                DMA1_Channel7_IRQHandler
                0x080011d8                UART5_IRQHandler
                0x080011d8                ADC3_IRQHandler
                0x080011d8                TIM4_IRQHandler
                0x080011d8                DMA2_Channel1_IRQHandler
                0x080011d8                QUADSPI_IRQHandler
                0x080011d8                I2C1_EV_IRQHandler
                0x080011d8                DMA1_Channel6_IRQHandler
                0x080011d8                UART4_IRQHandler
                0x080011d8                DMA2_Channel4_IRQHandler
                0x080011d8                TIM3_IRQHandler
                0x080011d8                RCC_IRQHandler
                0x080011d8                TIM20_UP_IRQHandler
                0x080011d8                DMA1_Channel1_IRQHandler
                0x080011d8                Default_Handler
                0x080011d8                DMA2_Channel7_IRQHandler
                0x080011d8                RTC_TAMP_LSECSS_IRQHandler
                0x080011d8                FMAC_IRQHandler
                0x080011d8                DMA1_Channel8_IRQHandler
                0x080011d8                TIM7_IRQHandler
                0x080011d8                UCPD1_IRQHandler
                0x080011d8                I2C3_EV_IRQHandler
                0x080011d8                EXTI9_5_IRQHandler
                0x080011d8                RTC_WKUP_IRQHandler
                0x080011d8                PVD_PVM_IRQHandler
                0x080011d8                SPI2_IRQHandler
                0x080011d8                DMA2_Channel5_IRQHandler
                0x080011d8                CRS_IRQHandler
                0x080011d8                DMA1_Channel5_IRQHandler
                0x080011d8                USB_LP_IRQHandler
                0x080011d8                EXTI4_IRQHandler
                0x080011d8                RNG_IRQHandler
                0x080011d8                TIM1_TRG_COM_TIM17_IRQHandler
                0x080011d8                FDCAN2_IT1_IRQHandler
                0x080011d8                DMA1_Channel3_IRQHandler
                0x080011d8                WWDG_IRQHandler
                0x080011d8                FDCAN2_IT0_IRQHandler
                0x080011d8                LPUART1_IRQHandler
                0x080011d8                DMA2_Channel6_IRQHandler
                0x080011d8                FDCAN1_IT0_IRQHandler
                0x080011d8                TIM2_IRQHandler
                0x080011d8                COMP1_2_3_IRQHandler
                0x080011d8                EXTI1_IRQHandler
                0x080011d8                USART2_IRQHandler
                0x080011d8                TIM20_BRK_IRQHandler
                0x080011d8                I2C2_ER_IRQHandler
                0x080011d8                DMA1_Channel2_IRQHandler
                0x080011d8                TIM8_BRK_IRQHandler
                0x080011d8                FLASH_IRQHandler
                0x080011d8                TIM20_CC_IRQHandler
                0x080011d8                USART1_IRQHandler
                0x080011d8                SPI3_IRQHandler
                0x080011d8                I2C1_ER_IRQHandler
                0x080011d8                LPTIM1_IRQHandler
                0x080011d8                DMAMUX_OVR_IRQHandler
                0x080011d8                USBWakeUp_IRQHandler
                0x080011d8                SAI1_IRQHandler
                0x080011d8                DMA2_Channel3_IRQHandler
                0x080011d8                COMP4_IRQHandler
                0x080011d8                TIM1_BRK_TIM15_IRQHandler
 *fill*         0x080011da        0x2 
 .text.VL53L8A1_RANGING_SENSOR_GetCapabilities
                0x080011dc       0x64 ./Drivers/BSP/53L8A1/53L8a1_ranging_sensor.o
                0x080011dc                VL53L8A1_RANGING_SENSOR_GetCapabilities
 .text.VL53L8A1_RANGING_SENSOR_Start
                0x08001240       0x64 ./Drivers/BSP/53L8A1/53L8a1_ranging_sensor.o
                0x08001240                VL53L8A1_RANGING_SENSOR_Start
 .text.VL53L8A1_RANGING_SENSOR_ConfigProfile
                0x080012a4       0x70 ./Drivers/BSP/53L8A1/53L8a1_ranging_sensor.o
                0x080012a4                VL53L8A1_RANGING_SENSOR_ConfigProfile
 .text.VL53L8A1_RANGING_SENSOR_ReadID
                0x08001314       0x80 ./Drivers/BSP/53L8A1/53L8a1_ranging_sensor.o
                0x08001314                VL53L8A1_RANGING_SENSOR_ReadID
 .text.VL53L8A1_RANGING_SENSOR_Init
                0x08001394       0x48 ./Drivers/BSP/53L8A1/53L8a1_ranging_sensor.o
                0x08001394                VL53L8A1_RANGING_SENSOR_Init
 .text.VL53L8CX_Probe
                0x080013dc      0x1ac ./Drivers/BSP/53L8A1/53L8a1_ranging_sensor.o
 .text.VL53L8A1_RANGING_SENSOR_GetDistance
                0x08001588       0x7c ./Drivers/BSP/53L8A1/53L8a1_ranging_sensor.o
                0x08001588                VL53L8A1_RANGING_SENSOR_GetDistance
 .text.VL53L8A1_RANGING_SENSOR_Stop
                0x08001604       0x4c ./Drivers/BSP/53L8A1/53L8a1_ranging_sensor.o
                0x08001604                VL53L8A1_RANGING_SENSOR_Stop
 .text._vl53l8cx_poll_for_answer
                0x08001650       0xa0 ./Drivers/BSP/Components/VL53L8CX_ULD_API/src/vl53l8cx_api.o
 .text._vl53l8cx_poll_for_mcu_boot
                0x080016f0       0x86 ./Drivers/BSP/Components/VL53L8CX_ULD_API/src/vl53l8cx_api.o
 *fill*         0x08001776        0x2 
 .text._vl53l8cx_send_offset_data
                0x08001778      0x398 ./Drivers/BSP/Components/VL53L8CX_ULD_API/src/vl53l8cx_api.o
 .text._vl53l8cx_send_xtalk_data
                0x08001b10      0x298 ./Drivers/BSP/Components/VL53L8CX_ULD_API/src/vl53l8cx_api.o
 .text.vl53l8cx_init
                0x08001da8      0x868 ./Drivers/BSP/Components/VL53L8CX_ULD_API/src/vl53l8cx_api.o
                0x08001da8                vl53l8cx_init
 .text.vl53l8cx_get_power_mode
                0x08002610       0xac ./Drivers/BSP/Components/VL53L8CX_ULD_API/src/vl53l8cx_api.o
                0x08002610                vl53l8cx_get_power_mode
 .text.vl53l8cx_set_power_mode
                0x080026bc      0x1ba ./Drivers/BSP/Components/VL53L8CX_ULD_API/src/vl53l8cx_api.o
                0x080026bc                vl53l8cx_set_power_mode
 *fill*         0x08002876        0x2 
 .text.vl53l8cx_start_ranging
                0x08002878      0x32c ./Drivers/BSP/Components/VL53L8CX_ULD_API/src/vl53l8cx_api.o
                0x08002878                vl53l8cx_start_ranging
 .text.vl53l8cx_stop_ranging
                0x08002ba4      0x1a0 ./Drivers/BSP/Components/VL53L8CX_ULD_API/src/vl53l8cx_api.o
                0x08002ba4                vl53l8cx_stop_ranging
 .text.vl53l8cx_check_data_ready
                0x08002d44       0xa0 ./Drivers/BSP/Components/VL53L8CX_ULD_API/src/vl53l8cx_api.o
                0x08002d44                vl53l8cx_check_data_ready
 .text.vl53l8cx_get_ranging_data
                0x08002de4      0x424 ./Drivers/BSP/Components/VL53L8CX_ULD_API/src/vl53l8cx_api.o
                0x08002de4                vl53l8cx_get_ranging_data
 .text.vl53l8cx_get_resolution
                0x08003208       0x4a ./Drivers/BSP/Components/VL53L8CX_ULD_API/src/vl53l8cx_api.o
                0x08003208                vl53l8cx_get_resolution
 .text.vl53l8cx_set_resolution
                0x08003252      0x1a8 ./Drivers/BSP/Components/VL53L8CX_ULD_API/src/vl53l8cx_api.o
                0x08003252                vl53l8cx_set_resolution
 .text.vl53l8cx_set_ranging_frequency_hz
                0x080033fa       0x42 ./Drivers/BSP/Components/VL53L8CX_ULD_API/src/vl53l8cx_api.o
                0x080033fa                vl53l8cx_set_ranging_frequency_hz
 .text.vl53l8cx_set_integration_time_ms
                0x0800343c       0x6a ./Drivers/BSP/Components/VL53L8CX_ULD_API/src/vl53l8cx_api.o
                0x0800343c                vl53l8cx_set_integration_time_ms
 .text.vl53l8cx_set_ranging_mode
                0x080034a6       0xae ./Drivers/BSP/Components/VL53L8CX_ULD_API/src/vl53l8cx_api.o
                0x080034a6                vl53l8cx_set_ranging_mode
 .text.vl53l8cx_dci_read_data
                0x08003554      0x114 ./Drivers/BSP/Components/VL53L8CX_ULD_API/src/vl53l8cx_api.o
                0x08003554                vl53l8cx_dci_read_data
 .text.vl53l8cx_dci_write_data
                0x08003668      0x13e ./Drivers/BSP/Components/VL53L8CX_ULD_API/src/vl53l8cx_api.o
                0x08003668                vl53l8cx_dci_write_data
 .text.vl53l8cx_dci_replace_data
                0x080037a6       0x58 ./Drivers/BSP/Components/VL53L8CX_ULD_API/src/vl53l8cx_api.o
                0x080037a6                vl53l8cx_dci_replace_data
 .text.vl53l8cx_set_detection_thresholds_enable
                0x080037fe       0x8c ./Drivers/BSP/Components/VL53L8CX_ULD_API/src/vl53l8cx_plugin_detection_thresholds.o
                0x080037fe                vl53l8cx_set_detection_thresholds_enable
 *fill*         0x0800388a        0x2 
 .text.vl53l8cx_set_detection_thresholds
                0x0800388c      0x2b0 ./Drivers/BSP/Components/VL53L8CX_ULD_API/src/vl53l8cx_plugin_detection_thresholds.o
                0x0800388c                vl53l8cx_set_detection_thresholds
 .text.VL53L8CX_RegisterBusIO
                0x08003b3c       0x78 ./Drivers/BSP/Components/VL53L8CX_ULD_API/vl53l8cx.o
                0x08003b3c                VL53L8CX_RegisterBusIO
 .text.VL53L8CX_Init
                0x08003bb4       0x7e ./Drivers/BSP/Components/VL53L8CX_ULD_API/vl53l8cx.o
                0x08003bb4                VL53L8CX_Init
 .text.VL53L8CX_DeInit
                0x08003c32       0x52 ./Drivers/BSP/Components/VL53L8CX_ULD_API/vl53l8cx.o
                0x08003c32                VL53L8CX_DeInit
 .text.VL53L8CX_ReadID
                0x08003c84       0xc0 ./Drivers/BSP/Components/VL53L8CX_ULD_API/vl53l8cx.o
                0x08003c84                VL53L8CX_ReadID
 .text.VL53L8CX_GetCapabilities
                0x08003d44       0x48 ./Drivers/BSP/Components/VL53L8CX_ULD_API/vl53l8cx.o
                0x08003d44                VL53L8CX_GetCapabilities
 .text.VL53L8CX_ConfigProfile
                0x08003d8c      0x13c ./Drivers/BSP/Components/VL53L8CX_ULD_API/vl53l8cx.o
                0x08003d8c                VL53L8CX_ConfigProfile
 .text.VL53L8CX_ConfigROI
                0x08003ec8       0x1a ./Drivers/BSP/Components/VL53L8CX_ULD_API/vl53l8cx.o
                0x08003ec8                VL53L8CX_ConfigROI
 *fill*         0x08003ee2        0x2 
 .text.VL53L8CX_ConfigIT
                0x08003ee4      0x170 ./Drivers/BSP/Components/VL53L8CX_ULD_API/vl53l8cx.o
                0x08003ee4                VL53L8CX_ConfigIT
 .text.VL53L8CX_GetDistance
                0x08004054       0xe0 ./Drivers/BSP/Components/VL53L8CX_ULD_API/vl53l8cx.o
                0x08004054                VL53L8CX_GetDistance
 .text.VL53L8CX_Start
                0x08004134       0xbc ./Drivers/BSP/Components/VL53L8CX_ULD_API/vl53l8cx.o
                0x08004134                VL53L8CX_Start
 .text.VL53L8CX_Stop
                0x080041f0       0x56 ./Drivers/BSP/Components/VL53L8CX_ULD_API/vl53l8cx.o
                0x080041f0                VL53L8CX_Stop
 .text.VL53L8CX_SetPowerMode
                0x08004246       0x58 ./Drivers/BSP/Components/VL53L8CX_ULD_API/vl53l8cx.o
                0x08004246                VL53L8CX_SetPowerMode
 .text.VL53L8CX_GetPowerMode
                0x0800429e       0x58 ./Drivers/BSP/Components/VL53L8CX_ULD_API/vl53l8cx.o
                0x0800429e                VL53L8CX_GetPowerMode
 *fill*         0x080042f6        0x2 
 .text.vl53l8cx_poll_for_measurement
                0x080042f8       0x94 ./Drivers/BSP/Components/VL53L8CX_ULD_API/vl53l8cx.o
 .text.vl53l8cx_get_result
                0x0800438c      0x1e0 ./Drivers/BSP/Components/VL53L8CX_ULD_API/vl53l8cx.o
 .text.vl53l8cx_map_target_status
                0x0800456c       0x3a ./Drivers/BSP/Components/VL53L8CX_ULD_API/vl53l8cx.o
 *fill*         0x080045a6        0x2 
 .text.BSP_LED_Init
                0x080045a8       0x6c ./Drivers/BSP/STM32G4xx_Nucleo/stm32g4xx_nucleo.o
                0x080045a8                BSP_LED_Init
 .text.BSP_PB_Init
                0x08004614       0xdc ./Drivers/BSP/STM32G4xx_Nucleo/stm32g4xx_nucleo.o
                0x08004614                BSP_PB_Init
 .text.BSP_PB_IRQHandler
                0x080046f0       0x24 ./Drivers/BSP/STM32G4xx_Nucleo/stm32g4xx_nucleo.o
                0x080046f0                BSP_PB_IRQHandler
 .text.BSP_COM_Init
                0x08004714       0x60 ./Drivers/BSP/STM32G4xx_Nucleo/stm32g4xx_nucleo.o
                0x08004714                BSP_COM_Init
 .text.MX_LPUART1_Init
                0x08004774       0x64 ./Drivers/BSP/STM32G4xx_Nucleo/stm32g4xx_nucleo.o
                0x08004774                MX_LPUART1_Init
 .text.__io_putchar
                0x080047d8       0x38 ./Drivers/BSP/STM32G4xx_Nucleo/stm32g4xx_nucleo.o
                0x080047d8                __io_putchar
 .text.BUTTON_USER_EXTI_Callback
                0x08004810        0xe ./Drivers/BSP/STM32G4xx_Nucleo/stm32g4xx_nucleo.o
 *fill*         0x0800481e        0x2 
 .text.COM1_MspInit
                0x08004820       0x98 ./Drivers/BSP/STM32G4xx_Nucleo/stm32g4xx_nucleo.o
 .text.HAL_Init
                0x080048b8       0x30 ./Drivers/STM32G4xx_HAL_Driver/Src/stm32g4xx_hal.o
                0x080048b8                HAL_Init
 .text.HAL_InitTick
                0x080048e8       0x74 ./Drivers/STM32G4xx_HAL_Driver/Src/stm32g4xx_hal.o
                0x080048e8                HAL_InitTick
 .text.HAL_IncTick
                0x0800495c       0x24 ./Drivers/STM32G4xx_HAL_Driver/Src/stm32g4xx_hal.o
                0x0800495c                HAL_IncTick
 .text.HAL_GetTick
                0x08004980       0x18 ./Drivers/STM32G4xx_HAL_Driver/Src/stm32g4xx_hal.o
                0x08004980                HAL_GetTick
 .text.HAL_Delay
                0x08004998       0x44 ./Drivers/STM32G4xx_HAL_Driver/Src/stm32g4xx_hal.o
                0x08004998                HAL_Delay
 .text.__NVIC_SetPriorityGrouping
                0x080049dc       0x48 ./Drivers/STM32G4xx_HAL_Driver/Src/stm32g4xx_hal_cortex.o
 .text.__NVIC_GetPriorityGrouping
                0x08004a24       0x1c ./Drivers/STM32G4xx_HAL_Driver/Src/stm32g4xx_hal_cortex.o
 .text.__NVIC_EnableIRQ
                0x08004a40       0x3c ./Drivers/STM32G4xx_HAL_Driver/Src/stm32g4xx_hal_cortex.o
 .text.__NVIC_SetPriority
                0x08004a7c       0x54 ./Drivers/STM32G4xx_HAL_Driver/Src/stm32g4xx_hal_cortex.o
 .text.NVIC_EncodePriority
                0x08004ad0       0x66 ./Drivers/STM32G4xx_HAL_Driver/Src/stm32g4xx_hal_cortex.o
 *fill*         0x08004b36        0x2 
 .text.SysTick_Config
                0x08004b38       0x44 ./Drivers/STM32G4xx_HAL_Driver/Src/stm32g4xx_hal_cortex.o
 .text.HAL_NVIC_SetPriorityGrouping
                0x08004b7c       0x16 ./Drivers/STM32G4xx_HAL_Driver/Src/stm32g4xx_hal_cortex.o
                0x08004b7c                HAL_NVIC_SetPriorityGrouping
 .text.HAL_NVIC_SetPriority
                0x08004b92       0x34 ./Drivers/STM32G4xx_HAL_Driver/Src/stm32g4xx_hal_cortex.o
                0x08004b92                HAL_NVIC_SetPriority
 .text.HAL_NVIC_EnableIRQ
                0x08004bc6       0x1c ./Drivers/STM32G4xx_HAL_Driver/Src/stm32g4xx_hal_cortex.o
                0x08004bc6                HAL_NVIC_EnableIRQ
 .text.HAL_SYSTICK_Config
                0x08004be2       0x18 ./Drivers/STM32G4xx_HAL_Driver/Src/stm32g4xx_hal_cortex.o
                0x08004be2                HAL_SYSTICK_Config
 .text.HAL_EXTI_RegisterCallback
                0x08004bfa       0x3a ./Drivers/STM32G4xx_HAL_Driver/Src/stm32g4xx_hal_exti.o
                0x08004bfa                HAL_EXTI_RegisterCallback
 .text.HAL_EXTI_GetHandle
                0x08004c34       0x28 ./Drivers/STM32G4xx_HAL_Driver/Src/stm32g4xx_hal_exti.o
                0x08004c34                HAL_EXTI_GetHandle
 .text.HAL_EXTI_IRQHandler
                0x08004c5c       0x60 ./Drivers/STM32G4xx_HAL_Driver/Src/stm32g4xx_hal_exti.o
                0x08004c5c                HAL_EXTI_IRQHandler
 .text.HAL_GPIO_Init
                0x08004cbc      0x304 ./Drivers/STM32G4xx_HAL_Driver/Src/stm32g4xx_hal_gpio.o
                0x08004cbc                HAL_GPIO_Init
 .text.HAL_GPIO_DeInit
                0x08004fc0      0x1c4 ./Drivers/STM32G4xx_HAL_Driver/Src/stm32g4xx_hal_gpio.o
                0x08004fc0                HAL_GPIO_DeInit
 .text.HAL_GPIO_WritePin
                0x08005184       0x30 ./Drivers/STM32G4xx_HAL_Driver/Src/stm32g4xx_hal_gpio.o
                0x08005184                HAL_GPIO_WritePin
 .text.HAL_PWREx_ControlVoltageScaling
                0x080051b4      0x148 ./Drivers/STM32G4xx_HAL_Driver/Src/stm32g4xx_hal_pwr_ex.o
                0x080051b4                HAL_PWREx_ControlVoltageScaling
 .text.HAL_PWREx_DisableUCPDDeadBattery
                0x080052fc       0x20 ./Drivers/STM32G4xx_HAL_Driver/Src/stm32g4xx_hal_pwr_ex.o
                0x080052fc                HAL_PWREx_DisableUCPDDeadBattery
 .text.HAL_RCC_OscConfig
                0x0800531c      0x624 ./Drivers/STM32G4xx_HAL_Driver/Src/stm32g4xx_hal_rcc.o
                0x0800531c                HAL_RCC_OscConfig
 .text.HAL_RCC_ClockConfig
                0x08005940      0x278 ./Drivers/STM32G4xx_HAL_Driver/Src/stm32g4xx_hal_rcc.o
                0x08005940                HAL_RCC_ClockConfig
 .text.HAL_RCC_GetSysClockFreq
                0x08005bb8       0xc4 ./Drivers/STM32G4xx_HAL_Driver/Src/stm32g4xx_hal_rcc.o
                0x08005bb8                HAL_RCC_GetSysClockFreq
 .text.HAL_RCC_GetHCLKFreq
                0x08005c7c       0x18 ./Drivers/STM32G4xx_HAL_Driver/Src/stm32g4xx_hal_rcc.o
                0x08005c7c                HAL_RCC_GetHCLKFreq
 .text.HAL_RCC_GetPCLK1Freq
                0x08005c94       0x2c ./Drivers/STM32G4xx_HAL_Driver/Src/stm32g4xx_hal_rcc.o
                0x08005c94                HAL_RCC_GetPCLK1Freq
 .text.HAL_RCC_GetPCLK2Freq
                0x08005cc0       0x2c ./Drivers/STM32G4xx_HAL_Driver/Src/stm32g4xx_hal_rcc.o
                0x08005cc0                HAL_RCC_GetPCLK2Freq
 .text.RCC_GetSysClockFreqFromPLLSource
                0x08005cec       0x8c ./Drivers/STM32G4xx_HAL_Driver/Src/stm32g4xx_hal_rcc.o
 .text.HAL_SPI_Init
                0x08005d78      0x156 ./Drivers/STM32G4xx_HAL_Driver/Src/stm32g4xx_hal_spi.o
                0x08005d78                HAL_SPI_Init
 .text.HAL_SPI_DeInit
                0x08005ece       0x50 ./Drivers/STM32G4xx_HAL_Driver/Src/stm32g4xx_hal_spi.o
                0x08005ece                HAL_SPI_DeInit
 .text.HAL_SPI_Transmit
                0x08005f1e      0x2ec ./Drivers/STM32G4xx_HAL_Driver/Src/stm32g4xx_hal_spi.o
                0x08005f1e                HAL_SPI_Transmit
 .text.HAL_SPI_Receive
                0x0800620a      0x270 ./Drivers/STM32G4xx_HAL_Driver/Src/stm32g4xx_hal_spi.o
                0x0800620a                HAL_SPI_Receive
 .text.HAL_SPI_TransmitReceive
                0x0800647a      0x43e ./Drivers/STM32G4xx_HAL_Driver/Src/stm32g4xx_hal_spi.o
                0x0800647a                HAL_SPI_TransmitReceive
 .text.SPI_WaitFlagStateUntilTimeout
                0x080068b8      0x110 ./Drivers/STM32G4xx_HAL_Driver/Src/stm32g4xx_hal_spi.o
 .text.SPI_WaitFifoStateUntilTimeout
                0x080069c8      0x12c ./Drivers/STM32G4xx_HAL_Driver/Src/stm32g4xx_hal_spi.o
 .text.SPI_EndRxTransaction
                0x08006af4       0xb0 ./Drivers/STM32G4xx_HAL_Driver/Src/stm32g4xx_hal_spi.o
 .text.SPI_EndRxTxTransaction
                0x08006ba4       0x8c ./Drivers/STM32G4xx_HAL_Driver/Src/stm32g4xx_hal_spi.o
 .text.HAL_UART_Init
                0x08006c30       0xa0 ./Drivers/STM32G4xx_HAL_Driver/Src/stm32g4xx_hal_uart.o
                0x08006c30                HAL_UART_Init
 .text.HAL_UART_MspInit
                0x08006cd0       0x14 ./Drivers/STM32G4xx_HAL_Driver/Src/stm32g4xx_hal_uart.o
                0x08006cd0                HAL_UART_MspInit
 .text.HAL_UART_Transmit
                0x08006ce4      0x11c ./Drivers/STM32G4xx_HAL_Driver/Src/stm32g4xx_hal_uart.o
                0x08006ce4                HAL_UART_Transmit
 .text.HAL_UART_Receive
                0x08006e00      0x190 ./Drivers/STM32G4xx_HAL_Driver/Src/stm32g4xx_hal_uart.o
                0x08006e00                HAL_UART_Receive
 .text.UART_SetConfig
                0x08006f90      0x5f8 ./Drivers/STM32G4xx_HAL_Driver/Src/stm32g4xx_hal_uart.o
                0x08006f90                UART_SetConfig
 .text.UART_AdvFeatureConfig
                0x08007588      0x144 ./Drivers/STM32G4xx_HAL_Driver/Src/stm32g4xx_hal_uart.o
                0x08007588                UART_AdvFeatureConfig
 .text.UART_CheckIdleState
                0x080076cc      0x154 ./Drivers/STM32G4xx_HAL_Driver/Src/stm32g4xx_hal_uart.o
                0x080076cc                UART_CheckIdleState
 .text.UART_WaitOnFlagUntilTimeout
                0x08007820       0xda ./Drivers/STM32G4xx_HAL_Driver/Src/stm32g4xx_hal_uart.o
                0x08007820                UART_WaitOnFlagUntilTimeout
 .text.UART_EndRxTransfer
                0x080078fa       0xcc ./Drivers/STM32G4xx_HAL_Driver/Src/stm32g4xx_hal_uart.o
 .text.MX_TOF_Init
                0x080079c6        0xc ./TOF/App/app_tof.o
                0x080079c6                MX_TOF_Init
 .text.MX_TOF_Process
                0x080079d2        0xc ./TOF/App/app_tof.o
                0x080079d2                MX_TOF_Process
 *fill*         0x080079de        0x2 
 .text.MX_53L8A1_SimpleRanging_Init
                0x080079e0       0xc0 ./TOF/App/app_tof.o
 .text.MX_53L8A1_SimpleRanging_Process
                0x08007aa0      0x160 ./TOF/App/app_tof.o
 .text.save_useful_data
                0x08007c00      0x14c ./TOF/App/app_tof.o
                0x08007c00                save_useful_data
 .text.print_useful_data_txt
                0x08007d4c       0xb4 ./TOF/App/app_tof.o
                0x08007d4c                print_useful_data_txt
 .text.toggle_resolution
                0x08007e00       0x68 ./TOF/App/app_tof.o
 .text.toggle_signal_and_ambient
                0x08007e68       0x4c ./TOF/App/app_tof.o
 .text.clear_screen
                0x08007eb4       0x14 ./TOF/App/app_tof.o
 .text.handle_cmd
                0x08007ec8       0x40 ./TOF/App/app_tof.o
 .text.get_key  0x08007f08       0x28 ./TOF/App/app_tof.o
 .text.com_has_data
                0x08007f30       0x28 ./TOF/App/app_tof.o
 .text.BSP_PB_Callback
                0x08007f58       0x20 ./TOF/App/app_tof.o
                0x08007f58                BSP_PB_Callback
 .text.std      0x08007f78       0x6c C:/Program Files (x86)/STM32CubeIDE_1.17.0/STM32CubeIDE/plugins/com.st.stm32cube.ide.mcu.externaltools.gnu-tools-for-stm32.12.3.rel1.win32_1.1.0.202410251130/tools/bin/../lib/gcc/arm-none-eabi/12.3.1/../../../../arm-none-eabi/lib/thumb/v7e-m+fp/hard\libc_nano.a(libc_a-findfp.o)
 .text.stdio_exit_handler
                0x08007fe4       0x18 C:/Program Files (x86)/STM32CubeIDE_1.17.0/STM32CubeIDE/plugins/com.st.stm32cube.ide.mcu.externaltools.gnu-tools-for-stm32.12.3.rel1.win32_1.1.0.202410251130/tools/bin/../lib/gcc/arm-none-eabi/12.3.1/../../../../arm-none-eabi/lib/thumb/v7e-m+fp/hard\libc_nano.a(libc_a-findfp.o)
 .text.cleanup_stdio
                0x08007ffc       0x40 C:/Program Files (x86)/STM32CubeIDE_1.17.0/STM32CubeIDE/plugins/com.st.stm32cube.ide.mcu.externaltools.gnu-tools-for-stm32.12.3.rel1.win32_1.1.0.202410251130/tools/bin/../lib/gcc/arm-none-eabi/12.3.1/../../../../arm-none-eabi/lib/thumb/v7e-m+fp/hard\libc_nano.a(libc_a-findfp.o)
 .text.global_stdio_init.part.0
                0x0800803c       0x3c C:/Program Files (x86)/STM32CubeIDE_1.17.0/STM32CubeIDE/plugins/com.st.stm32cube.ide.mcu.externaltools.gnu-tools-for-stm32.12.3.rel1.win32_1.1.0.202410251130/tools/bin/../lib/gcc/arm-none-eabi/12.3.1/../../../../arm-none-eabi/lib/thumb/v7e-m+fp/hard\libc_nano.a(libc_a-findfp.o)
 .text.__sfp_lock_acquire
                0x08008078        0xc C:/Program Files (x86)/STM32CubeIDE_1.17.0/STM32CubeIDE/plugins/com.st.stm32cube.ide.mcu.externaltools.gnu-tools-for-stm32.12.3.rel1.win32_1.1.0.202410251130/tools/bin/../lib/gcc/arm-none-eabi/12.3.1/../../../../arm-none-eabi/lib/thumb/v7e-m+fp/hard\libc_nano.a(libc_a-findfp.o)
                0x08008078                __sfp_lock_acquire
 .text.__sfp_lock_release
                0x08008084        0xc C:/Program Files (x86)/STM32CubeIDE_1.17.0/STM32CubeIDE/plugins/com.st.stm32cube.ide.mcu.externaltools.gnu-tools-for-stm32.12.3.rel1.win32_1.1.0.202410251130/tools/bin/../lib/gcc/arm-none-eabi/12.3.1/../../../../arm-none-eabi/lib/thumb/v7e-m+fp/hard\libc_nano.a(libc_a-findfp.o)
                0x08008084                __sfp_lock_release
 .text.__sinit  0x08008090       0x30 C:/Program Files (x86)/STM32CubeIDE_1.17.0/STM32CubeIDE/plugins/com.st.stm32cube.ide.mcu.externaltools.gnu-tools-for-stm32.12.3.rel1.win32_1.1.0.202410251130/tools/bin/../lib/gcc/arm-none-eabi/12.3.1/../../../../arm-none-eabi/lib/thumb/v7e-m+fp/hard\libc_nano.a(libc_a-findfp.o)
                0x08008090                __sinit
 .text._fwalk_sglue
                0x080080c0       0x3c C:/Program Files (x86)/STM32CubeIDE_1.17.0/STM32CubeIDE/plugins/com.st.stm32cube.ide.mcu.externaltools.gnu-tools-for-stm32.12.3.rel1.win32_1.1.0.202410251130/tools/bin/../lib/gcc/arm-none-eabi/12.3.1/../../../../arm-none-eabi/lib/thumb/v7e-m+fp/hard\libc_nano.a(libc_a-fwalk.o)
                0x080080c0                _fwalk_sglue
 .text.printf   0x080080fc       0x24 C:/Program Files (x86)/STM32CubeIDE_1.17.0/STM32CubeIDE/plugins/com.st.stm32cube.ide.mcu.externaltools.gnu-tools-for-stm32.12.3.rel1.win32_1.1.0.202410251130/tools/bin/../lib/gcc/arm-none-eabi/12.3.1/../../../../arm-none-eabi/lib/thumb/v7e-m+fp/hard\libc_nano.a(libc_a-printf.o)
                0x080080fc                iprintf
                0x080080fc                printf
 .text.putchar  0x08008120       0x10 C:/Program Files (x86)/STM32CubeIDE_1.17.0/STM32CubeIDE/plugins/com.st.stm32cube.ide.mcu.externaltools.gnu-tools-for-stm32.12.3.rel1.win32_1.1.0.202410251130/tools/bin/../lib/gcc/arm-none-eabi/12.3.1/../../../../arm-none-eabi/lib/thumb/v7e-m+fp/hard\libc_nano.a(libc_a-putchar.o)
                0x08008120                putchar
 .text._puts_r  0x08008130       0xaa C:/Program Files (x86)/STM32CubeIDE_1.17.0/STM32CubeIDE/plugins/com.st.stm32cube.ide.mcu.externaltools.gnu-tools-for-stm32.12.3.rel1.win32_1.1.0.202410251130/tools/bin/../lib/gcc/arm-none-eabi/12.3.1/../../../../arm-none-eabi/lib/thumb/v7e-m+fp/hard\libc_nano.a(libc_a-puts.o)
                0x08008130                _puts_r
 *fill*         0x080081da        0x2 
 .text.puts     0x080081dc       0x10 C:/Program Files (x86)/STM32CubeIDE_1.17.0/STM32CubeIDE/plugins/com.st.stm32cube.ide.mcu.externaltools.gnu-tools-for-stm32.12.3.rel1.win32_1.1.0.202410251130/tools/bin/../lib/gcc/arm-none-eabi/12.3.1/../../../../arm-none-eabi/lib/thumb/v7e-m+fp/hard\libc_nano.a(libc_a-puts.o)
                0x080081dc                puts
 .text.__sread  0x080081ec       0x22 C:/Program Files (x86)/STM32CubeIDE_1.17.0/STM32CubeIDE/plugins/com.st.stm32cube.ide.mcu.externaltools.gnu-tools-for-stm32.12.3.rel1.win32_1.1.0.202410251130/tools/bin/../lib/gcc/arm-none-eabi/12.3.1/../../../../arm-none-eabi/lib/thumb/v7e-m+fp/hard\libc_nano.a(libc_a-stdio.o)
                0x080081ec                __sread
 .text.__swrite
                0x0800820e       0x38 C:/Program Files (x86)/STM32CubeIDE_1.17.0/STM32CubeIDE/plugins/com.st.stm32cube.ide.mcu.externaltools.gnu-tools-for-stm32.12.3.rel1.win32_1.1.0.202410251130/tools/bin/../lib/gcc/arm-none-eabi/12.3.1/../../../../arm-none-eabi/lib/thumb/v7e-m+fp/hard\libc_nano.a(libc_a-stdio.o)
                0x0800820e                __swrite
 .text.__sseek  0x08008246       0x24 C:/Program Files (x86)/STM32CubeIDE_1.17.0/STM32CubeIDE/plugins/com.st.stm32cube.ide.mcu.externaltools.gnu-tools-for-stm32.12.3.rel1.win32_1.1.0.202410251130/tools/bin/../lib/gcc/arm-none-eabi/12.3.1/../../../../arm-none-eabi/lib/thumb/v7e-m+fp/hard\libc_nano.a(libc_a-stdio.o)
                0x08008246                __sseek
 .text.__sclose
                0x0800826a        0x8 C:/Program Files (x86)/STM32CubeIDE_1.17.0/STM32CubeIDE/plugins/com.st.stm32cube.ide.mcu.externaltools.gnu-tools-for-stm32.12.3.rel1.win32_1.1.0.202410251130/tools/bin/../lib/gcc/arm-none-eabi/12.3.1/../../../../arm-none-eabi/lib/thumb/v7e-m+fp/hard\libc_nano.a(libc_a-stdio.o)
                0x0800826a                __sclose
 .text.__swbuf_r
                0x08008272       0x7c C:/Program Files (x86)/STM32CubeIDE_1.17.0/STM32CubeIDE/plugins/com.st.stm32cube.ide.mcu.externaltools.gnu-tools-for-stm32.12.3.rel1.win32_1.1.0.202410251130/tools/bin/../lib/gcc/arm-none-eabi/12.3.1/../../../../arm-none-eabi/lib/thumb/v7e-m+fp/hard\libc_nano.a(libc_a-wbuf.o)
                0x08008272                __swbuf_r
 *fill*         0x080082ee        0x2 
 .text.__swsetup_r
                0x080082f0       0xac C:/Program Files (x86)/STM32CubeIDE_1.17.0/STM32CubeIDE/plugins/com.st.stm32cube.ide.mcu.externaltools.gnu-tools-for-stm32.12.3.rel1.win32_1.1.0.202410251130/tools/bin/../lib/gcc/arm-none-eabi/12.3.1/../../../../arm-none-eabi/lib/thumb/v7e-m+fp/hard\libc_nano.a(libc_a-wsetup.o)
                0x080082f0                __swsetup_r
 .text.memset   0x0800839c       0x10 C:/Program Files (x86)/STM32CubeIDE_1.17.0/STM32CubeIDE/plugins/com.st.stm32cube.ide.mcu.externaltools.gnu-tools-for-stm32.12.3.rel1.win32_1.1.0.202410251130/tools/bin/../lib/gcc/arm-none-eabi/12.3.1/../../../../arm-none-eabi/lib/thumb/v7e-m+fp/hard\libc_nano.a(libc_a-memset.o)
                0x0800839c                memset
 .text._close_r
                0x080083ac       0x20 C:/Program Files (x86)/STM32CubeIDE_1.17.0/STM32CubeIDE/plugins/com.st.stm32cube.ide.mcu.externaltools.gnu-tools-for-stm32.12.3.rel1.win32_1.1.0.202410251130/tools/bin/../lib/gcc/arm-none-eabi/12.3.1/../../../../arm-none-eabi/lib/thumb/v7e-m+fp/hard\libc_nano.a(libc_a-closer.o)
                0x080083ac                _close_r
 .text._lseek_r
                0x080083cc       0x24 C:/Program Files (x86)/STM32CubeIDE_1.17.0/STM32CubeIDE/plugins/com.st.stm32cube.ide.mcu.externaltools.gnu-tools-for-stm32.12.3.rel1.win32_1.1.0.202410251130/tools/bin/../lib/gcc/arm-none-eabi/12.3.1/../../../../arm-none-eabi/lib/thumb/v7e-m+fp/hard\libc_nano.a(libc_a-lseekr.o)
                0x080083cc                _lseek_r
 .text._read_r  0x080083f0       0x24 C:/Program Files (x86)/STM32CubeIDE_1.17.0/STM32CubeIDE/plugins/com.st.stm32cube.ide.mcu.externaltools.gnu-tools-for-stm32.12.3.rel1.win32_1.1.0.202410251130/tools/bin/../lib/gcc/arm-none-eabi/12.3.1/../../../../arm-none-eabi/lib/thumb/v7e-m+fp/hard\libc_nano.a(libc_a-readr.o)
                0x080083f0                _read_r
 .text._write_r
                0x08008414       0x24 C:/Program Files (x86)/STM32CubeIDE_1.17.0/STM32CubeIDE/plugins/com.st.stm32cube.ide.mcu.externaltools.gnu-tools-for-stm32.12.3.rel1.win32_1.1.0.202410251130/tools/bin/../lib/gcc/arm-none-eabi/12.3.1/../../../../arm-none-eabi/lib/thumb/v7e-m+fp/hard\libc_nano.a(libc_a-writer.o)
                0x08008414                _write_r
 .text.__errno  0x08008438        0xc C:/Program Files (x86)/STM32CubeIDE_1.17.0/STM32CubeIDE/plugins/com.st.stm32cube.ide.mcu.externaltools.gnu-tools-for-stm32.12.3.rel1.win32_1.1.0.202410251130/tools/bin/../lib/gcc/arm-none-eabi/12.3.1/../../../../arm-none-eabi/lib/thumb/v7e-m+fp/hard\libc_nano.a(libc_a-errno.o)
                0x08008438                __errno
 .text.__libc_init_array
                0x08008444       0x48 C:/Program Files (x86)/STM32CubeIDE_1.17.0/STM32CubeIDE/plugins/com.st.stm32cube.ide.mcu.externaltools.gnu-tools-for-stm32.12.3.rel1.win32_1.1.0.202410251130/tools/bin/../lib/gcc/arm-none-eabi/12.3.1/../../../../arm-none-eabi/lib/thumb/v7e-m+fp/hard\libc_nano.a(libc_a-init.o)
                0x08008444                __libc_init_array
 .text.__retarget_lock_init_recursive
                0x0800848c        0x2 C:/Program Files (x86)/STM32CubeIDE_1.17.0/STM32CubeIDE/plugins/com.st.stm32cube.ide.mcu.externaltools.gnu-tools-for-stm32.12.3.rel1.win32_1.1.0.202410251130/tools/bin/../lib/gcc/arm-none-eabi/12.3.1/../../../../arm-none-eabi/lib/thumb/v7e-m+fp/hard\libc_nano.a(libc_a-lock.o)
                0x0800848c                __retarget_lock_init_recursive
 .text.__retarget_lock_acquire_recursive
                0x0800848e        0x2 C:/Program Files (x86)/STM32CubeIDE_1.17.0/STM32CubeIDE/plugins/com.st.stm32cube.ide.mcu.externaltools.gnu-tools-for-stm32.12.3.rel1.win32_1.1.0.202410251130/tools/bin/../lib/gcc/arm-none-eabi/12.3.1/../../../../arm-none-eabi/lib/thumb/v7e-m+fp/hard\libc_nano.a(libc_a-lock.o)
                0x0800848e                __retarget_lock_acquire_recursive
 .text.__retarget_lock_release_recursive
                0x08008490        0x2 C:/Program Files (x86)/STM32CubeIDE_1.17.0/STM32CubeIDE/plugins/com.st.stm32cube.ide.mcu.externaltools.gnu-tools-for-stm32.12.3.rel1.win32_1.1.0.202410251130/tools/bin/../lib/gcc/arm-none-eabi/12.3.1/../../../../arm-none-eabi/lib/thumb/v7e-m+fp/hard\libc_nano.a(libc_a-lock.o)
                0x08008490                __retarget_lock_release_recursive
 .text.memcpy   0x08008492       0x1c C:/Program Files (x86)/STM32CubeIDE_1.17.0/STM32CubeIDE/plugins/com.st.stm32cube.ide.mcu.externaltools.gnu-tools-for-stm32.12.3.rel1.win32_1.1.0.202410251130/tools/bin/../lib/gcc/arm-none-eabi/12.3.1/../../../../arm-none-eabi/lib/thumb/v7e-m+fp/hard\libc_nano.a(libc_a-memcpy-stub.o)
                0x08008492                memcpy
 *fill*         0x080084ae        0x2 
 .text._free_r  0x080084b0       0x94 C:/Program Files (x86)/STM32CubeIDE_1.17.0/STM32CubeIDE/plugins/com.st.stm32cube.ide.mcu.externaltools.gnu-tools-for-stm32.12.3.rel1.win32_1.1.0.202410251130/tools/bin/../lib/gcc/arm-none-eabi/12.3.1/../../../../arm-none-eabi/lib/thumb/v7e-m+fp/hard\libc_nano.a(libc_a-freer.o)
                0x080084b0                _free_r
 .text.sbrk_aligned
                0x08008544       0x44 C:/Program Files (x86)/STM32CubeIDE_1.17.0/STM32CubeIDE/plugins/com.st.stm32cube.ide.mcu.externaltools.gnu-tools-for-stm32.12.3.rel1.win32_1.1.0.202410251130/tools/bin/../lib/gcc/arm-none-eabi/12.3.1/../../../../arm-none-eabi/lib/thumb/v7e-m+fp/hard\libc_nano.a(libc_a-mallocr.o)
 .text._malloc_r
                0x08008588      0x100 C:/Program Files (x86)/STM32CubeIDE_1.17.0/STM32CubeIDE/plugins/com.st.stm32cube.ide.mcu.externaltools.gnu-tools-for-stm32.12.3.rel1.win32_1.1.0.202410251130/tools/bin/../lib/gcc/arm-none-eabi/12.3.1/../../../../arm-none-eabi/lib/thumb/v7e-m+fp/hard\libc_nano.a(libc_a-mallocr.o)
                0x08008588                _malloc_r
 .text.__malloc_lock
                0x08008688        0xc C:/Program Files (x86)/STM32CubeIDE_1.17.0/STM32CubeIDE/plugins/com.st.stm32cube.ide.mcu.externaltools.gnu-tools-for-stm32.12.3.rel1.win32_1.1.0.202410251130/tools/bin/../lib/gcc/arm-none-eabi/12.3.1/../../../../arm-none-eabi/lib/thumb/v7e-m+fp/hard\libc_nano.a(libc_a-mlock.o)
                0x08008688                __malloc_lock
 .text.__malloc_unlock
                0x08008694        0xc C:/Program Files (x86)/STM32CubeIDE_1.17.0/STM32CubeIDE/plugins/com.st.stm32cube.ide.mcu.externaltools.gnu-tools-for-stm32.12.3.rel1.win32_1.1.0.202410251130/tools/bin/../lib/gcc/arm-none-eabi/12.3.1/../../../../arm-none-eabi/lib/thumb/v7e-m+fp/hard\libc_nano.a(libc_a-mlock.o)
                0x08008694                __malloc_unlock
 .text.__sfputc_r
                0x080086a0       0x2e C:/Program Files (x86)/STM32CubeIDE_1.17.0/STM32CubeIDE/plugins/com.st.stm32cube.ide.mcu.externaltools.gnu-tools-for-stm32.12.3.rel1.win32_1.1.0.202410251130/tools/bin/../lib/gcc/arm-none-eabi/12.3.1/../../../../arm-none-eabi/lib/thumb/v7e-m+fp/hard\libc_nano.a(libc_a-nano-vfprintf.o)
 .text.__sfputs_r
                0x080086ce       0x24 C:/Program Files (x86)/STM32CubeIDE_1.17.0/STM32CubeIDE/plugins/com.st.stm32cube.ide.mcu.externaltools.gnu-tools-for-stm32.12.3.rel1.win32_1.1.0.202410251130/tools/bin/../lib/gcc/arm-none-eabi/12.3.1/../../../../arm-none-eabi/lib/thumb/v7e-m+fp/hard\libc_nano.a(libc_a-nano-vfprintf.o)
                0x080086ce                __sfputs_r
 *fill*         0x080086f2        0x2 
 .text._vfprintf_r
                0x080086f4      0x230 C:/Program Files (x86)/STM32CubeIDE_1.17.0/STM32CubeIDE/plugins/com.st.stm32cube.ide.mcu.externaltools.gnu-tools-for-stm32.12.3.rel1.win32_1.1.0.202410251130/tools/bin/../lib/gcc/arm-none-eabi/12.3.1/../../../../arm-none-eabi/lib/thumb/v7e-m+fp/hard\libc_nano.a(libc_a-nano-vfprintf.o)
                0x080086f4                _vfprintf_r
                0x080086f4                _vfiprintf_r
 .text._printf_common
                0x08008924       0xda C:/Program Files (x86)/STM32CubeIDE_1.17.0/STM32CubeIDE/plugins/com.st.stm32cube.ide.mcu.externaltools.gnu-tools-for-stm32.12.3.rel1.win32_1.1.0.202410251130/tools/bin/../lib/gcc/arm-none-eabi/12.3.1/../../../../arm-none-eabi/lib/thumb/v7e-m+fp/hard\libc_nano.a(libc_a-nano-vfprintf_i.o)
                0x08008924                _printf_common
 *fill*         0x080089fe        0x2 
 .text._printf_i
                0x08008a00      0x240 C:/Program Files (x86)/STM32CubeIDE_1.17.0/STM32CubeIDE/plugins/com.st.stm32cube.ide.mcu.externaltools.gnu-tools-for-stm32.12.3.rel1.win32_1.1.0.202410251130/tools/bin/../lib/gcc/arm-none-eabi/12.3.1/../../../../arm-none-eabi/lib/thumb/v7e-m+fp/hard\libc_nano.a(libc_a-nano-vfprintf_i.o)
                0x08008a00                _printf_i
 .text.__sflush_r
                0x08008c40      0x108 C:/Program Files (x86)/STM32CubeIDE_1.17.0/STM32CubeIDE/plugins/com.st.stm32cube.ide.mcu.externaltools.gnu-tools-for-stm32.12.3.rel1.win32_1.1.0.202410251130/tools/bin/../lib/gcc/arm-none-eabi/12.3.1/../../../../arm-none-eabi/lib/thumb/v7e-m+fp/hard\libc_nano.a(libc_a-fflush.o)
                0x08008c40                __sflush_r
 .text._fflush_r
                0x08008d48       0x50 C:/Program Files (x86)/STM32CubeIDE_1.17.0/STM32CubeIDE/plugins/com.st.stm32cube.ide.mcu.externaltools.gnu-tools-for-stm32.12.3.rel1.win32_1.1.0.202410251130/tools/bin/../lib/gcc/arm-none-eabi/12.3.1/../../../../arm-none-eabi/lib/thumb/v7e-m+fp/hard\libc_nano.a(libc_a-fflush.o)
                0x08008d48                _fflush_r
 .text.__swhatbuf_r
                0x08008d98       0x4c C:/Program Files (x86)/STM32CubeIDE_1.17.0/STM32CubeIDE/plugins/com.st.stm32cube.ide.mcu.externaltools.gnu-tools-for-stm32.12.3.rel1.win32_1.1.0.202410251130/tools/bin/../lib/gcc/arm-none-eabi/12.3.1/../../../../arm-none-eabi/lib/thumb/v7e-m+fp/hard\libc_nano.a(libc_a-makebuf.o)
                0x08008d98                __swhatbuf_r
 .text.__smakebuf_r
                0x08008de4       0x78 C:/Program Files (x86)/STM32CubeIDE_1.17.0/STM32CubeIDE/plugins/com.st.stm32cube.ide.mcu.externaltools.gnu-tools-for-stm32.12.3.rel1.win32_1.1.0.202410251130/tools/bin/../lib/gcc/arm-none-eabi/12.3.1/../../../../arm-none-eabi/lib/thumb/v7e-m+fp/hard\libc_nano.a(libc_a-makebuf.o)
                0x08008de4                __smakebuf_r
 .text._putc_r  0x08008e5c       0x68 C:/Program Files (x86)/STM32CubeIDE_1.17.0/STM32CubeIDE/plugins/com.st.stm32cube.ide.mcu.externaltools.gnu-tools-for-stm32.12.3.rel1.win32_1.1.0.202410251130/tools/bin/../lib/gcc/arm-none-eabi/12.3.1/../../../../arm-none-eabi/lib/thumb/v7e-m+fp/hard\libc_nano.a(libc_a-putc.o)
                0x08008e5c                _putc_r
 .text._fstat_r
                0x08008ec4       0x24 C:/Program Files (x86)/STM32CubeIDE_1.17.0/STM32CubeIDE/plugins/com.st.stm32cube.ide.mcu.externaltools.gnu-tools-for-stm32.12.3.rel1.win32_1.1.0.202410251130/tools/bin/../lib/gcc/arm-none-eabi/12.3.1/../../../../arm-none-eabi/lib/thumb/v7e-m+fp/hard\libc_nano.a(libc_a-fstatr.o)
                0x08008ec4                _fstat_r
 .text._isatty_r
                0x08008ee8       0x20 C:/Program Files (x86)/STM32CubeIDE_1.17.0/STM32CubeIDE/plugins/com.st.stm32cube.ide.mcu.externaltools.gnu-tools-for-stm32.12.3.rel1.win32_1.1.0.202410251130/tools/bin/../lib/gcc/arm-none-eabi/12.3.1/../../../../arm-none-eabi/lib/thumb/v7e-m+fp/hard\libc_nano.a(libc_a-isattyr.o)
                0x08008ee8                _isatty_r
 .text._sbrk_r  0x08008f08       0x20 C:/Program Files (x86)/STM32CubeIDE_1.17.0/STM32CubeIDE/plugins/com.st.stm32cube.ide.mcu.externaltools.gnu-tools-for-stm32.12.3.rel1.win32_1.1.0.202410251130/tools/bin/../lib/gcc/arm-none-eabi/12.3.1/../../../../arm-none-eabi/lib/thumb/v7e-m+fp/hard\libc_nano.a(libc_a-sbrkr.o)
                0x08008f08                _sbrk_r
 *(.glue_7)
 .glue_7        0x08008f28        0x0 linker stubs
 *(.glue_7t)
 .glue_7t       0x08008f28        0x0 linker stubs
 *(.eh_frame)
 .eh_frame      0x08008f28        0x0 C:/Program Files (x86)/STM32CubeIDE_1.17.0/STM32CubeIDE/plugins/com.st.stm32cube.ide.mcu.externaltools.gnu-tools-for-stm32.12.3.rel1.win32_1.1.0.202410251130/tools/bin/../lib/gcc/arm-none-eabi/12.3.1/thumb/v7e-m+fp/hard/crtbegin.o
 *(.init)
 .init          0x08008f28        0x4 C:/Program Files (x86)/STM32CubeIDE_1.17.0/STM32CubeIDE/plugins/com.st.stm32cube.ide.mcu.externaltools.gnu-tools-for-stm32.12.3.rel1.win32_1.1.0.202410251130/tools/bin/../lib/gcc/arm-none-eabi/12.3.1/thumb/v7e-m+fp/hard/crti.o
                0x08008f28                _init
 .init          0x08008f2c        0x8 C:/Program Files (x86)/STM32CubeIDE_1.17.0/STM32CubeIDE/plugins/com.st.stm32cube.ide.mcu.externaltools.gnu-tools-for-stm32.12.3.rel1.win32_1.1.0.202410251130/tools/bin/../lib/gcc/arm-none-eabi/12.3.1/thumb/v7e-m+fp/hard/crtn.o
 *(.fini)
 .fini          0x08008f34        0x4 C:/Program Files (x86)/STM32CubeIDE_1.17.0/STM32CubeIDE/plugins/com.st.stm32cube.ide.mcu.externaltools.gnu-tools-for-stm32.12.3.rel1.win32_1.1.0.202410251130/tools/bin/../lib/gcc/arm-none-eabi/12.3.1/thumb/v7e-m+fp/hard/crti.o
                0x08008f34                _fini
 .fini          0x08008f38        0x8 C:/Program Files (x86)/STM32CubeIDE_1.17.0/STM32CubeIDE/plugins/com.st.stm32cube.ide.mcu.externaltools.gnu-tools-for-stm32.12.3.rel1.win32_1.1.0.202410251130/tools/bin/../lib/gcc/arm-none-eabi/12.3.1/thumb/v7e-m+fp/hard/crtn.o
                0x08008f40                        . = ALIGN (0x4)
                0x08008f40                        _etext = .

.vfp11_veneer   0x08008f40        0x0
 .vfp11_veneer  0x08008f40        0x0 linker stubs

.v4_bx          0x08008f40        0x0
 .v4_bx         0x08008f40        0x0 linker stubs

.iplt           0x08008f40        0x0
 .iplt          0x08008f40        0x0 C:/Program Files (x86)/STM32CubeIDE_1.17.0/STM32CubeIDE/plugins/com.st.stm32cube.ide.mcu.externaltools.gnu-tools-for-stm32.12.3.rel1.win32_1.1.0.202410251130/tools/bin/../lib/gcc/arm-none-eabi/12.3.1/thumb/v7e-m+fp/hard/crtbegin.o

.rodata         0x08008f40    0x16004
                0x08008f40                        . = ALIGN (0x4)
 *(.rodata)
 .rodata        0x08008f40       0x2b ./Core/Src/stm32g4xx_nucleo_bus.o
 *fill*         0x08008f6b        0x1 
 .rodata        0x08008f6c      0x300 ./Drivers/BSP/53L8A1/53L8a1_ranging_sensor.o
 .rodata        0x0800926c       0x8c ./Drivers/BSP/Components/VL53L8CX_ULD_API/src/vl53l8cx_api.o
 .rodata        0x080092f8        0x8 ./Drivers/BSP/Components/VL53L8CX_ULD_API/src/vl53l8cx_plugin_detection_thresholds.o
 .rodata        0x08009300      0x1b5 ./Drivers/BSP/Components/VL53L8CX_ULD_API/vl53l8cx.o
 *fill*         0x080094b5        0x3 
 .rodata        0x080094b8      0x328 ./TOF/App/app_tof.o
 *(.rodata*)
 .rodata.AHBPrescTable
                0x080097e0       0x10 ./Core/Src/system_stm32g4xx.o
                0x080097e0                AHBPrescTable
 .rodata.APBPrescTable
                0x080097f0        0x8 ./Core/Src/system_stm32g4xx.o
                0x080097f0                APBPrescTable
 .rodata.VL53L8CX_FIRMWARE
                0x080097f8    0x15000 ./Drivers/BSP/Components/VL53L8CX_ULD_API/src/vl53l8cx_api.o
                0x080097f8                VL53L8CX_FIRMWARE
 .rodata.VL53L8CX_DEFAULT_CONFIGURATION
                0x0801e7f8      0x3cc ./Drivers/BSP/Components/VL53L8CX_ULD_API/src/vl53l8cx_api.o
                0x0801e7f8                VL53L8CX_DEFAULT_CONFIGURATION
 .rodata.VL53L8CX_DEFAULT_XTALK
                0x0801ebc4      0x308 ./Drivers/BSP/Components/VL53L8CX_ULD_API/src/vl53l8cx_api.o
                0x0801ebc4                VL53L8CX_DEFAULT_XTALK
 .rodata.VL53L8CX_GET_NVM_CMD
                0x0801eecc       0x28 ./Drivers/BSP/Components/VL53L8CX_ULD_API/src/vl53l8cx_api.o
                0x0801eecc                VL53L8CX_GET_NVM_CMD
 .rodata.BUTTON_EXTI_LINE.2
                0x0801eef4        0x4 ./Drivers/BSP/STM32G4xx_Nucleo/stm32g4xx_nucleo.o
 .rodata.UARTPrescTable
                0x0801eef8       0x18 ./Drivers/STM32G4xx_HAL_Driver/Src/stm32g4xx_hal_uart.o
                0x0801eef8                UARTPrescTable
 .rodata._vfprintf_r.str1.1
                0x0801ef10       0x11 C:/Program Files (x86)/STM32CubeIDE_1.17.0/STM32CubeIDE/plugins/com.st.stm32cube.ide.mcu.externaltools.gnu-tools-for-stm32.12.3.rel1.win32_1.1.0.202410251130/tools/bin/../lib/gcc/arm-none-eabi/12.3.1/../../../../arm-none-eabi/lib/thumb/v7e-m+fp/hard\libc_nano.a(libc_a-nano-vfprintf.o)
 .rodata._printf_i.str1.1
                0x0801ef21       0x22 C:/Program Files (x86)/STM32CubeIDE_1.17.0/STM32CubeIDE/plugins/com.st.stm32cube.ide.mcu.externaltools.gnu-tools-for-stm32.12.3.rel1.win32_1.1.0.202410251130/tools/bin/../lib/gcc/arm-none-eabi/12.3.1/../../../../arm-none-eabi/lib/thumb/v7e-m+fp/hard\libc_nano.a(libc_a-nano-vfprintf_i.o)
                0x0801ef44                        . = ALIGN (0x4)
 *fill*         0x0801ef43        0x1 

.ARM.extab      0x0801ef44        0x0
                0x0801ef44                        . = ALIGN (0x4)
 *(.ARM.extab* .gnu.linkonce.armextab.*)
                0x0801ef44                        . = ALIGN (0x4)

.ARM            0x0801ef44        0x8
                0x0801ef44                        . = ALIGN (0x4)
                0x0801ef44                        __exidx_start = .
 *(.ARM.exidx*)
 .ARM.exidx     0x0801ef44        0x8 C:/Program Files (x86)/STM32CubeIDE_1.17.0/STM32CubeIDE/plugins/com.st.stm32cube.ide.mcu.externaltools.gnu-tools-for-stm32.12.3.rel1.win32_1.1.0.202410251130/tools/bin/../lib/gcc/arm-none-eabi/12.3.1/../../../../arm-none-eabi/lib/thumb/v7e-m+fp/hard\libc_nano.a(libc_a-memchr.o)
 .ARM.exidx     0x0801ef4c        0x0 C:/Program Files (x86)/STM32CubeIDE_1.17.0/STM32CubeIDE/plugins/com.st.stm32cube.ide.mcu.externaltools.gnu-tools-for-stm32.12.3.rel1.win32_1.1.0.202410251130/tools/bin/../lib/gcc/arm-none-eabi/12.3.1/thumb/v7e-m+fp/hard\libgcc.a(_udivmoddi4.o)
                                  0x8 (size before relaxing)
                0x0801ef4c                        __exidx_end = .
                0x0801ef4c                        . = ALIGN (0x4)

.preinit_array  0x0801ef4c        0x0
                0x0801ef4c                        . = ALIGN (0x4)
                0x0801ef4c                        PROVIDE (__preinit_array_start = .)
 *(.preinit_array*)
                0x0801ef4c                        PROVIDE (__preinit_array_end = .)
                0x0801ef4c                        . = ALIGN (0x4)

.init_array     0x0801ef4c        0x4
                0x0801ef4c                        . = ALIGN (0x4)
                0x0801ef4c                        PROVIDE (__init_array_start = .)
 *(SORT_BY_NAME(.init_array.*))
 *(.init_array*)
 .init_array    0x0801ef4c        0x4 C:/Program Files (x86)/STM32CubeIDE_1.17.0/STM32CubeIDE/plugins/com.st.stm32cube.ide.mcu.externaltools.gnu-tools-for-stm32.12.3.rel1.win32_1.1.0.202410251130/tools/bin/../lib/gcc/arm-none-eabi/12.3.1/thumb/v7e-m+fp/hard/crtbegin.o
                0x0801ef50                        PROVIDE (__init_array_end = .)
                0x0801ef50                        . = ALIGN (0x4)

.fini_array     0x0801ef50        0x4
                0x0801ef50                        . = ALIGN (0x4)
                [!provide]                        PROVIDE (__fini_array_start = .)
 *(SORT_BY_NAME(.fini_array.*))
 *(.fini_array*)
 .fini_array    0x0801ef50        0x4 C:/Program Files (x86)/STM32CubeIDE_1.17.0/STM32CubeIDE/plugins/com.st.stm32cube.ide.mcu.externaltools.gnu-tools-for-stm32.12.3.rel1.win32_1.1.0.202410251130/tools/bin/../lib/gcc/arm-none-eabi/12.3.1/thumb/v7e-m+fp/hard/crtbegin.o
                [!provide]                        PROVIDE (__fini_array_end = .)
                0x0801ef54                        . = ALIGN (0x4)
                0x0801ef54                        _sidata = LOADADDR (.data)

.rel.dyn        0x0801ef54        0x0
 .rel.iplt      0x0801ef54        0x0 C:/Program Files (x86)/STM32CubeIDE_1.17.0/STM32CubeIDE/plugins/com.st.stm32cube.ide.mcu.externaltools.gnu-tools-for-stm32.12.3.rel1.win32_1.1.0.202410251130/tools/bin/../lib/gcc/arm-none-eabi/12.3.1/thumb/v7e-m+fp/hard/crtbegin.o

.data           0x20000000       0xb4 load address 0x0801ef54
                0x20000000                        . = ALIGN (0x4)
                0x20000000                        _sdata = .
 *(.data)
 *(.data*)
 .data.SystemCoreClock
                0x20000000        0x4 ./Core/Src/system_stm32g4xx.o
                0x20000000                SystemCoreClock
 .data.VL53L8CX_RANGING_SENSOR_Driver
                0x20000004       0x38 ./Drivers/BSP/Components/VL53L8CX_ULD_API/vl53l8cx.o
                0x20000004                VL53L8CX_RANGING_SENSOR_Driver
 .data.LED_PORT
                0x2000003c        0x4 ./Drivers/BSP/STM32G4xx_Nucleo/stm32g4xx_nucleo.o
 .data.BUTTON_PORT
                0x20000040        0x4 ./Drivers/BSP/STM32G4xx_Nucleo/stm32g4xx_nucleo.o
 .data.COM_USART
                0x20000044        0x4 ./Drivers/BSP/STM32G4xx_Nucleo/stm32g4xx_nucleo.o
 .data.ButtonCallback.1
                0x20000048        0x4 ./Drivers/BSP/STM32G4xx_Nucleo/stm32g4xx_nucleo.o
 .data.BSP_BUTTON_PRIO.0
                0x2000004c        0x4 ./Drivers/BSP/STM32G4xx_Nucleo/stm32g4xx_nucleo.o
 .data.uwTickPrio
                0x20000050        0x4 ./Drivers/STM32G4xx_HAL_Driver/Src/stm32g4xx_hal.o
                0x20000050                uwTickPrio
 .data.uwTickFreq
                0x20000054        0x4 ./Drivers/STM32G4xx_HAL_Driver/Src/stm32g4xx_hal.o
                0x20000054                uwTickFreq
 .data.__sglue  0x20000058        0xc C:/Program Files (x86)/STM32CubeIDE_1.17.0/STM32CubeIDE/plugins/com.st.stm32cube.ide.mcu.externaltools.gnu-tools-for-stm32.12.3.rel1.win32_1.1.0.202410251130/tools/bin/../lib/gcc/arm-none-eabi/12.3.1/../../../../arm-none-eabi/lib/thumb/v7e-m+fp/hard\libc_nano.a(libc_a-findfp.o)
                0x20000058                __sglue
 .data._impure_ptr
                0x20000064        0x4 C:/Program Files (x86)/STM32CubeIDE_1.17.0/STM32CubeIDE/plugins/com.st.stm32cube.ide.mcu.externaltools.gnu-tools-for-stm32.12.3.rel1.win32_1.1.0.202410251130/tools/bin/../lib/gcc/arm-none-eabi/12.3.1/../../../../arm-none-eabi/lib/thumb/v7e-m+fp/hard\libc_nano.a(libc_a-impure.o)
                0x20000064                _impure_ptr
 .data._impure_data
                0x20000068       0x4c C:/Program Files (x86)/STM32CubeIDE_1.17.0/STM32CubeIDE/plugins/com.st.stm32cube.ide.mcu.externaltools.gnu-tools-for-stm32.12.3.rel1.win32_1.1.0.202410251130/tools/bin/../lib/gcc/arm-none-eabi/12.3.1/../../../../arm-none-eabi/lib/thumb/v7e-m+fp/hard\libc_nano.a(libc_a-impure.o)
                0x20000068                _impure_data
 *(.RamFunc)
 *(.RamFunc*)
                0x200000b4                        . = ALIGN (0x4)
                0x200000b4                        _edata = .

.igot.plt       0x200000b4        0x0 load address 0x0801f008
 .igot.plt      0x200000b4        0x0 C:/Program Files (x86)/STM32CubeIDE_1.17.0/STM32CubeIDE/plugins/com.st.stm32cube.ide.mcu.externaltools.gnu-tools-for-stm32.12.3.rel1.win32_1.1.0.202410251130/tools/bin/../lib/gcc/arm-none-eabi/12.3.1/thumb/v7e-m+fp/hard/crtbegin.o
                0x200000b4                        . = ALIGN (0x4)

.bss            0x200000b4     0x34b8 load address 0x0801f008
                0x200000b4                        _sbss = .
                0x200000b4                        __bss_start__ = _sbss
 *(.bss)
 .bss           0x200000b4       0x1c C:/Program Files (x86)/STM32CubeIDE_1.17.0/STM32CubeIDE/plugins/com.st.stm32cube.ide.mcu.externaltools.gnu-tools-for-stm32.12.3.rel1.win32_1.1.0.202410251130/tools/bin/../lib/gcc/arm-none-eabi/12.3.1/thumb/v7e-m+fp/hard/crtbegin.o
 *(.bss*)
 .bss.BspCOMInit
                0x200000d0       0x10 ./Core/Src/main.o
                0x200000d0                BspCOMInit
 .bss.hspi2     0x200000e0       0x64 ./Core/Src/main.o
                0x200000e0                hspi2
 .bss.__sbrk_heap_end
                0x20000144        0x4 ./Core/Src/sysmem.o
 .bss.VL53L8A1_RANGING_SENSOR_CompObj
                0x20000148        0xc ./Drivers/BSP/53L8A1/53L8a1_ranging_sensor.o
                0x20000148                VL53L8A1_RANGING_SENSOR_CompObj
 .bss.VL53L8A1_RANGING_SENSOR_Drv
                0x20000154        0x4 ./Drivers/BSP/53L8A1/53L8a1_ranging_sensor.o
 .bss.VL53L8A1_RANGING_SENSOR_Cap
                0x20000158       0x10 ./Drivers/BSP/53L8A1/53L8a1_ranging_sensor.o
 .bss.VL53L8CXObj.0
                0x20000168     0x2094 ./Drivers/BSP/53L8A1/53L8a1_ranging_sensor.o
 .bss.thresholds.1
                0x200021fc      0x300 ./Drivers/BSP/Components/VL53L8CX_ULD_API/vl53l8cx.o
 .bss.data.0    0x200024fc      0x550 ./Drivers/BSP/Components/VL53L8CX_ULD_API/vl53l8cx.o
 .bss.hpb_exti  0x20002a4c        0x8 ./Drivers/BSP/STM32G4xx_Nucleo/stm32g4xx_nucleo.o
                0x20002a4c                hpb_exti
 .bss.hcom_uart
                0x20002a54       0x94 ./Drivers/BSP/STM32G4xx_Nucleo/stm32g4xx_nucleo.o
                0x20002a54                hcom_uart
 .bss.COM_ActiveLogPort
                0x20002ae8        0x1 ./Drivers/BSP/STM32G4xx_Nucleo/stm32g4xx_nucleo.o
 *fill*         0x20002ae9        0x3 
 .bss.uwTick    0x20002aec        0x4 ./Drivers/STM32G4xx_HAL_Driver/Src/stm32g4xx_hal.o
                0x20002aec                uwTick
 .bss.useful_data
                0x20002af0      0x400 ./TOF/App/app_tof.o
                0x20002af0                useful_data
 .bss.Cap       0x20002ef0       0x10 ./TOF/App/app_tof.o
 .bss.Profile   0x20002f00       0x14 ./TOF/App/app_tof.o
 .bss.Result    0x20002f14      0x504 ./TOF/App/app_tof.o
 .bss.status    0x20003418        0x4 ./TOF/App/app_tof.o
 .bss.PushButtonDetected
                0x2000341c        0x1 ./TOF/App/app_tof.o
 *fill*         0x2000341d        0x3 
 .bss.__sf      0x20003420      0x138 C:/Program Files (x86)/STM32CubeIDE_1.17.0/STM32CubeIDE/plugins/com.st.stm32cube.ide.mcu.externaltools.gnu-tools-for-stm32.12.3.rel1.win32_1.1.0.202410251130/tools/bin/../lib/gcc/arm-none-eabi/12.3.1/../../../../arm-none-eabi/lib/thumb/v7e-m+fp/hard\libc_nano.a(libc_a-findfp.o)
                0x20003420                __sf
 .bss.__stdio_exit_handler
                0x20003558        0x4 C:/Program Files (x86)/STM32CubeIDE_1.17.0/STM32CubeIDE/plugins/com.st.stm32cube.ide.mcu.externaltools.gnu-tools-for-stm32.12.3.rel1.win32_1.1.0.202410251130/tools/bin/../lib/gcc/arm-none-eabi/12.3.1/../../../../arm-none-eabi/lib/thumb/v7e-m+fp/hard\libc_nano.a(libc_a-findfp.o)
                0x20003558                __stdio_exit_handler
 .bss.errno     0x2000355c        0x4 C:/Program Files (x86)/STM32CubeIDE_1.17.0/STM32CubeIDE/plugins/com.st.stm32cube.ide.mcu.externaltools.gnu-tools-for-stm32.12.3.rel1.win32_1.1.0.202410251130/tools/bin/../lib/gcc/arm-none-eabi/12.3.1/../../../../arm-none-eabi/lib/thumb/v7e-m+fp/hard\libc_nano.a(libc_a-reent.o)
                0x2000355c                errno
 .bss.__lock___malloc_recursive_mutex
                0x20003560        0x1 C:/Program Files (x86)/STM32CubeIDE_1.17.0/STM32CubeIDE/plugins/com.st.stm32cube.ide.mcu.externaltools.gnu-tools-for-stm32.12.3.rel1.win32_1.1.0.202410251130/tools/bin/../lib/gcc/arm-none-eabi/12.3.1/../../../../arm-none-eabi/lib/thumb/v7e-m+fp/hard\libc_nano.a(libc_a-lock.o)
                0x20003560                __lock___malloc_recursive_mutex
 .bss.__lock___sfp_recursive_mutex
                0x20003561        0x1 C:/Program Files (x86)/STM32CubeIDE_1.17.0/STM32CubeIDE/plugins/com.st.stm32cube.ide.mcu.externaltools.gnu-tools-for-stm32.12.3.rel1.win32_1.1.0.202410251130/tools/bin/../lib/gcc/arm-none-eabi/12.3.1/../../../../arm-none-eabi/lib/thumb/v7e-m+fp/hard\libc_nano.a(libc_a-lock.o)
                0x20003561                __lock___sfp_recursive_mutex
 *fill*         0x20003562        0x2 
 .bss.__malloc_sbrk_start
                0x20003564        0x4 C:/Program Files (x86)/STM32CubeIDE_1.17.0/STM32CubeIDE/plugins/com.st.stm32cube.ide.mcu.externaltools.gnu-tools-for-stm32.12.3.rel1.win32_1.1.0.202410251130/tools/bin/../lib/gcc/arm-none-eabi/12.3.1/../../../../arm-none-eabi/lib/thumb/v7e-m+fp/hard\libc_nano.a(libc_a-mallocr.o)
                0x20003564                __malloc_sbrk_start
 .bss.__malloc_free_list
                0x20003568        0x4 C:/Program Files (x86)/STM32CubeIDE_1.17.0/STM32CubeIDE/plugins/com.st.stm32cube.ide.mcu.externaltools.gnu-tools-for-stm32.12.3.rel1.win32_1.1.0.202410251130/tools/bin/../lib/gcc/arm-none-eabi/12.3.1/../../../../arm-none-eabi/lib/thumb/v7e-m+fp/hard\libc_nano.a(libc_a-mallocr.o)
                0x20003568                __malloc_free_list
 *(COMMON)
                0x2000356c                        . = ALIGN (0x4)
                0x2000356c                        _ebss = .
                0x2000356c                        __bss_end__ = _ebss

._user_heap_stack
                0x2000356c      0x604 load address 0x0801f008
                0x20003570                        . = ALIGN (0x8)
 *fill*         0x2000356c        0x4 
                [!provide]                        PROVIDE (end = .)
                0x20003570                        PROVIDE (_end = .)
                0x20003770                        . = (. + _Min_Heap_Size)
 *fill*         0x20003570      0x200 
                0x20003b70                        . = (. + _Min_Stack_Size)
 *fill*         0x20003770      0x400 
                0x20003b70                        . = ALIGN (0x8)

/DISCARD/
 libc.a(*)
 libm.a(*)
 libgcc.a(*)

.ARM.attributes
                0x00000000       0x30
 *(.ARM.attributes)
 .ARM.attributes
                0x00000000       0x22 C:/Program Files (x86)/STM32CubeIDE_1.17.0/STM32CubeIDE/plugins/com.st.stm32cube.ide.mcu.externaltools.gnu-tools-for-stm32.12.3.rel1.win32_1.1.0.202410251130/tools/bin/../lib/gcc/arm-none-eabi/12.3.1/thumb/v7e-m+fp/hard/crti.o
 .ARM.attributes
                0x00000022       0x34 C:/Program Files (x86)/STM32CubeIDE_1.17.0/STM32CubeIDE/plugins/com.st.stm32cube.ide.mcu.externaltools.gnu-tools-for-stm32.12.3.rel1.win32_1.1.0.202410251130/tools/bin/../lib/gcc/arm-none-eabi/12.3.1/thumb/v7e-m+fp/hard/crtbegin.o
 .ARM.attributes
                0x00000056       0x34 ./Core/Src/main.o
 .ARM.attributes
                0x0000008a       0x34 ./Core/Src/platform.o
 .ARM.attributes
                0x000000be       0x34 ./Core/Src/stm32g4xx_hal_msp.o
 .ARM.attributes
                0x000000f2       0x34 ./Core/Src/stm32g4xx_it.o
 .ARM.attributes
                0x00000126       0x34 ./Core/Src/stm32g4xx_nucleo_bus.o
 .ARM.attributes
                0x0000015a       0x34 ./Core/Src/syscalls.o
 .ARM.attributes
                0x0000018e       0x34 ./Core/Src/sysmem.o
 .ARM.attributes
                0x000001c2       0x34 ./Core/Src/system_stm32g4xx.o
 .ARM.attributes
                0x000001f6       0x21 ./Core/Startup/startup_stm32g491retx.o
 .ARM.attributes
                0x00000217       0x34 ./Drivers/BSP/53L8A1/53L8a1_ranging_sensor.o
 .ARM.attributes
                0x0000024b       0x34 ./Drivers/BSP/Components/VL53L8CX_ULD_API/src/vl53l8cx_api.o
 .ARM.attributes
                0x0000027f       0x34 ./Drivers/BSP/Components/VL53L8CX_ULD_API/src/vl53l8cx_plugin_detection_thresholds.o
 .ARM.attributes
                0x000002b3       0x34 ./Drivers/BSP/Components/VL53L8CX_ULD_API/vl53l8cx.o
 .ARM.attributes
                0x000002e7       0x34 ./Drivers/BSP/STM32G4xx_Nucleo/stm32g4xx_nucleo.o
 .ARM.attributes
                0x0000031b       0x34 ./Drivers/STM32G4xx_HAL_Driver/Src/stm32g4xx_hal.o
 .ARM.attributes
                0x0000034f       0x34 ./Drivers/STM32G4xx_HAL_Driver/Src/stm32g4xx_hal_cortex.o
 .ARM.attributes
                0x00000383       0x34 ./Drivers/STM32G4xx_HAL_Driver/Src/stm32g4xx_hal_exti.o
 .ARM.attributes
                0x000003b7       0x34 ./Drivers/STM32G4xx_HAL_Driver/Src/stm32g4xx_hal_gpio.o
 .ARM.attributes
                0x000003eb       0x34 ./Drivers/STM32G4xx_HAL_Driver/Src/stm32g4xx_hal_pwr_ex.o
 .ARM.attributes
                0x0000041f       0x34 ./Drivers/STM32G4xx_HAL_Driver/Src/stm32g4xx_hal_rcc.o
 .ARM.attributes
                0x00000453       0x34 ./Drivers/STM32G4xx_HAL_Driver/Src/stm32g4xx_hal_spi.o
 .ARM.attributes
                0x00000487       0x34 ./Drivers/STM32G4xx_HAL_Driver/Src/stm32g4xx_hal_uart.o
 .ARM.attributes
                0x000004bb       0x34 ./TOF/App/app_tof.o
 .ARM.attributes
                0x000004ef       0x34 C:/Program Files (x86)/STM32CubeIDE_1.17.0/STM32CubeIDE/plugins/com.st.stm32cube.ide.mcu.externaltools.gnu-tools-for-stm32.12.3.rel1.win32_1.1.0.202410251130/tools/bin/../lib/gcc/arm-none-eabi/12.3.1/../../../../arm-none-eabi/lib/thumb/v7e-m+fp/hard\libc_nano.a(libc_a-findfp.o)
 .ARM.attributes
                0x00000523       0x34 C:/Program Files (x86)/STM32CubeIDE_1.17.0/STM32CubeIDE/plugins/com.st.stm32cube.ide.mcu.externaltools.gnu-tools-for-stm32.12.3.rel1.win32_1.1.0.202410251130/tools/bin/../lib/gcc/arm-none-eabi/12.3.1/../../../../arm-none-eabi/lib/thumb/v7e-m+fp/hard\libc_nano.a(libc_a-fwalk.o)
 .ARM.attributes
                0x00000557       0x34 C:/Program Files (x86)/STM32CubeIDE_1.17.0/STM32CubeIDE/plugins/com.st.stm32cube.ide.mcu.externaltools.gnu-tools-for-stm32.12.3.rel1.win32_1.1.0.202410251130/tools/bin/../lib/gcc/arm-none-eabi/12.3.1/../../../../arm-none-eabi/lib/thumb/v7e-m+fp/hard\libc_nano.a(libc_a-printf.o)
 .ARM.attributes
                0x0000058b       0x34 C:/Program Files (x86)/STM32CubeIDE_1.17.0/STM32CubeIDE/plugins/com.st.stm32cube.ide.mcu.externaltools.gnu-tools-for-stm32.12.3.rel1.win32_1.1.0.202410251130/tools/bin/../lib/gcc/arm-none-eabi/12.3.1/../../../../arm-none-eabi/lib/thumb/v7e-m+fp/hard\libc_nano.a(libc_a-putchar.o)
 .ARM.attributes
                0x000005bf       0x34 C:/Program Files (x86)/STM32CubeIDE_1.17.0/STM32CubeIDE/plugins/com.st.stm32cube.ide.mcu.externaltools.gnu-tools-for-stm32.12.3.rel1.win32_1.1.0.202410251130/tools/bin/../lib/gcc/arm-none-eabi/12.3.1/../../../../arm-none-eabi/lib/thumb/v7e-m+fp/hard\libc_nano.a(libc_a-puts.o)
 .ARM.attributes
                0x000005f3       0x34 C:/Program Files (x86)/STM32CubeIDE_1.17.0/STM32CubeIDE/plugins/com.st.stm32cube.ide.mcu.externaltools.gnu-tools-for-stm32.12.3.rel1.win32_1.1.0.202410251130/tools/bin/../lib/gcc/arm-none-eabi/12.3.1/../../../../arm-none-eabi/lib/thumb/v7e-m+fp/hard\libc_nano.a(libc_a-stdio.o)
 .ARM.attributes
                0x00000627       0x34 C:/Program Files (x86)/STM32CubeIDE_1.17.0/STM32CubeIDE/plugins/com.st.stm32cube.ide.mcu.externaltools.gnu-tools-for-stm32.12.3.rel1.win32_1.1.0.202410251130/tools/bin/../lib/gcc/arm-none-eabi/12.3.1/../../../../arm-none-eabi/lib/thumb/v7e-m+fp/hard\libc_nano.a(libc_a-wbuf.o)
 .ARM.attributes
                0x0000065b       0x34 C:/Program Files (x86)/STM32CubeIDE_1.17.0/STM32CubeIDE/plugins/com.st.stm32cube.ide.mcu.externaltools.gnu-tools-for-stm32.12.3.rel1.win32_1.1.0.202410251130/tools/bin/../lib/gcc/arm-none-eabi/12.3.1/../../../../arm-none-eabi/lib/thumb/v7e-m+fp/hard\libc_nano.a(libc_a-wsetup.o)
 .ARM.attributes
                0x0000068f       0x34 C:/Program Files (x86)/STM32CubeIDE_1.17.0/STM32CubeIDE/plugins/com.st.stm32cube.ide.mcu.externaltools.gnu-tools-for-stm32.12.3.rel1.win32_1.1.0.202410251130/tools/bin/../lib/gcc/arm-none-eabi/12.3.1/../../../../arm-none-eabi/lib/thumb/v7e-m+fp/hard\libc_nano.a(libc_a-memset.o)
 .ARM.attributes
                0x000006c3       0x34 C:/Program Files (x86)/STM32CubeIDE_1.17.0/STM32CubeIDE/plugins/com.st.stm32cube.ide.mcu.externaltools.gnu-tools-for-stm32.12.3.rel1.win32_1.1.0.202410251130/tools/bin/../lib/gcc/arm-none-eabi/12.3.1/../../../../arm-none-eabi/lib/thumb/v7e-m+fp/hard\libc_nano.a(libc_a-closer.o)
 .ARM.attributes
                0x000006f7       0x34 C:/Program Files (x86)/STM32CubeIDE_1.17.0/STM32CubeIDE/plugins/com.st.stm32cube.ide.mcu.externaltools.gnu-tools-for-stm32.12.3.rel1.win32_1.1.0.202410251130/tools/bin/../lib/gcc/arm-none-eabi/12.3.1/../../../../arm-none-eabi/lib/thumb/v7e-m+fp/hard\libc_nano.a(libc_a-reent.o)
 .ARM.attributes
                0x0000072b       0x34 C:/Program Files (x86)/STM32CubeIDE_1.17.0/STM32CubeIDE/plugins/com.st.stm32cube.ide.mcu.externaltools.gnu-tools-for-stm32.12.3.rel1.win32_1.1.0.202410251130/tools/bin/../lib/gcc/arm-none-eabi/12.3.1/../../../../arm-none-eabi/lib/thumb/v7e-m+fp/hard\libc_nano.a(libc_a-impure.o)
 .ARM.attributes
                0x0000075f       0x34 C:/Program Files (x86)/STM32CubeIDE_1.17.0/STM32CubeIDE/plugins/com.st.stm32cube.ide.mcu.externaltools.gnu-tools-for-stm32.12.3.rel1.win32_1.1.0.202410251130/tools/bin/../lib/gcc/arm-none-eabi/12.3.1/../../../../arm-none-eabi/lib/thumb/v7e-m+fp/hard\libc_nano.a(libc_a-lseekr.o)
 .ARM.attributes
                0x00000793       0x34 C:/Program Files (x86)/STM32CubeIDE_1.17.0/STM32CubeIDE/plugins/com.st.stm32cube.ide.mcu.externaltools.gnu-tools-for-stm32.12.3.rel1.win32_1.1.0.202410251130/tools/bin/../lib/gcc/arm-none-eabi/12.3.1/../../../../arm-none-eabi/lib/thumb/v7e-m+fp/hard\libc_nano.a(libc_a-readr.o)
 .ARM.attributes
                0x000007c7       0x34 C:/Program Files (x86)/STM32CubeIDE_1.17.0/STM32CubeIDE/plugins/com.st.stm32cube.ide.mcu.externaltools.gnu-tools-for-stm32.12.3.rel1.win32_1.1.0.202410251130/tools/bin/../lib/gcc/arm-none-eabi/12.3.1/../../../../arm-none-eabi/lib/thumb/v7e-m+fp/hard\libc_nano.a(libc_a-writer.o)
 .ARM.attributes
                0x000007fb       0x34 C:/Program Files (x86)/STM32CubeIDE_1.17.0/STM32CubeIDE/plugins/com.st.stm32cube.ide.mcu.externaltools.gnu-tools-for-stm32.12.3.rel1.win32_1.1.0.202410251130/tools/bin/../lib/gcc/arm-none-eabi/12.3.1/../../../../arm-none-eabi/lib/thumb/v7e-m+fp/hard\libc_nano.a(libc_a-errno.o)
 .ARM.attributes
                0x0000082f       0x34 C:/Program Files (x86)/STM32CubeIDE_1.17.0/STM32CubeIDE/plugins/com.st.stm32cube.ide.mcu.externaltools.gnu-tools-for-stm32.12.3.rel1.win32_1.1.0.202410251130/tools/bin/../lib/gcc/arm-none-eabi/12.3.1/../../../../arm-none-eabi/lib/thumb/v7e-m+fp/hard\libc_nano.a(libc_a-init.o)
 .ARM.attributes
                0x00000863       0x34 C:/Program Files (x86)/STM32CubeIDE_1.17.0/STM32CubeIDE/plugins/com.st.stm32cube.ide.mcu.externaltools.gnu-tools-for-stm32.12.3.rel1.win32_1.1.0.202410251130/tools/bin/../lib/gcc/arm-none-eabi/12.3.1/../../../../arm-none-eabi/lib/thumb/v7e-m+fp/hard\libc_nano.a(libc_a-lock.o)
 .ARM.attributes
                0x00000897       0x34 C:/Program Files (x86)/STM32CubeIDE_1.17.0/STM32CubeIDE/plugins/com.st.stm32cube.ide.mcu.externaltools.gnu-tools-for-stm32.12.3.rel1.win32_1.1.0.202410251130/tools/bin/../lib/gcc/arm-none-eabi/12.3.1/../../../../arm-none-eabi/lib/thumb/v7e-m+fp/hard\libc_nano.a(libc_a-memcpy-stub.o)
 .ARM.attributes
                0x000008cb       0x34 C:/Program Files (x86)/STM32CubeIDE_1.17.0/STM32CubeIDE/plugins/com.st.stm32cube.ide.mcu.externaltools.gnu-tools-for-stm32.12.3.rel1.win32_1.1.0.202410251130/tools/bin/../lib/gcc/arm-none-eabi/12.3.1/../../../../arm-none-eabi/lib/thumb/v7e-m+fp/hard\libc_nano.a(libc_a-freer.o)
 .ARM.attributes
                0x000008ff       0x34 C:/Program Files (x86)/STM32CubeIDE_1.17.0/STM32CubeIDE/plugins/com.st.stm32cube.ide.mcu.externaltools.gnu-tools-for-stm32.12.3.rel1.win32_1.1.0.202410251130/tools/bin/../lib/gcc/arm-none-eabi/12.3.1/../../../../arm-none-eabi/lib/thumb/v7e-m+fp/hard\libc_nano.a(libc_a-mallocr.o)
 .ARM.attributes
                0x00000933       0x34 C:/Program Files (x86)/STM32CubeIDE_1.17.0/STM32CubeIDE/plugins/com.st.stm32cube.ide.mcu.externaltools.gnu-tools-for-stm32.12.3.rel1.win32_1.1.0.202410251130/tools/bin/../lib/gcc/arm-none-eabi/12.3.1/../../../../arm-none-eabi/lib/thumb/v7e-m+fp/hard\libc_nano.a(libc_a-mlock.o)
 .ARM.attributes
                0x00000967       0x34 C:/Program Files (x86)/STM32CubeIDE_1.17.0/STM32CubeIDE/plugins/com.st.stm32cube.ide.mcu.externaltools.gnu-tools-for-stm32.12.3.rel1.win32_1.1.0.202410251130/tools/bin/../lib/gcc/arm-none-eabi/12.3.1/../../../../arm-none-eabi/lib/thumb/v7e-m+fp/hard\libc_nano.a(libc_a-nano-vfprintf.o)
 .ARM.attributes
                0x0000099b       0x34 C:/Program Files (x86)/STM32CubeIDE_1.17.0/STM32CubeIDE/plugins/com.st.stm32cube.ide.mcu.externaltools.gnu-tools-for-stm32.12.3.rel1.win32_1.1.0.202410251130/tools/bin/../lib/gcc/arm-none-eabi/12.3.1/../../../../arm-none-eabi/lib/thumb/v7e-m+fp/hard\libc_nano.a(libc_a-nano-vfprintf_i.o)
 .ARM.attributes
                0x000009cf       0x34 C:/Program Files (x86)/STM32CubeIDE_1.17.0/STM32CubeIDE/plugins/com.st.stm32cube.ide.mcu.externaltools.gnu-tools-for-stm32.12.3.rel1.win32_1.1.0.202410251130/tools/bin/../lib/gcc/arm-none-eabi/12.3.1/../../../../arm-none-eabi/lib/thumb/v7e-m+fp/hard\libc_nano.a(libc_a-fflush.o)
 .ARM.attributes
                0x00000a03       0x34 C:/Program Files (x86)/STM32CubeIDE_1.17.0/STM32CubeIDE/plugins/com.st.stm32cube.ide.mcu.externaltools.gnu-tools-for-stm32.12.3.rel1.win32_1.1.0.202410251130/tools/bin/../lib/gcc/arm-none-eabi/12.3.1/../../../../arm-none-eabi/lib/thumb/v7e-m+fp/hard\libc_nano.a(libc_a-makebuf.o)
 .ARM.attributes
                0x00000a37       0x34 C:/Program Files (x86)/STM32CubeIDE_1.17.0/STM32CubeIDE/plugins/com.st.stm32cube.ide.mcu.externaltools.gnu-tools-for-stm32.12.3.rel1.win32_1.1.0.202410251130/tools/bin/../lib/gcc/arm-none-eabi/12.3.1/../../../../arm-none-eabi/lib/thumb/v7e-m+fp/hard\libc_nano.a(libc_a-putc.o)
 .ARM.attributes
                0x00000a6b       0x34 C:/Program Files (x86)/STM32CubeIDE_1.17.0/STM32CubeIDE/plugins/com.st.stm32cube.ide.mcu.externaltools.gnu-tools-for-stm32.12.3.rel1.win32_1.1.0.202410251130/tools/bin/../lib/gcc/arm-none-eabi/12.3.1/../../../../arm-none-eabi/lib/thumb/v7e-m+fp/hard\libc_nano.a(libc_a-fstatr.o)
 .ARM.attributes
                0x00000a9f       0x34 C:/Program Files (x86)/STM32CubeIDE_1.17.0/STM32CubeIDE/plugins/com.st.stm32cube.ide.mcu.externaltools.gnu-tools-for-stm32.12.3.rel1.win32_1.1.0.202410251130/tools/bin/../lib/gcc/arm-none-eabi/12.3.1/../../../../arm-none-eabi/lib/thumb/v7e-m+fp/hard\libc_nano.a(libc_a-isattyr.o)
 .ARM.attributes
                0x00000ad3       0x34 C:/Program Files (x86)/STM32CubeIDE_1.17.0/STM32CubeIDE/plugins/com.st.stm32cube.ide.mcu.externaltools.gnu-tools-for-stm32.12.3.rel1.win32_1.1.0.202410251130/tools/bin/../lib/gcc/arm-none-eabi/12.3.1/../../../../arm-none-eabi/lib/thumb/v7e-m+fp/hard\libc_nano.a(libc_a-sbrkr.o)
 .ARM.attributes
                0x00000b07       0x1c C:/Program Files (x86)/STM32CubeIDE_1.17.0/STM32CubeIDE/plugins/com.st.stm32cube.ide.mcu.externaltools.gnu-tools-for-stm32.12.3.rel1.win32_1.1.0.202410251130/tools/bin/../lib/gcc/arm-none-eabi/12.3.1/../../../../arm-none-eabi/lib/thumb/v7e-m+fp/hard\libc_nano.a(libc_a-memchr.o)
 .ARM.attributes
                0x00000b23       0x22 C:/Program Files (x86)/STM32CubeIDE_1.17.0/STM32CubeIDE/plugins/com.st.stm32cube.ide.mcu.externaltools.gnu-tools-for-stm32.12.3.rel1.win32_1.1.0.202410251130/tools/bin/../lib/gcc/arm-none-eabi/12.3.1/thumb/v7e-m+fp/hard\libgcc.a(_aeabi_uldivmod.o)
 .ARM.attributes
                0x00000b45       0x34 C:/Program Files (x86)/STM32CubeIDE_1.17.0/STM32CubeIDE/plugins/com.st.stm32cube.ide.mcu.externaltools.gnu-tools-for-stm32.12.3.rel1.win32_1.1.0.202410251130/tools/bin/../lib/gcc/arm-none-eabi/12.3.1/thumb/v7e-m+fp/hard\libgcc.a(_udivmoddi4.o)
 .ARM.attributes
                0x00000b79       0x22 C:/Program Files (x86)/STM32CubeIDE_1.17.0/STM32CubeIDE/plugins/com.st.stm32cube.ide.mcu.externaltools.gnu-tools-for-stm32.12.3.rel1.win32_1.1.0.202410251130/tools/bin/../lib/gcc/arm-none-eabi/12.3.1/thumb/v7e-m+fp/hard\libgcc.a(_dvmd_tls.o)
 .ARM.attributes
                0x00000b9b       0x22 C:/Program Files (x86)/STM32CubeIDE_1.17.0/STM32CubeIDE/plugins/com.st.stm32cube.ide.mcu.externaltools.gnu-tools-for-stm32.12.3.rel1.win32_1.1.0.202410251130/tools/bin/../lib/gcc/arm-none-eabi/12.3.1/thumb/v7e-m+fp/hard/crtn.o
OUTPUT(SPI_Sandra2.elf elf32-littlearm)
LOAD linker stubs
LOAD C:/Program Files (x86)/STM32CubeIDE_1.17.0/STM32CubeIDE/plugins/com.st.stm32cube.ide.mcu.externaltools.gnu-tools-for-stm32.12.3.rel1.win32_1.1.0.202410251130/tools/bin/../lib/gcc/arm-none-eabi/12.3.1/../../../../arm-none-eabi/lib/thumb/v7e-m+fp/hard\libc.a
LOAD C:/Program Files (x86)/STM32CubeIDE_1.17.0/STM32CubeIDE/plugins/com.st.stm32cube.ide.mcu.externaltools.gnu-tools-for-stm32.12.3.rel1.win32_1.1.0.202410251130/tools/bin/../lib/gcc/arm-none-eabi/12.3.1/../../../../arm-none-eabi/lib/thumb/v7e-m+fp/hard\libm.a
LOAD C:/Program Files (x86)/STM32CubeIDE_1.17.0/STM32CubeIDE/plugins/com.st.stm32cube.ide.mcu.externaltools.gnu-tools-for-stm32.12.3.rel1.win32_1.1.0.202410251130/tools/bin/../lib/gcc/arm-none-eabi/12.3.1/thumb/v7e-m+fp/hard\libgcc.a

.debug_info     0x00000000    0x140d0
 .debug_info    0x00000000     0x14a6 ./Core/Src/main.o
 .debug_info    0x000014a6      0xb47 ./Core/Src/platform.o
 .debug_info    0x00001fed      0xad2 ./Core/Src/stm32g4xx_hal_msp.o
 .debug_info    0x00002abf      0x1de ./Core/Src/stm32g4xx_it.o
 .debug_info    0x00002c9d      0x7ee ./Core/Src/stm32g4xx_nucleo_bus.o
 .debug_info    0x0000348b      0x6a3 ./Core/Src/syscalls.o
 .debug_info    0x00003b2e      0x168 ./Core/Src/sysmem.o
 .debug_info    0x00003c96      0x58e ./Core/Src/system_stm32g4xx.o
 .debug_info    0x00004224       0x30 ./Core/Startup/startup_stm32g491retx.o
 .debug_info    0x00004254     0x12fc ./Drivers/BSP/53L8A1/53L8a1_ranging_sensor.o
 .debug_info    0x00005550     0x1258 ./Drivers/BSP/Components/VL53L8CX_ULD_API/src/vl53l8cx_api.o
 .debug_info    0x000067a8      0x4f4 ./Drivers/BSP/Components/VL53L8CX_ULD_API/src/vl53l8cx_plugin_detection_thresholds.o
 .debug_info    0x00006c9c     0x110d ./Drivers/BSP/Components/VL53L8CX_ULD_API/vl53l8cx.o
 .debug_info    0x00007da9     0x16de ./Drivers/BSP/STM32G4xx_Nucleo/stm32g4xx_nucleo.o
 .debug_info    0x00009487      0xb29 ./Drivers/STM32G4xx_HAL_Driver/Src/stm32g4xx_hal.o
 .debug_info    0x00009fb0      0xd8d ./Drivers/STM32G4xx_HAL_Driver/Src/stm32g4xx_hal_cortex.o
 .debug_info    0x0000ad3d      0x63d ./Drivers/STM32G4xx_HAL_Driver/Src/stm32g4xx_hal_exti.o
 .debug_info    0x0000b37a      0x763 ./Drivers/STM32G4xx_HAL_Driver/Src/stm32g4xx_hal_gpio.o
 .debug_info    0x0000badd      0x93f ./Drivers/STM32G4xx_HAL_Driver/Src/stm32g4xx_hal_pwr_ex.o
 .debug_info    0x0000c41c      0xb82 ./Drivers/STM32G4xx_HAL_Driver/Src/stm32g4xx_hal_rcc.o
 .debug_info    0x0000cf9e     0x1677 ./Drivers/STM32G4xx_HAL_Driver/Src/stm32g4xx_hal_spi.o
 .debug_info    0x0000e615     0x481e ./Drivers/STM32G4xx_HAL_Driver/Src/stm32g4xx_hal_uart.o
 .debug_info    0x00012e33     0x129d ./TOF/App/app_tof.o

.debug_abbrev   0x00000000     0x30c3
 .debug_abbrev  0x00000000      0x34b ./Core/Src/main.o
 .debug_abbrev  0x0000034b      0x204 ./Core/Src/platform.o
 .debug_abbrev  0x0000054f      0x1bd ./Core/Src/stm32g4xx_hal_msp.o
 .debug_abbrev  0x0000070c       0xee ./Core/Src/stm32g4xx_it.o
 .debug_abbrev  0x000007fa      0x1ed ./Core/Src/stm32g4xx_nucleo_bus.o
 .debug_abbrev  0x000009e7      0x1b6 ./Core/Src/syscalls.o
 .debug_abbrev  0x00000b9d       0xbc ./Core/Src/sysmem.o
 .debug_abbrev  0x00000c59      0x11a ./Core/Src/system_stm32g4xx.o
 .debug_abbrev  0x00000d73       0x24 ./Core/Startup/startup_stm32g491retx.o
 .debug_abbrev  0x00000d97      0x2c2 ./Drivers/BSP/53L8A1/53L8a1_ranging_sensor.o
 .debug_abbrev  0x00001059      0x2ae ./Drivers/BSP/Components/VL53L8CX_ULD_API/src/vl53l8cx_api.o
 .debug_abbrev  0x00001307      0x160 ./Drivers/BSP/Components/VL53L8CX_ULD_API/src/vl53l8cx_plugin_detection_thresholds.o
 .debug_abbrev  0x00001467      0x2c8 ./Drivers/BSP/Components/VL53L8CX_ULD_API/vl53l8cx.o
 .debug_abbrev  0x0000172f      0x2fb ./Drivers/BSP/STM32G4xx_Nucleo/stm32g4xx_nucleo.o
 .debug_abbrev  0x00001a2a      0x271 ./Drivers/STM32G4xx_HAL_Driver/Src/stm32g4xx_hal.o
 .debug_abbrev  0x00001c9b      0x31c ./Drivers/STM32G4xx_HAL_Driver/Src/stm32g4xx_hal_cortex.o
 .debug_abbrev  0x00001fb7      0x1a8 ./Drivers/STM32G4xx_HAL_Driver/Src/stm32g4xx_hal_exti.o
 .debug_abbrev  0x0000215f      0x1cb ./Drivers/STM32G4xx_HAL_Driver/Src/stm32g4xx_hal_gpio.o
 .debug_abbrev  0x0000232a      0x22c ./Drivers/STM32G4xx_HAL_Driver/Src/stm32g4xx_hal_pwr_ex.o
 .debug_abbrev  0x00002556      0x2c9 ./Drivers/STM32G4xx_HAL_Driver/Src/stm32g4xx_hal_rcc.o
 .debug_abbrev  0x0000281f      0x25d ./Drivers/STM32G4xx_HAL_Driver/Src/stm32g4xx_hal_spi.o
 .debug_abbrev  0x00002a7c      0x304 ./Drivers/STM32G4xx_HAL_Driver/Src/stm32g4xx_hal_uart.o
 .debug_abbrev  0x00002d80      0x343 ./TOF/App/app_tof.o

.debug_aranges  0x00000000      0xf60
 .debug_aranges
                0x00000000       0x60 ./Core/Src/main.o
 .debug_aranges
                0x00000060       0x50 ./Core/Src/platform.o
 .debug_aranges
                0x000000b0       0x30 ./Core/Src/stm32g4xx_hal_msp.o
 .debug_aranges
                0x000000e0       0x68 ./Core/Src/stm32g4xx_it.o
 .debug_aranges
                0x00000148       0x30 ./Core/Src/stm32g4xx_nucleo_bus.o
 .debug_aranges
                0x00000178       0xa8 ./Core/Src/syscalls.o
 .debug_aranges
                0x00000220       0x20 ./Core/Src/sysmem.o
 .debug_aranges
                0x00000240       0x28 ./Core/Src/system_stm32g4xx.o
 .debug_aranges
                0x00000268       0x28 ./Core/Startup/startup_stm32g491retx.o
 .debug_aranges
                0x00000290       0x58 ./Drivers/BSP/53L8A1/53L8a1_ranging_sensor.o
 .debug_aranges
                0x000002e8      0x110 ./Drivers/BSP/Components/VL53L8CX_ULD_API/src/vl53l8cx_api.o
 .debug_aranges
                0x000003f8       0x48 ./Drivers/BSP/Components/VL53L8CX_ULD_API/src/vl53l8cx_plugin_detection_thresholds.o
 .debug_aranges
                0x00000440       0xa0 ./Drivers/BSP/Components/VL53L8CX_ULD_API/vl53l8cx.o
 .debug_aranges
                0x000004e0       0xc8 ./Drivers/BSP/STM32G4xx_Nucleo/stm32g4xx_nucleo.o
 .debug_aranges
                0x000005a8      0x148 ./Drivers/STM32G4xx_HAL_Driver/Src/stm32g4xx_hal.o
 .debug_aranges
                0x000006f0      0x128 ./Drivers/STM32G4xx_HAL_Driver/Src/stm32g4xx_hal_cortex.o
 .debug_aranges
                0x00000818       0x60 ./Drivers/STM32G4xx_HAL_Driver/Src/stm32g4xx_hal_exti.o
 .debug_aranges
                0x00000878       0x58 ./Drivers/STM32G4xx_HAL_Driver/Src/stm32g4xx_hal_gpio.o
 .debug_aranges
                0x000008d0      0x140 ./Drivers/STM32G4xx_HAL_Driver/Src/stm32g4xx_hal_pwr_ex.o
 .debug_aranges
                0x00000a10       0x98 ./Drivers/STM32G4xx_HAL_Driver/Src/stm32g4xx_hal_rcc.o
 .debug_aranges
                0x00000aa8      0x1d8 ./Drivers/STM32G4xx_HAL_Driver/Src/stm32g4xx_hal_spi.o
 .debug_aranges