../TOF/App/app_tof.c:80:6:MX_TOF_Init	8	static
../TOF/App/app_tof.c:101:6:MX_TOF_Process	8	static
../TOF/App/app_tof.c:131:13:MX_53L8A1_SimpleRanging_Init	24	static
../TOF/App/app_tof.c:171:13:MX_53L8A1_SimpleRanging_Process	16	static
../TOF/App/app_tof.c:266:13:print_result	32	static
../TOF/App/app_tof.c:359:6:save_useful_data	24	static
../TOF/App/app_tof.c:376:6:print_useful_data_txt	32	static
../TOF/App/app_tof.c:416:6:print_useful_data	56	static
../TOF/App/app_tof.c:480:13:toggle_resolution	8	static
../TOF/App/app_tof.c:510:13:toggle_signal_and_ambient	8	static
../TOF/App/app_tof.c:521:13:clear_screen	8	static
../TOF/App/app_tof.c:526:13:display_commands_banner	8	static
../TOF/App/app_tof.c:541:13:handle_cmd	16	static
../TOF/App/app_tof.c:564:16:get_key	16	static
../TOF/App/app_tof.c:573:17:com_has_data	4	static
../TOF/App/app_tof.c:578:6:BSP_PB_Callback	16	static
