21:57:41 **** Incremental Build of configuration Debug for project SPI_Sandra2 ****
make -j8 all 
arm-none-eabi-gcc "../Drivers/BSP/Components/VL53L8CX_ULD_API/src/vl53l8cx_api.c" -mcpu=cortex-m4 -std=gnu11 -g3 -DDEBUG -DUSE_NUCLEO_64 -DUSE_HAL_DRIVER -DSTM32G491xx -c -I../Core/Inc -I../Drivers/STM32G4xx_HAL_Driver/Inc -I../Drivers/STM32G4xx_HAL_Driver/Inc/Legacy -I../Drivers/BSP/STM32G4xx_Nucleo -I../Drivers/CMSIS/Device/ST/STM32G4xx/Include -I../Drivers/CMSIS/Include -I"C:/Users/AS000053/Desktop/Workspace_STM32/F401_53L8/SPI_Sandra/SPI_Sandra2/Core" -I"C:/Users/AS000053/Desktop/Workspace_STM32/F401_53L8/SPI_Sandra/SPI_Sandra2/Core/Inc" -I"C:/Users/AS000053/Desktop/Workspace_STM32/F401_53L8/SPI_Sandra/SPI_Sandra2/Core/Src" -I"C:/Users/AS000053/Desktop/Workspace_STM32/F401_53L8/SPI_Sandra/SPI_Sandra2/Core/Startup" -I"C:/Users/AS000053/Desktop/Workspace_STM32/F401_53L8/SPI_Sandra/SPI_Sandra2/Drivers/BSP/Components/VL53L8CX_ULD_API/inc" -I"C:/Users/AS000053/Desktop/Workspace_STM32/F401_53L8/SPI_Sandra/SPI_Sandra2/Drivers/BSP/Components/VL53L8CX_ULD_API/src" -O0 -ffunction-sections -fdata-sections -Wall -fstack-usage -fcyclomatic-complexity -MMD -MP -MF"Drivers/BSP/Components/VL53L8CX_ULD_API/src/vl53l8cx_api.d" -MT"Drivers/BSP/Components/VL53L8CX_ULD_API/src/vl53l8cx_api.o" --specs=nano.specs -mfpu=fpv4-sp-d16 -mfloat-abi=hard -mthumb -o "Drivers/BSP/Components/VL53L8CX_ULD_API/src/vl53l8cx_api.o"
arm-none-eabi-gcc "../Drivers/BSP/Components/VL53L8CX_ULD_API/src/vl53l8cx_plugin_detection_thresholds.c" -mcpu=cortex-m4 -std=gnu11 -g3 -DDEBUG -DUSE_NUCLEO_64 -DUSE_HAL_DRIVER -DSTM32G491xx -c -I../Core/Inc -I../Drivers/STM32G4xx_HAL_Driver/Inc -I../Drivers/STM32G4xx_HAL_Driver/Inc/Legacy -I../Drivers/BSP/STM32G4xx_Nucleo -I../Drivers/CMSIS/Device/ST/STM32G4xx/Include -I../Drivers/CMSIS/Include -I"C:/Users/AS000053/Desktop/Workspace_STM32/F401_53L8/SPI_Sandra/SPI_Sandra2/Core" -I"C:/Users/AS000053/Desktop/Workspace_STM32/F401_53L8/SPI_Sandra/SPI_Sandra2/Core/Inc" -I"C:/Users/AS000053/Desktop/Workspace_STM32/F401_53L8/SPI_Sandra/SPI_Sandra2/Core/Src" -I"C:/Users/AS000053/Desktop/Workspace_STM32/F401_53L8/SPI_Sandra/SPI_Sandra2/Core/Startup" -I"C:/Users/AS000053/Desktop/Workspace_STM32/F401_53L8/SPI_Sandra/SPI_Sandra2/Drivers/BSP/Components/VL53L8CX_ULD_API/inc" -I"C:/Users/AS000053/Desktop/Workspace_STM32/F401_53L8/SPI_Sandra/SPI_Sandra2/Drivers/BSP/Components/VL53L8CX_ULD_API/src" -O0 -ffunction-sections -fdata-sections -Wall -fstack-usage -fcyclomatic-complexity -MMD -MP -MF"Drivers/BSP/Components/VL53L8CX_ULD_API/src/vl53l8cx_plugin_detection_thresholds.d" -MT"Drivers/BSP/Components/VL53L8CX_ULD_API/src/vl53l8cx_plugin_detection_thresholds.o" --specs=nano.specs -mfpu=fpv4-sp-d16 -mfloat-abi=hard -mthumb -o "Drivers/BSP/Components/VL53L8CX_ULD_API/src/vl53l8cx_plugin_detection_thresholds.o"
arm-none-eabi-gcc "../Drivers/BSP/Components/VL53L8CX_ULD_API/src/vl53l8cx_plugin_motion_indicator.c" -mcpu=cortex-m4 -std=gnu11 -g3 -DDEBUG -DUSE_NUCLEO_64 -DUSE_HAL_DRIVER -DSTM32G491xx -c -I../Core/Inc -I../Drivers/STM32G4xx_HAL_Driver/Inc -I../Drivers/STM32G4xx_HAL_Driver/Inc/Legacy -I../Drivers/BSP/STM32G4xx_Nucleo -I../Drivers/CMSIS/Device/ST/STM32G4xx/Include -I../Drivers/CMSIS/Include -I"C:/Users/AS000053/Desktop/Workspace_STM32/F401_53L8/SPI_Sandra/SPI_Sandra2/Core" -I"C:/Users/AS000053/Desktop/Workspace_STM32/F401_53L8/SPI_Sandra/SPI_Sandra2/Core/Inc" -I"C:/Users/AS000053/Desktop/Workspace_STM32/F401_53L8/SPI_Sandra/SPI_Sandra2/Core/Src" -I"C:/Users/AS000053/Desktop/Workspace_STM32/F401_53L8/SPI_Sandra/SPI_Sandra2/Core/Startup" -I"C:/Users/AS000053/Desktop/Workspace_STM32/F401_53L8/SPI_Sandra/SPI_Sandra2/Drivers/BSP/Components/VL53L8CX_ULD_API/inc" -I"C:/Users/AS000053/Desktop/Workspace_STM32/F401_53L8/SPI_Sandra/SPI_Sandra2/Drivers/BSP/Components/VL53L8CX_ULD_API/src" -O0 -ffunction-sections -fdata-sections -Wall -fstack-usage -fcyclomatic-complexity -MMD -MP -MF"Drivers/BSP/Components/VL53L8CX_ULD_API/src/vl53l8cx_plugin_motion_indicator.d" -MT"Drivers/BSP/Components/VL53L8CX_ULD_API/src/vl53l8cx_plugin_motion_indicator.o" --specs=nano.specs -mfpu=fpv4-sp-d16 -mfloat-abi=hard -mthumb -o "Drivers/BSP/Components/VL53L8CX_ULD_API/src/vl53l8cx_plugin_motion_indicator.o"
arm-none-eabi-gcc "../Drivers/BSP/Components/VL53L8CX_ULD_API/src/vl53l8cx_plugin_xtalk.c" -mcpu=cortex-m4 -std=gnu11 -g3 -DDEBUG -DUSE_NUCLEO_64 -DUSE_HAL_DRIVER -DSTM32G491xx -c -I../Core/Inc -I../Drivers/STM32G4xx_HAL_Driver/Inc -I../Drivers/STM32G4xx_HAL_Driver/Inc/Legacy -I../Drivers/BSP/STM32G4xx_Nucleo -I../Drivers/CMSIS/Device/ST/STM32G4xx/Include -I../Drivers/CMSIS/Include -I"C:/Users/AS000053/Desktop/Workspace_STM32/F401_53L8/SPI_Sandra/SPI_Sandra2/Core" -I"C:/Users/AS000053/Desktop/Workspace_STM32/F401_53L8/SPI_Sandra/SPI_Sandra2/Core/Inc" -I"C:/Users/AS000053/Desktop/Workspace_STM32/F401_53L8/SPI_Sandra/SPI_Sandra2/Core/Src" -I"C:/Users/AS000053/Desktop/Workspace_STM32/F401_53L8/SPI_Sandra/SPI_Sandra2/Core/Startup" -I"C:/Users/AS000053/Desktop/Workspace_STM32/F401_53L8/SPI_Sandra/SPI_Sandra2/Drivers/BSP/Components/VL53L8CX_ULD_API/inc" -I"C:/Users/AS000053/Desktop/Workspace_STM32/F401_53L8/SPI_Sandra/SPI_Sandra2/Drivers/BSP/Components/VL53L8CX_ULD_API/src" -O0 -ffunction-sections -fdata-sections -Wall -fstack-usage -fcyclomatic-complexity -MMD -MP -MF"Drivers/BSP/Components/VL53L8CX_ULD_API/src/vl53l8cx_plugin_xtalk.d" -MT"Drivers/BSP/Components/VL53L8CX_ULD_API/src/vl53l8cx_plugin_xtalk.o" --specs=nano.specs -mfpu=fpv4-sp-d16 -mfloat-abi=hard -mthumb -o "Drivers/BSP/Components/VL53L8CX_ULD_API/src/vl53l8cx_plugin_xtalk.o"
arm-none-eabi-gcc "../Core/Src/main.c" -mcpu=cortex-m4 -std=gnu11 -g3 -DDEBUG -DUSE_NUCLEO_64 -DUSE_HAL_DRIVER -DSTM32G491xx -c -I../Core/Inc -I../Drivers/STM32G4xx_HAL_Driver/Inc -I../Drivers/STM32G4xx_HAL_Driver/Inc/Legacy -I../Drivers/BSP/STM32G4xx_Nucleo -I../Drivers/CMSIS/Device/ST/STM32G4xx/Include -I../Drivers/CMSIS/Include -I"C:/Users/AS000053/Desktop/Workspace_STM32/F401_53L8/SPI_Sandra/SPI_Sandra2/Core" -I"C:/Users/AS000053/Desktop/Workspace_STM32/F401_53L8/SPI_Sandra/SPI_Sandra2/Core/Inc" -I"C:/Users/AS000053/Desktop/Workspace_STM32/F401_53L8/SPI_Sandra/SPI_Sandra2/Core/Src" -I"C:/Users/AS000053/Desktop/Workspace_STM32/F401_53L8/SPI_Sandra/SPI_Sandra2/Core/Startup" -I"C:/Users/AS000053/Desktop/Workspace_STM32/F401_53L8/SPI_Sandra/SPI_Sandra2/Drivers/BSP/Components/VL53L8CX_ULD_API/inc" -I"C:/Users/AS000053/Desktop/Workspace_STM32/F401_53L8/SPI_Sandra/SPI_Sandra2/Drivers/BSP/Components/VL53L8CX_ULD_API/src" -O0 -ffunction-sections -fdata-sections -Wall -fstack-usage -fcyclomatic-complexity -MMD -MP -MF"Core/Src/main.d" -MT"Core/Src/main.o" --specs=nano.specs -mfpu=fpv4-sp-d16 -mfloat-abi=hard -mthumb -o "Core/Src/main.o"
arm-none-eabi-gcc "../Core/Src/platform.c" -mcpu=cortex-m4 -std=gnu11 -g3 -DDEBUG -DUSE_NUCLEO_64 -DUSE_HAL_DRIVER -DSTM32G491xx -c -I../Core/Inc -I../Drivers/STM32G4xx_HAL_Driver/Inc -I../Drivers/STM32G4xx_HAL_Driver/Inc/Legacy -I../Drivers/BSP/STM32G4xx_Nucleo -I../Drivers/CMSIS/Device/ST/STM32G4xx/Include -I../Drivers/CMSIS/Include -I"C:/Users/AS000053/Desktop/Workspace_STM32/F401_53L8/SPI_Sandra/SPI_Sandra2/Core" -I"C:/Users/AS000053/Desktop/Workspace_STM32/F401_53L8/SPI_Sandra/SPI_Sandra2/Core/Inc" -I"C:/Users/AS000053/Desktop/Workspace_STM32/F401_53L8/SPI_Sandra/SPI_Sandra2/Core/Src" -I"C:/Users/AS000053/Desktop/Workspace_STM32/F401_53L8/SPI_Sandra/SPI_Sandra2/Core/Startup" -I"C:/Users/AS000053/Desktop/Workspace_STM32/F401_53L8/SPI_Sandra/SPI_Sandra2/Drivers/BSP/Components/VL53L8CX_ULD_API/inc" -I"C:/Users/AS000053/Desktop/Workspace_STM32/F401_53L8/SPI_Sandra/SPI_Sandra2/Drivers/BSP/Components/VL53L8CX_ULD_API/src" -O0 -ffunction-sections -fdata-sections -Wall -fstack-usage -fcyclomatic-complexity -MMD -MP -MF"Core/Src/platform.d" -MT"Core/Src/platform.o" --specs=nano.specs -mfpu=fpv4-sp-d16 -mfloat-abi=hard -mthumb -o "Core/Src/platform.o"
arm-none-eabi-gcc "../Core/Src/stm32g4xx_hal_msp.c" -mcpu=cortex-m4 -std=gnu11 -g3 -DDEBUG -DUSE_NUCLEO_64 -DUSE_HAL_DRIVER -DSTM32G491xx -c -I../Core/Inc -I../Drivers/STM32G4xx_HAL_Driver/Inc -I../Drivers/STM32G4xx_HAL_Driver/Inc/Legacy -I../Drivers/BSP/STM32G4xx_Nucleo -I../Drivers/CMSIS/Device/ST/STM32G4xx/Include -I../Drivers/CMSIS/Include -I"C:/Users/AS000053/Desktop/Workspace_STM32/F401_53L8/SPI_Sandra/SPI_Sandra2/Core" -I"C:/Users/AS000053/Desktop/Workspace_STM32/F401_53L8/SPI_Sandra/SPI_Sandra2/Core/Inc" -I"C:/Users/AS000053/Desktop/Workspace_STM32/F401_53L8/SPI_Sandra/SPI_Sandra2/Core/Src" -I"C:/Users/AS000053/Desktop/Workspace_STM32/F401_53L8/SPI_Sandra/SPI_Sandra2/Core/Startup" -I"C:/Users/AS000053/Desktop/Workspace_STM32/F401_53L8/SPI_Sandra/SPI_Sandra2/Drivers/BSP/Components/VL53L8CX_ULD_API/inc" -I"C:/Users/AS000053/Desktop/Workspace_STM32/F401_53L8/SPI_Sandra/SPI_Sandra2/Drivers/BSP/Components/VL53L8CX_ULD_API/src" -O0 -ffunction-sections -fdata-sections -Wall -fstack-usage -fcyclomatic-complexity -MMD -MP -MF"Core/Src/stm32g4xx_hal_msp.d" -MT"Core/Src/stm32g4xx_hal_msp.o" --specs=nano.specs -mfpu=fpv4-sp-d16 -mfloat-abi=hard -mthumb -o "Core/Src/stm32g4xx_hal_msp.o"
arm-none-eabi-gcc "../Core/Src/stm32g4xx_it.c" -mcpu=cortex-m4 -std=gnu11 -g3 -DDEBUG -DUSE_NUCLEO_64 -DUSE_HAL_DRIVER -DSTM32G491xx -c -I../Core/Inc -I../Drivers/STM32G4xx_HAL_Driver/Inc -I../Drivers/STM32G4xx_HAL_Driver/Inc/Legacy -I../Drivers/BSP/STM32G4xx_Nucleo -I../Drivers/CMSIS/Device/ST/STM32G4xx/Include -I../Drivers/CMSIS/Include -I"C:/Users/AS000053/Desktop/Workspace_STM32/F401_53L8/SPI_Sandra/SPI_Sandra2/Core" -I"C:/Users/AS000053/Desktop/Workspace_STM32/F401_53L8/SPI_Sandra/SPI_Sandra2/Core/Inc" -I"C:/Users/AS000053/Desktop/Workspace_STM32/F401_53L8/SPI_Sandra/SPI_Sandra2/Core/Src" -I"C:/Users/AS000053/Desktop/Workspace_STM32/F401_53L8/SPI_Sandra/SPI_Sandra2/Core/Startup" -I"C:/Users/AS000053/Desktop/Workspace_STM32/F401_53L8/SPI_Sandra/SPI_Sandra2/Drivers/BSP/Components/VL53L8CX_ULD_API/inc" -I"C:/Users/AS000053/Desktop/Workspace_STM32/F401_53L8/SPI_Sandra/SPI_Sandra2/Drivers/BSP/Components/VL53L8CX_ULD_API/src" -O0 -ffunction-sections -fdata-sections -Wall -fstack-usage -fcyclomatic-complexity -MMD -MP -MF"Core/Src/stm32g4xx_it.d" -MT"Core/Src/stm32g4xx_it.o" --specs=nano.specs -mfpu=fpv4-sp-d16 -mfloat-abi=hard -mthumb -o "Core/Src/stm32g4xx_it.o"
In file included from ../Core/Inc/stm32g4xx_hal_conf.h:216,
                 from ../Drivers/STM32G4xx_HAL_Driver/Inc/stm32g4xx_hal.h:29,
                 from ../Core/Inc/main.h:30,
                 from ../Core/Src/stm32g4xx_it.c:21:
../Core/Src/stm32g4xx_it.c: In function 'EXTI15_10_IRQHandler':
../Drivers/STM32G4xx_HAL_Driver/Inc/stm32g4xx_hal_gpio.h:97:36: warning: passing argument 1 of 'HAL_EXTI_IRQHandler' makes pointer from integer without a cast [-Wint-conversion]
   97 | #define GPIO_PIN_13                ((uint16_t)0x2000)  /* Pin 13 selected   */
      |                                    ^~~~~~~~~~~~~~~~~~
      |                                    |
      |                                    short unsigned int
../Core/Src/stm32g4xx_it.c:211:29: note: in expansion of macro 'GPIO_PIN_13'
  211 |         HAL_EXTI_IRQHandler(GPIO_PIN_13);
      |                             ^~~~~~~~~~~
In file included from ../Core/Inc/stm32g4xx_hal_conf.h:252:
../Drivers/STM32G4xx_HAL_Driver/Inc/stm32g4xx_hal_exti.h:289:59: note: expected 'EXTI_HandleTypeDef *' but argument is of type 'short unsigned int'
  289 | void              HAL_EXTI_IRQHandler(EXTI_HandleTypeDef *hexti);
      |                                       ~~~~~~~~~~~~~~~~~~~~^~~~~
../Core/Src/main.c: In function 'main':
../Core/Src/main.c:208:9: warning: implicit declaration of function 'get_data_by_polling' [-Wimplicit-function-declaration]
  208 |         get_data_by_polling(&Dev);
      |         ^~~~~~~~~~~~~~~~~~~
../Core/Src/main.c:214:17: warning: implicit declaration of function 'get_data_by_interrupt' [-Wimplicit-function-declaration]
  214 |                 get_data_by_interrupt(&Dev);
      |                 ^~~~~~~~~~~~~~~~~~~~~
../Core/Src/main.c: At top level:
../Core/Src/main.c:408:6: warning: conflicting types for 'get_data_by_interrupt'; have 'void(VL53L8CX_Configuration *)'
  408 | void get_data_by_interrupt(VL53L8CX_Configuration *p_dev){
      |      ^~~~~~~~~~~~~~~~~~~~~
../Core/Src/main.c:214:17: note: previous implicit declaration of 'get_data_by_interrupt' with type 'void(VL53L8CX_Configuration *)'
  214 |                 get_data_by_interrupt(&Dev);
      |                 ^~~~~~~~~~~~~~~~~~~~~
../Core/Src/main.c:439:6: warning: conflicting types for 'get_data_by_polling'; have 'void(VL53L8CX_Configuration *)'
  439 | void get_data_by_polling(VL53L8CX_Configuration *p_dev){
      |      ^~~~~~~~~~~~~~~~~~~
../Core/Src/main.c:208:9: note: previous implicit declaration of 'get_data_by_polling' with type 'void(VL53L8CX_Configuration *)'
  208 |         get_data_by_polling(&Dev);
      |         ^~~~~~~~~~~~~~~~~~~
arm-none-eabi-gcc -o "SPI_Sandra2.elf" @"objects.list"   -mcpu=cortex-m4 -T"C:\Users\AS000053\Desktop\Workspace_STM32\F401_53L8\SPI_Sandra\SPI_Sandra2\STM32G491RETX_FLASH.ld" --specs=nosys.specs -Wl,-Map="SPI_Sandra2.map" -Wl,--gc-sections -static --specs=nano.specs -mfpu=fpv4-sp-d16 -mfloat-abi=hard -mthumb -Wl,--start-group -lc -lm -Wl,--end-group
Finished building target: SPI_Sandra2.elf
 
arm-none-eabi-size  SPI_Sandra2.elf 
arm-none-eabi-objdump -h -S SPI_Sandra2.elf  > "SPI_Sandra2.list"
   text	   data	    bss	    dec	    hex	filename
 117948	    124	  39092	 157164	  265ec	SPI_Sandra2.elf
Finished building: default.size.stdout
 
Finished building: SPI_Sandra2.list
 
